<?xml version="1.0" encoding="ISO-8859-1" ?>
<link_info>
   <banner>TI ARM Clang Linker PC v4.0.4.LTS</banner>
   <copyright>Copyright (c) 1996-2018 Texas Instruments Incorporated</copyright>
   <command_line>C:\TI\ccs2040\ccs\tools\compiler\ti-cgt-armllvm_4.0.4.LTS\bin\tiarmlnk -IC:\TI\ccs2040\ccs\tools\compiler\ti-cgt-armllvm_4.0.4.LTS\lib -o ECE319K_Lab9H.out -mECE319K_Lab9H.map --heap_size=512 --stack_size=512 -iC:/Users/pani_/OneDrive/Desktop/UT Stuff/Freshman Spring Classes/319H/MSPM0_ValvanoWare/ECE319K_Lab9H/Debug/syscfg -iC:/TI/ccs2040/ccs/tools/compiler/ti-cgt-armllvm_4.0.4.LTS/lib --diag_wrap=off --display_error_number --warn_sections --xml_link_info=ECE319K_Lab9H_linkInfo.xml --rom_model ./Clock.o ./DAC5.o ./LED.o ./Lab9HMain.o ./LaunchPad.o ./SPI.o ./ST7735.o ./SlidePot.o ./SmallFont.o ./TExaS.o ./Timer.o ./test.o ./DuelTanks/Src/Game.o ./DuelTanks/Src/GameUART.o ./DuelTanks/Src/Graphics.o ./DuelTanks/Src/Sound.o ./DuelTanks/Src/SoundData.o ./DuelTanks/Src/Sprites.o ./DuelTanks/Src/StatusLEDs.o ./DuelTanks/Src/Switches.o ./images/pipedreams/PipeSound.o ./ticlang/startup_mspm0g3507_ticlang.o ../mspm0g3507.cmd -lC:/TI/mspm0_sdk_2_06_00_05/source/ti/driverlib/lib/ticlang/m0p/mspm0g1x0x_g3x0x/driverlib.a -llibc.a --start-group -llibc++.a -llibc++abi.a -llibc.a -llibsys.a -llibsysbm.a -llibclang_rt.builtins.a -llibclang_rt.profile.a --end-group --cg_opt_level=0</command_line>
   <link_time>0x69ea6b94</link_time>
   <link_errors>0x0</link_errors>
   <output_file>C:\Users\pani_\OneDrive\Desktop\UT Stuff\Freshman Spring Classes\319H\MSPM0_ValvanoWare\ECE319K_Lab9H\Debug\ECE319K_Lab9H.out</output_file>
   <entry_point>
      <name>_c_int00_noargs</name>
      <address>0x19f1d</address>
   </entry_point>
   <input_file_list>
      <input_file id="fl-1">
         <path>C:\Users\pani_\OneDrive\Desktop\UT Stuff\Freshman Spring Classes\319H\MSPM0_ValvanoWare\ECE319K_Lab9H\Debug\.\</path>
         <kind>object</kind>
         <file>Clock.o</file>
         <name>Clock.o</name>
      </input_file>
      <input_file id="fl-2">
         <path>C:\Users\pani_\OneDrive\Desktop\UT Stuff\Freshman Spring Classes\319H\MSPM0_ValvanoWare\ECE319K_Lab9H\Debug\.\</path>
         <kind>object</kind>
         <file>DAC5.o</file>
         <name>DAC5.o</name>
      </input_file>
      <input_file id="fl-3">
         <path>C:\Users\pani_\OneDrive\Desktop\UT Stuff\Freshman Spring Classes\319H\MSPM0_ValvanoWare\ECE319K_Lab9H\Debug\.\</path>
         <kind>object</kind>
         <file>LED.o</file>
         <name>LED.o</name>
      </input_file>
      <input_file id="fl-4">
         <path>C:\Users\pani_\OneDrive\Desktop\UT Stuff\Freshman Spring Classes\319H\MSPM0_ValvanoWare\ECE319K_Lab9H\Debug\.\</path>
         <kind>object</kind>
         <file>Lab9HMain.o</file>
         <name>Lab9HMain.o</name>
      </input_file>
      <input_file id="fl-5">
         <path>C:\Users\pani_\OneDrive\Desktop\UT Stuff\Freshman Spring Classes\319H\MSPM0_ValvanoWare\ECE319K_Lab9H\Debug\.\</path>
         <kind>object</kind>
         <file>LaunchPad.o</file>
         <name>LaunchPad.o</name>
      </input_file>
      <input_file id="fl-6">
         <path>C:\Users\pani_\OneDrive\Desktop\UT Stuff\Freshman Spring Classes\319H\MSPM0_ValvanoWare\ECE319K_Lab9H\Debug\.\</path>
         <kind>object</kind>
         <file>SPI.o</file>
         <name>SPI.o</name>
      </input_file>
      <input_file id="fl-7">
         <path>C:\Users\pani_\OneDrive\Desktop\UT Stuff\Freshman Spring Classes\319H\MSPM0_ValvanoWare\ECE319K_Lab9H\Debug\.\</path>
         <kind>object</kind>
         <file>ST7735.o</file>
         <name>ST7735.o</name>
      </input_file>
      <input_file id="fl-8">
         <path>C:\Users\pani_\OneDrive\Desktop\UT Stuff\Freshman Spring Classes\319H\MSPM0_ValvanoWare\ECE319K_Lab9H\Debug\.\</path>
         <kind>object</kind>
         <file>SlidePot.o</file>
         <name>SlidePot.o</name>
      </input_file>
      <input_file id="fl-9">
         <path>C:\Users\pani_\OneDrive\Desktop\UT Stuff\Freshman Spring Classes\319H\MSPM0_ValvanoWare\ECE319K_Lab9H\Debug\.\</path>
         <kind>object</kind>
         <file>SmallFont.o</file>
         <name>SmallFont.o</name>
      </input_file>
      <input_file id="fl-a">
         <path>C:\Users\pani_\OneDrive\Desktop\UT Stuff\Freshman Spring Classes\319H\MSPM0_ValvanoWare\ECE319K_Lab9H\Debug\.\</path>
         <kind>object</kind>
         <file>TExaS.o</file>
         <name>TExaS.o</name>
      </input_file>
      <input_file id="fl-b">
         <path>C:\Users\pani_\OneDrive\Desktop\UT Stuff\Freshman Spring Classes\319H\MSPM0_ValvanoWare\ECE319K_Lab9H\Debug\.\</path>
         <kind>object</kind>
         <file>Timer.o</file>
         <name>Timer.o</name>
      </input_file>
      <input_file id="fl-c">
         <path>C:\Users\pani_\OneDrive\Desktop\UT Stuff\Freshman Spring Classes\319H\MSPM0_ValvanoWare\ECE319K_Lab9H\Debug\.\</path>
         <kind>object</kind>
         <file>test.o</file>
         <name>test.o</name>
      </input_file>
      <input_file id="fl-d">
         <path>C:\Users\pani_\OneDrive\Desktop\UT Stuff\Freshman Spring Classes\319H\MSPM0_ValvanoWare\ECE319K_Lab9H\Debug\.\DuelTanks\Src\</path>
         <kind>object</kind>
         <file>Game.o</file>
         <name>Game.o</name>
      </input_file>
      <input_file id="fl-e">
         <path>C:\Users\pani_\OneDrive\Desktop\UT Stuff\Freshman Spring Classes\319H\MSPM0_ValvanoWare\ECE319K_Lab9H\Debug\.\DuelTanks\Src\</path>
         <kind>object</kind>
         <file>GameUART.o</file>
         <name>GameUART.o</name>
      </input_file>
      <input_file id="fl-f">
         <path>C:\Users\pani_\OneDrive\Desktop\UT Stuff\Freshman Spring Classes\319H\MSPM0_ValvanoWare\ECE319K_Lab9H\Debug\.\DuelTanks\Src\</path>
         <kind>object</kind>
         <file>Graphics.o</file>
         <name>Graphics.o</name>
      </input_file>
      <input_file id="fl-10">
         <path>C:\Users\pani_\OneDrive\Desktop\UT Stuff\Freshman Spring Classes\319H\MSPM0_ValvanoWare\ECE319K_Lab9H\Debug\.\DuelTanks\Src\</path>
         <kind>object</kind>
         <file>Sound.o</file>
         <name>Sound.o</name>
      </input_file>
      <input_file id="fl-11">
         <path>C:\Users\pani_\OneDrive\Desktop\UT Stuff\Freshman Spring Classes\319H\MSPM0_ValvanoWare\ECE319K_Lab9H\Debug\.\DuelTanks\Src\</path>
         <kind>object</kind>
         <file>SoundData.o</file>
         <name>SoundData.o</name>
      </input_file>
      <input_file id="fl-12">
         <path>C:\Users\pani_\OneDrive\Desktop\UT Stuff\Freshman Spring Classes\319H\MSPM0_ValvanoWare\ECE319K_Lab9H\Debug\.\DuelTanks\Src\</path>
         <kind>object</kind>
         <file>Sprites.o</file>
         <name>Sprites.o</name>
      </input_file>
      <input_file id="fl-13">
         <path>C:\Users\pani_\OneDrive\Desktop\UT Stuff\Freshman Spring Classes\319H\MSPM0_ValvanoWare\ECE319K_Lab9H\Debug\.\DuelTanks\Src\</path>
         <kind>object</kind>
         <file>StatusLEDs.o</file>
         <name>StatusLEDs.o</name>
      </input_file>
      <input_file id="fl-14">
         <path>C:\Users\pani_\OneDrive\Desktop\UT Stuff\Freshman Spring Classes\319H\MSPM0_ValvanoWare\ECE319K_Lab9H\Debug\.\DuelTanks\Src\</path>
         <kind>object</kind>
         <file>Switches.o</file>
         <name>Switches.o</name>
      </input_file>
      <input_file id="fl-15">
         <path>C:\Users\pani_\OneDrive\Desktop\UT Stuff\Freshman Spring Classes\319H\MSPM0_ValvanoWare\ECE319K_Lab9H\Debug\.\images\pipedreams\</path>
         <kind>object</kind>
         <file>PipeSound.o</file>
         <name>PipeSound.o</name>
      </input_file>
      <input_file id="fl-16">
         <path>C:\Users\pani_\OneDrive\Desktop\UT Stuff\Freshman Spring Classes\319H\MSPM0_ValvanoWare\ECE319K_Lab9H\Debug\.\ticlang\</path>
         <kind>object</kind>
         <file>startup_mspm0g3507_ticlang.o</file>
         <name>startup_mspm0g3507_ticlang.o</name>
      </input_file>
      <input_file id="fl-22">
         <path>C:\Users\pani_\OneDrive\Desktop\UT Stuff\Freshman Spring Classes\319H\MSPM0_ValvanoWare\ECE319K_Lab9H\Debug\</path>
         <kind>object</kind>
         <file>&lt;internal&gt;</file>
         <name>&lt;internal&gt;</name>
      </input_file>
      <input_file id="fl-39">
         <path>C:\TI\ccs2040\ccs\tools\compiler\ti-cgt-armllvm_4.0.4.LTS\lib\armv6m-ti-none-eabi\c\</path>
         <kind>archive</kind>
         <file>libc.a</file>
         <name>e_sqrtf.c.obj</name>
      </input_file>
      <input_file id="fl-3a">
         <path>C:\TI\ccs2040\ccs\tools\compiler\ti-cgt-armllvm_4.0.4.LTS\lib\armv6m-ti-none-eabi\c\</path>
         <kind>archive</kind>
         <file>libc.a</file>
         <name>fopen.c.obj</name>
      </input_file>
      <input_file id="fl-3b">
         <path>C:\TI\ccs2040\ccs\tools\compiler\ti-cgt-armllvm_4.0.4.LTS\lib\armv6m-ti-none-eabi\c\</path>
         <kind>archive</kind>
         <file>libc.a</file>
         <name>setvbuf.c.obj</name>
      </input_file>
      <input_file id="fl-3c">
         <path>C:\TI\ccs2040\ccs\tools\compiler\ti-cgt-armllvm_4.0.4.LTS\lib\armv6m-ti-none-eabi\c\</path>
         <kind>archive</kind>
         <file>libc.a</file>
         <name>aeabi_portable.c.obj</name>
      </input_file>
      <input_file id="fl-3d">
         <path>C:\TI\ccs2040\ccs\tools\compiler\ti-cgt-armllvm_4.0.4.LTS\lib\armv6m-ti-none-eabi\c\</path>
         <kind>archive</kind>
         <file>libc.a</file>
         <name>exit.c.obj</name>
      </input_file>
      <input_file id="fl-3e">
         <path>C:\TI\ccs2040\ccs\tools\compiler\ti-cgt-armllvm_4.0.4.LTS\lib\armv6m-ti-none-eabi\c\</path>
         <kind>archive</kind>
         <file>libc.a</file>
         <name>_lock.c.obj</name>
      </input_file>
      <input_file id="fl-3f">
         <path>C:\TI\ccs2040\ccs\tools\compiler\ti-cgt-armllvm_4.0.4.LTS\lib\armv6m-ti-none-eabi\c\</path>
         <kind>archive</kind>
         <file>libc.a</file>
         <name>assert.c.obj</name>
      </input_file>
      <input_file id="fl-40">
         <path>C:\TI\ccs2040\ccs\tools\compiler\ti-cgt-armllvm_4.0.4.LTS\lib\armv6m-ti-none-eabi\c\</path>
         <kind>archive</kind>
         <file>libc.a</file>
         <name>defs.c.obj</name>
      </input_file>
      <input_file id="fl-41">
         <path>C:\TI\ccs2040\ccs\tools\compiler\ti-cgt-armllvm_4.0.4.LTS\lib\armv6m-ti-none-eabi\c\</path>
         <kind>archive</kind>
         <file>libc.a</file>
         <name>memory.c.obj</name>
      </input_file>
      <input_file id="fl-42">
         <path>C:\TI\ccs2040\ccs\tools\compiler\ti-cgt-armllvm_4.0.4.LTS\lib\armv6m-ti-none-eabi\c\</path>
         <kind>archive</kind>
         <file>libc.a</file>
         <name>strlen.c.obj</name>
      </input_file>
      <input_file id="fl-43">
         <path>C:\TI\ccs2040\ccs\tools\compiler\ti-cgt-armllvm_4.0.4.LTS\lib\armv6m-ti-none-eabi\c\</path>
         <kind>archive</kind>
         <file>libc.a</file>
         <name>boot_cortex_m.c.obj</name>
      </input_file>
      <input_file id="fl-44">
         <path>C:\TI\ccs2040\ccs\tools\compiler\ti-cgt-armllvm_4.0.4.LTS\lib\armv6m-ti-none-eabi\c\</path>
         <kind>archive</kind>
         <file>libc.a</file>
         <name>mathacl_init.c.obj</name>
      </input_file>
      <input_file id="fl-45">
         <path>C:\TI\ccs2040\ccs\tools\compiler\ti-cgt-armllvm_4.0.4.LTS\lib\armv6m-ti-none-eabi\c\</path>
         <kind>archive</kind>
         <file>libc.a</file>
         <name>autoinit.c.obj</name>
      </input_file>
      <input_file id="fl-46">
         <path>C:\TI\ccs2040\ccs\tools\compiler\ti-cgt-armllvm_4.0.4.LTS\lib\armv6m-ti-none-eabi\c\</path>
         <kind>archive</kind>
         <file>libc.a</file>
         <name>pre_init.c.obj</name>
      </input_file>
      <input_file id="fl-47">
         <path>C:\TI\ccs2040\ccs\tools\compiler\ti-cgt-armllvm_4.0.4.LTS\lib\armv6m-ti-none-eabi\c\</path>
         <kind>archive</kind>
         <file>libc.a</file>
         <name>cpy_tbl.c.obj</name>
      </input_file>
      <input_file id="fl-48">
         <path>C:\TI\ccs2040\ccs\tools\compiler\ti-cgt-armllvm_4.0.4.LTS\lib\armv6m-ti-none-eabi\c\</path>
         <kind>archive</kind>
         <file>libc.a</file>
         <name>copy_zero_init.c.obj</name>
      </input_file>
      <input_file id="fl-49">
         <path>C:\TI\ccs2040\ccs\tools\compiler\ti-cgt-armllvm_4.0.4.LTS\lib\armv6m-ti-none-eabi\c\</path>
         <kind>archive</kind>
         <file>libc.a</file>
         <name>copy_decompress_none.c.obj</name>
      </input_file>
      <input_file id="fl-4a">
         <path>C:\TI\ccs2040\ccs\tools\compiler\ti-cgt-armllvm_4.0.4.LTS\lib\armv6m-ti-none-eabi\c\</path>
         <kind>archive</kind>
         <file>libc.a</file>
         <name>copy_decompress_lzss.c.obj</name>
      </input_file>
      <input_file id="fl-4b">
         <path>C:\TI\ccs2040\ccs\tools\compiler\ti-cgt-armllvm_4.0.4.LTS\lib\armv6m-ti-none-eabi\c\</path>
         <kind>archive</kind>
         <file>libc.a</file>
         <name>sprintf.c.obj</name>
      </input_file>
      <input_file id="fl-4c">
         <path>C:\TI\ccs2040\ccs\tools\compiler\ti-cgt-armllvm_4.0.4.LTS\lib\armv6m-ti-none-eabi\c\</path>
         <kind>archive</kind>
         <file>libc.a</file>
         <name>fclose.c.obj</name>
      </input_file>
      <input_file id="fl-4d">
         <path>C:\TI\ccs2040\ccs\tools\compiler\ti-cgt-armllvm_4.0.4.LTS\lib\armv6m-ti-none-eabi\c\</path>
         <kind>archive</kind>
         <file>libc.a</file>
         <name>fflush.c.obj</name>
      </input_file>
      <input_file id="fl-4e">
         <path>C:\TI\ccs2040\ccs\tools\compiler\ti-cgt-armllvm_4.0.4.LTS\lib\armv6m-ti-none-eabi\c\</path>
         <kind>archive</kind>
         <file>libc.a</file>
         <name>fputs.c.obj</name>
      </input_file>
      <input_file id="fl-4f">
         <path>C:\TI\ccs2040\ccs\tools\compiler\ti-cgt-armllvm_4.0.4.LTS\lib\armv6m-ti-none-eabi\c\</path>
         <kind>archive</kind>
         <file>libc.a</file>
         <name>_io_perm.c.obj</name>
      </input_file>
      <input_file id="fl-50">
         <path>C:\TI\ccs2040\ccs\tools\compiler\ti-cgt-armllvm_4.0.4.LTS\lib\armv6m-ti-none-eabi\c\</path>
         <kind>archive</kind>
         <file>libc.a</file>
         <name>args_main.c.obj</name>
      </input_file>
      <input_file id="fl-51">
         <path>C:\TI\ccs2040\ccs\tools\compiler\ti-cgt-armllvm_4.0.4.LTS\lib\armv6m-ti-none-eabi\c\</path>
         <kind>archive</kind>
         <file>libc.a</file>
         <name>_printfi.c.obj</name>
      </input_file>
      <input_file id="fl-52">
         <path>C:\TI\ccs2040\ccs\tools\compiler\ti-cgt-armllvm_4.0.4.LTS\lib\armv6m-ti-none-eabi\c\</path>
         <kind>archive</kind>
         <file>libc.a</file>
         <name>fseek.c.obj</name>
      </input_file>
      <input_file id="fl-53">
         <path>C:\TI\ccs2040\ccs\tools\compiler\ti-cgt-armllvm_4.0.4.LTS\lib\armv6m-ti-none-eabi\c\</path>
         <kind>archive</kind>
         <file>libc.a</file>
         <name>_ltoa.c.obj</name>
      </input_file>
      <input_file id="fl-54">
         <path>C:\TI\ccs2040\ccs\tools\compiler\ti-cgt-armllvm_4.0.4.LTS\lib\armv6m-ti-none-eabi\c\</path>
         <kind>archive</kind>
         <file>libc.a</file>
         <name>atoi.c.obj</name>
      </input_file>
      <input_file id="fl-55">
         <path>C:\TI\ccs2040\ccs\tools\compiler\ti-cgt-armllvm_4.0.4.LTS\lib\armv6m-ti-none-eabi\c\</path>
         <kind>archive</kind>
         <file>libc.a</file>
         <name>memccpy.c.obj</name>
      </input_file>
      <input_file id="fl-56">
         <path>C:\TI\ccs2040\ccs\tools\compiler\ti-cgt-armllvm_4.0.4.LTS\lib\armv6m-ti-none-eabi\c\</path>
         <kind>archive</kind>
         <file>libc.a</file>
         <name>s_frexp.c.obj</name>
      </input_file>
      <input_file id="fl-57">
         <path>C:\TI\ccs2040\ccs\tools\compiler\ti-cgt-armllvm_4.0.4.LTS\lib\armv6m-ti-none-eabi\c\</path>
         <kind>archive</kind>
         <file>libc.a</file>
         <name>s_scalbn.c.obj</name>
      </input_file>
      <input_file id="fl-58">
         <path>C:\TI\ccs2040\ccs\tools\compiler\ti-cgt-armllvm_4.0.4.LTS\lib\armv6m-ti-none-eabi\c\</path>
         <kind>archive</kind>
         <file>libc.a</file>
         <name>wcslen.c.obj</name>
      </input_file>
      <input_file id="fl-59">
         <path>C:\TI\ccs2040\ccs\tools\compiler\ti-cgt-armllvm_4.0.4.LTS\lib\armv6m-ti-none-eabi\c\</path>
         <kind>archive</kind>
         <file>libc.a</file>
         <name>aeabi_ctype.S.obj</name>
      </input_file>
      <input_file id="fl-f9">
         <path>C:\TI\ccs2040\ccs\tools\compiler\ti-cgt-armllvm_4.0.4.LTS\lib\armv6m-ti-none-eabi\c\</path>
         <kind>archive</kind>
         <file>libsysbm.a</file>
         <name>hostexit.c.obj</name>
      </input_file>
      <input_file id="fl-fa">
         <path>C:\TI\ccs2040\ccs\tools\compiler\ti-cgt-armllvm_4.0.4.LTS\lib\armv6m-ti-none-eabi\c\</path>
         <kind>archive</kind>
         <file>libsysbm.a</file>
         <name>write.c.obj</name>
      </input_file>
      <input_file id="fl-fb">
         <path>C:\TI\ccs2040\ccs\tools\compiler\ti-cgt-armllvm_4.0.4.LTS\lib\armv6m-ti-none-eabi\c\</path>
         <kind>archive</kind>
         <file>libsysbm.a</file>
         <name>host_device.c.obj</name>
      </input_file>
      <input_file id="fl-fc">
         <path>C:\TI\ccs2040\ccs\tools\compiler\ti-cgt-armllvm_4.0.4.LTS\lib\armv6m-ti-none-eabi\c\</path>
         <kind>archive</kind>
         <file>libsysbm.a</file>
         <name>remove.c.obj</name>
      </input_file>
      <input_file id="fl-fd">
         <path>C:\TI\ccs2040\ccs\tools\compiler\ti-cgt-armllvm_4.0.4.LTS\lib\armv6m-ti-none-eabi\c\</path>
         <kind>archive</kind>
         <file>libsysbm.a</file>
         <name>open.c.obj</name>
      </input_file>
      <input_file id="fl-fe">
         <path>C:\TI\ccs2040\ccs\tools\compiler\ti-cgt-armllvm_4.0.4.LTS\lib\armv6m-ti-none-eabi\c\</path>
         <kind>archive</kind>
         <file>libsysbm.a</file>
         <name>lseek.c.obj</name>
      </input_file>
      <input_file id="fl-ff">
         <path>C:\TI\ccs2040\ccs\tools\compiler\ti-cgt-armllvm_4.0.4.LTS\lib\armv6m-ti-none-eabi\c\</path>
         <kind>archive</kind>
         <file>libsysbm.a</file>
         <name>close.c.obj</name>
      </input_file>
      <input_file id="fl-100">
         <path>C:\TI\ccs2040\ccs\tools\compiler\ti-cgt-armllvm_4.0.4.LTS\lib\armv6m-ti-none-eabi\c\</path>
         <kind>archive</kind>
         <file>libsysbm.a</file>
         <name>add_device.c.obj</name>
      </input_file>
      <input_file id="fl-101">
         <path>C:\TI\ccs2040\ccs\tools\compiler\ti-cgt-armllvm_4.0.4.LTS\lib\armv6m-ti-none-eabi\c\</path>
         <kind>archive</kind>
         <file>libsysbm.a</file>
         <name>unlink.c.obj</name>
      </input_file>
      <input_file id="fl-102">
         <path>C:\TI\ccs2040\ccs\tools\compiler\ti-cgt-armllvm_4.0.4.LTS\lib\armv6m-ti-none-eabi\c\</path>
         <kind>archive</kind>
         <file>libsysbm.a</file>
         <name>hostclose.c.obj</name>
      </input_file>
      <input_file id="fl-103">
         <path>C:\TI\ccs2040\ccs\tools\compiler\ti-cgt-armllvm_4.0.4.LTS\lib\armv6m-ti-none-eabi\c\</path>
         <kind>archive</kind>
         <file>libsysbm.a</file>
         <name>hostlseek.c.obj</name>
      </input_file>
      <input_file id="fl-104">
         <path>C:\TI\ccs2040\ccs\tools\compiler\ti-cgt-armllvm_4.0.4.LTS\lib\armv6m-ti-none-eabi\c\</path>
         <kind>archive</kind>
         <file>libsysbm.a</file>
         <name>hostopen.c.obj</name>
      </input_file>
      <input_file id="fl-105">
         <path>C:\TI\ccs2040\ccs\tools\compiler\ti-cgt-armllvm_4.0.4.LTS\lib\armv6m-ti-none-eabi\c\</path>
         <kind>archive</kind>
         <file>libsysbm.a</file>
         <name>hostread.c.obj</name>
      </input_file>
      <input_file id="fl-106">
         <path>C:\TI\ccs2040\ccs\tools\compiler\ti-cgt-armllvm_4.0.4.LTS\lib\armv6m-ti-none-eabi\c\</path>
         <kind>archive</kind>
         <file>libsysbm.a</file>
         <name>hostrename.c.obj</name>
      </input_file>
      <input_file id="fl-107">
         <path>C:\TI\ccs2040\ccs\tools\compiler\ti-cgt-armllvm_4.0.4.LTS\lib\armv6m-ti-none-eabi\c\</path>
         <kind>archive</kind>
         <file>libsysbm.a</file>
         <name>hostunlink.c.obj</name>
      </input_file>
      <input_file id="fl-108">
         <path>C:\TI\ccs2040\ccs\tools\compiler\ti-cgt-armllvm_4.0.4.LTS\lib\armv6m-ti-none-eabi\c\</path>
         <kind>archive</kind>
         <file>libsysbm.a</file>
         <name>hostwrite.c.obj</name>
      </input_file>
      <input_file id="fl-109">
         <path>C:\TI\ccs2040\ccs\tools\compiler\ti-cgt-armllvm_4.0.4.LTS\lib\armv6m-ti-none-eabi\c\</path>
         <kind>archive</kind>
         <file>libsysbm.a</file>
         <name>trgmsg.c.obj</name>
      </input_file>
      <input_file id="fl-10a">
         <path>C:\TI\ccs2040\ccs\tools\compiler\ti-cgt-armllvm_4.0.4.LTS\lib\armv6m-ti-none-eabi\</path>
         <kind>archive</kind>
         <file>libclang_rt.builtins.a</file>
         <name>addsf3.S.obj</name>
      </input_file>
      <input_file id="fl-10b">
         <path>C:\TI\ccs2040\ccs\tools\compiler\ti-cgt-armllvm_4.0.4.LTS\lib\armv6m-ti-none-eabi\</path>
         <kind>archive</kind>
         <file>libclang_rt.builtins.a</file>
         <name>adddf3.S.obj</name>
      </input_file>
      <input_file id="fl-10c">
         <path>C:\TI\ccs2040\ccs\tools\compiler\ti-cgt-armllvm_4.0.4.LTS\lib\armv6m-ti-none-eabi\</path>
         <kind>archive</kind>
         <file>libclang_rt.builtins.a</file>
         <name>muldf3.S.obj</name>
      </input_file>
      <input_file id="fl-10d">
         <path>C:\TI\ccs2040\ccs\tools\compiler\ti-cgt-armllvm_4.0.4.LTS\lib\armv6m-ti-none-eabi\</path>
         <kind>archive</kind>
         <file>libclang_rt.builtins.a</file>
         <name>muldsi3.S.obj</name>
      </input_file>
      <input_file id="fl-10e">
         <path>C:\TI\ccs2040\ccs\tools\compiler\ti-cgt-armllvm_4.0.4.LTS\lib\armv6m-ti-none-eabi\</path>
         <kind>archive</kind>
         <file>libclang_rt.builtins.a</file>
         <name>mulsf3.S.obj</name>
      </input_file>
      <input_file id="fl-10f">
         <path>C:\TI\ccs2040\ccs\tools\compiler\ti-cgt-armllvm_4.0.4.LTS\lib\armv6m-ti-none-eabi\</path>
         <kind>archive</kind>
         <file>libclang_rt.builtins.a</file>
         <name>divdf3.S.obj</name>
      </input_file>
      <input_file id="fl-110">
         <path>C:\TI\ccs2040\ccs\tools\compiler\ti-cgt-armllvm_4.0.4.LTS\lib\armv6m-ti-none-eabi\</path>
         <kind>archive</kind>
         <file>libclang_rt.builtins.a</file>
         <name>fixdfsi.S.obj</name>
      </input_file>
      <input_file id="fl-111">
         <path>C:\TI\ccs2040\ccs\tools\compiler\ti-cgt-armllvm_4.0.4.LTS\lib\armv6m-ti-none-eabi\</path>
         <kind>archive</kind>
         <file>libclang_rt.builtins.a</file>
         <name>fixsfsi.S.obj</name>
      </input_file>
      <input_file id="fl-112">
         <path>C:\TI\ccs2040\ccs\tools\compiler\ti-cgt-armllvm_4.0.4.LTS\lib\armv6m-ti-none-eabi\</path>
         <kind>archive</kind>
         <file>libclang_rt.builtins.a</file>
         <name>floatsidf.S.obj</name>
      </input_file>
      <input_file id="fl-113">
         <path>C:\TI\ccs2040\ccs\tools\compiler\ti-cgt-armllvm_4.0.4.LTS\lib\armv6m-ti-none-eabi\</path>
         <kind>archive</kind>
         <file>libclang_rt.builtins.a</file>
         <name>floatsisf.S.obj</name>
      </input_file>
      <input_file id="fl-114">
         <path>C:\TI\ccs2040\ccs\tools\compiler\ti-cgt-armllvm_4.0.4.LTS\lib\armv6m-ti-none-eabi\</path>
         <kind>archive</kind>
         <file>libclang_rt.builtins.a</file>
         <name>floatunsidf.S.obj</name>
      </input_file>
      <input_file id="fl-115">
         <path>C:\TI\ccs2040\ccs\tools\compiler\ti-cgt-armllvm_4.0.4.LTS\lib\armv6m-ti-none-eabi\</path>
         <kind>archive</kind>
         <file>libclang_rt.builtins.a</file>
         <name>muldi3.S.obj</name>
      </input_file>
      <input_file id="fl-116">
         <path>C:\TI\ccs2040\ccs\tools\compiler\ti-cgt-armllvm_4.0.4.LTS\lib\armv6m-ti-none-eabi\</path>
         <kind>archive</kind>
         <file>libclang_rt.builtins.a</file>
         <name>truncdfsf2.S.obj</name>
      </input_file>
      <input_file id="fl-117">
         <path>C:\TI\ccs2040\ccs\tools\compiler\ti-cgt-armllvm_4.0.4.LTS\lib\armv6m-ti-none-eabi\</path>
         <kind>archive</kind>
         <file>libclang_rt.builtins.a</file>
         <name>aeabi_dcmp.S.obj</name>
      </input_file>
      <input_file id="fl-118">
         <path>C:\TI\ccs2040\ccs\tools\compiler\ti-cgt-armllvm_4.0.4.LTS\lib\armv6m-ti-none-eabi\</path>
         <kind>archive</kind>
         <file>libclang_rt.builtins.a</file>
         <name>aeabi_idivmod.S.obj</name>
      </input_file>
      <input_file id="fl-119">
         <path>C:\TI\ccs2040\ccs\tools\compiler\ti-cgt-armllvm_4.0.4.LTS\lib\armv6m-ti-none-eabi\</path>
         <kind>archive</kind>
         <file>libclang_rt.builtins.a</file>
         <name>aeabi_memcpy.S.obj</name>
      </input_file>
      <input_file id="fl-11a">
         <path>C:\TI\ccs2040\ccs\tools\compiler\ti-cgt-armllvm_4.0.4.LTS\lib\armv6m-ti-none-eabi\</path>
         <kind>archive</kind>
         <file>libclang_rt.builtins.a</file>
         <name>aeabi_memset.S.obj</name>
      </input_file>
      <input_file id="fl-11b">
         <path>C:\TI\ccs2040\ccs\tools\compiler\ti-cgt-armllvm_4.0.4.LTS\lib\armv6m-ti-none-eabi\</path>
         <kind>archive</kind>
         <file>libclang_rt.builtins.a</file>
         <name>aeabi_uidivmod.S.obj</name>
      </input_file>
      <input_file id="fl-11c">
         <path>C:\TI\ccs2040\ccs\tools\compiler\ti-cgt-armllvm_4.0.4.LTS\lib\armv6m-ti-none-eabi\</path>
         <kind>archive</kind>
         <file>libclang_rt.builtins.a</file>
         <name>aeabi_uldivmod.S.obj</name>
      </input_file>
      <input_file id="fl-11d">
         <path>C:\TI\ccs2040\ccs\tools\compiler\ti-cgt-armllvm_4.0.4.LTS\lib\armv6m-ti-none-eabi\</path>
         <kind>archive</kind>
         <file>libclang_rt.builtins.a</file>
         <name>udivmoddi4.S.obj</name>
      </input_file>
      <input_file id="fl-11e">
         <path>C:\TI\ccs2040\ccs\tools\compiler\ti-cgt-armllvm_4.0.4.LTS\lib\armv6m-ti-none-eabi\</path>
         <kind>archive</kind>
         <file>libclang_rt.builtins.a</file>
         <name>ashldi3.S.obj</name>
      </input_file>
      <input_file id="fl-11f">
         <path>C:\TI\ccs2040\ccs\tools\compiler\ti-cgt-armllvm_4.0.4.LTS\lib\armv6m-ti-none-eabi\</path>
         <kind>archive</kind>
         <file>libclang_rt.builtins.a</file>
         <name>comparedf2.c.obj</name>
      </input_file>
      <input_file id="fl-120">
         <path>C:\TI\ccs2040\ccs\tools\compiler\ti-cgt-armllvm_4.0.4.LTS\lib\armv6m-ti-none-eabi\</path>
         <kind>archive</kind>
         <file>libclang_rt.builtins.a</file>
         <name>aeabi_div0.c.obj</name>
      </input_file>
      <input_file id="fl-121">
         <path>C:\TI\ccs2040\ccs\tools\compiler\ti-cgt-armllvm_4.0.4.LTS\lib\armv6m-ti-none-eabi\c\</path>
         <kind>archive</kind>
         <file>libc.a</file>
         <name>getdevice.c.obj</name>
      </input_file>
      <input_file id="fl-122">
         <path>C:\TI\ccs2040\ccs\tools\compiler\ti-cgt-armllvm_4.0.4.LTS\lib\armv6m-ti-none-eabi\c\</path>
         <kind>archive</kind>
         <file>libc.a</file>
         <name>memcpy16.S.obj</name>
      </input_file>
      <input_file id="fl-123">
         <path>C:\TI\ccs2040\ccs\tools\compiler\ti-cgt-armllvm_4.0.4.LTS\lib\armv6m-ti-none-eabi\c\</path>
         <kind>archive</kind>
         <file>libc.a</file>
         <name>memset16.S.obj</name>
      </input_file>
      <input_file id="fl-124">
         <path>C:\TI\ccs2040\ccs\tools\compiler\ti-cgt-armllvm_4.0.4.LTS\lib\armv6m-ti-none-eabi\c\</path>
         <kind>archive</kind>
         <file>libc.a</file>
         <name>strcmp-armv6m.S.obj</name>
      </input_file>
   </input_file_list>
   <object_component_list>
      <object_component id="oc-18">
         <name>.intvecs</name>
         <load_address>0x0</load_address>
         <readonly>true</readonly>
         <run_address>0x0</run_address>
         <size>0xc0</size>
         <alignment>0x4</alignment>
         <input_file_ref idref="fl-16"/>
      </object_component>
      <object_component id="oc-116">
         <name>.text._ZL14State_Gameplayj</name>
         <load_address>0x14050</load_address>
         <readonly>true</readonly>
         <executable>true</executable>
         <run_address>0x14050</run_address>
         <size>0x64c</size>
         <alignment>0x4</alignment>
         <input_file_ref idref="fl-d"/>
      </object_component>
      <object_component id="oc-155">
         <name>.text._ZL10Draw_Rulesv</name>
         <load_address>0x1469c</load_address>
         <readonly>true</readonly>
         <executable>true</executable>
         <run_address>0x1469c</run_address>
         <size>0x52c</size>
         <alignment>0x4</alignment>
         <input_file_ref idref="fl-d"/>
      </object_component>
      <object_component id="oc-178">
         <name>.text._ZL15Update_Missilesv</name>
         <load_address>0x14bc8</load_address>
         <readonly>true</readonly>
         <executable>true</executable>
         <run_address>0x14bc8</run_address>
         <size>0x3ac</size>
         <alignment>0x4</alignment>
         <input_file_ref idref="fl-d"/>
      </object_component>
      <object_component id="oc-17a">
         <name>.text._ZL19Draw_CityBackgroundv</name>
         <load_address>0x14f74</load_address>
         <readonly>true</readonly>
         <executable>true</executable>
         <run_address>0x14f74</run_address>
         <size>0x3a8</size>
         <alignment>0x4</alignment>
         <input_file_ref idref="fl-d"/>
      </object_component>
      <object_component id="oc-2b3">
         <name>.text._ZL10GetBGColorss</name>
         <load_address>0x1531c</load_address>
         <readonly>true</readonly>
         <executable>true</executable>
         <run_address>0x1531c</run_address>
         <size>0x368</size>
         <alignment>0x4</alignment>
         <input_file_ref idref="fl-d"/>
      </object_component>
      <object_component id="oc-14e">
         <name>.text._ZL17SplashAnim_Updatev</name>
         <load_address>0x15684</load_address>
         <readonly>true</readonly>
         <executable>true</executable>
         <run_address>0x15684</run_address>
         <size>0x340</size>
         <alignment>0x4</alignment>
         <input_file_ref idref="fl-d"/>
      </object_component>
      <object_component id="oc-157">
         <name>.text._ZL15Draw_TankSelectv</name>
         <load_address>0x159c4</load_address>
         <readonly>true</readonly>
         <executable>true</executable>
         <run_address>0x159c4</run_address>
         <size>0x280</size>
         <alignment>0x4</alignment>
         <input_file_ref idref="fl-d"/>
      </object_component>
      <object_component id="oc-16c">
         <name>.text._ZL11End_ByTimerv</name>
         <load_address>0x15c44</load_address>
         <readonly>true</readonly>
         <executable>true</executable>
         <run_address>0x15c44</run_address>
         <size>0x268</size>
         <alignment>0x4</alignment>
         <input_file_ref idref="fl-d"/>
      </object_component>
      <object_component id="oc-1d2">
         <name>.text._ZL9DrawRRectsssst</name>
         <load_address>0x15eac</load_address>
         <readonly>true</readonly>
         <executable>true</executable>
         <run_address>0x15eac</run_address>
         <size>0x1de</size>
         <alignment>0x2</alignment>
         <input_file_ref idref="fl-d"/>
      </object_component>
      <object_component id="oc-1a2">
         <name>.text.__aeabi_idiv0</name>
         <load_address>0x1608a</load_address>
         <readonly>true</readonly>
         <executable>true</executable>
         <run_address>0x1608a</run_address>
         <size>0x2</size>
         <alignment>0x2</alignment>
         <input_file_ref idref="fl-120"/>
      </object_component>
      <object_component id="oc-170">
         <name>.text._ZL12Draw_AimLinev</name>
         <load_address>0x1608c</load_address>
         <readonly>true</readonly>
         <executable>true</executable>
         <run_address>0x1608c</run_address>
         <size>0x1d0</size>
         <alignment>0x4</alignment>
         <input_file_ref idref="fl-d"/>
      </object_component>
      <object_component id="oc-15e">
         <name>.text._ZL11Handle_UARTv</name>
         <load_address>0x1625c</load_address>
         <readonly>true</readonly>
         <executable>true</executable>
         <run_address>0x1625c</run_address>
         <size>0x1c4</size>
         <alignment>0x4</alignment>
         <input_file_ref idref="fl-d"/>
      </object_component>
      <object_component id="oc-ec">
         <name>.text._Z15Clock_Init80MHzi</name>
         <load_address>0x16420</load_address>
         <readonly>true</readonly>
         <executable>true</executable>
         <run_address>0x16420</run_address>
         <size>0x1b4</size>
         <alignment>0x4</alignment>
         <input_file_ref idref="fl-1"/>
      </object_component>
      <object_component id="oc-151">
         <name>.text._ZL13Draw_Languagev</name>
         <load_address>0x165d4</load_address>
         <readonly>true</readonly>
         <executable>true</executable>
         <run_address>0x165d4</run_address>
         <size>0x1b0</size>
         <alignment>0x4</alignment>
         <input_file_ref idref="fl-d"/>
      </object_component>
      <object_component id="oc-2b2">
         <name>.text._Z16ST7735_DrawCharSsscssh</name>
         <load_address>0x16784</load_address>
         <readonly>true</readonly>
         <executable>true</executable>
         <run_address>0x16784</run_address>
         <size>0x1a0</size>
         <alignment>0x4</alignment>
         <input_file_ref idref="fl-7"/>
      </object_component>
      <object_component id="oc-169">
         <name>.text._ZL14Enter_Gameplayv</name>
         <load_address>0x16924</load_address>
         <readonly>true</readonly>
         <executable>true</executable>
         <run_address>0x16924</run_address>
         <size>0x164</size>
         <alignment>0x4</alignment>
         <input_file_ref idref="fl-d"/>
      </object_component>
      <object_component id="oc-16d">
         <name>.text._ZL13Erase_AimLinev</name>
         <load_address>0x16a88</load_address>
         <readonly>true</readonly>
         <executable>true</executable>
         <run_address>0x16a88</run_address>
         <size>0x14c</size>
         <alignment>0x4</alignment>
         <input_file_ref idref="fl-d"/>
      </object_component>
      <object_component id="oc-22d">
         <name>.text._Z16GameUART_ReceiveP12GamePacket_t</name>
         <load_address>0x16bd4</load_address>
         <readonly>true</readonly>
         <executable>true</executable>
         <run_address>0x16bd4</run_address>
         <size>0x138</size>
         <alignment>0x4</alignment>
         <input_file_ref idref="fl-e"/>
      </object_component>
      <object_component id="oc-176">
         <name>.text._ZL12Fire_Missilehhb</name>
         <load_address>0x16d0c</load_address>
         <readonly>true</readonly>
         <executable>true</executable>
         <run_address>0x16d0c</run_address>
         <size>0x12c</size>
         <alignment>0x4</alignment>
         <input_file_ref idref="fl-d"/>
      </object_component>
      <object_component id="oc-18a">
         <name>.text._Z12GFX_DrawLinesssst</name>
         <load_address>0x16e38</load_address>
         <readonly>true</readonly>
         <executable>true</executable>
         <run_address>0x16e38</run_address>
         <size>0x11e</size>
         <alignment>0x2</alignment>
         <input_file_ref idref="fl-f"/>
      </object_component>
      <object_component id="oc-254">
         <name>.text._ZL14RestoreTerrainssss</name>
         <load_address>0x16f56</load_address>
         <readonly>true</readonly>
         <executable>true</executable>
         <run_address>0x16f56</run_address>
         <size>0x11c</size>
         <alignment>0x2</alignment>
         <input_file_ref idref="fl-d"/>
      </object_component>
      <object_component id="oc-1b8">
         <name>.text._Z15ST7735_FillRectsssst</name>
         <load_address>0x17074</load_address>
         <readonly>true</readonly>
         <executable>true</executable>
         <run_address>0x17074</run_address>
         <size>0x118</size>
         <alignment>0x4</alignment>
         <input_file_ref idref="fl-7"/>
      </object_component>
      <object_component id="oc-16a">
         <name>.text._ZL11Check_Combov</name>
         <load_address>0x1718c</load_address>
         <readonly>true</readonly>
         <executable>true</executable>
         <run_address>0x1718c</run_address>
         <size>0x110</size>
         <alignment>0x4</alignment>
         <input_file_ref idref="fl-d"/>
      </object_component>
      <object_component id="oc-179">
         <name>.text._ZL17Update_Explosionsv</name>
         <load_address>0x1729c</load_address>
         <readonly>true</readonly>
         <executable>true</executable>
         <run_address>0x1729c</run_address>
         <size>0x110</size>
         <alignment>0x4</alignment>
         <input_file_ref idref="fl-d"/>
      </object_component>
      <object_component id="oc-174">
         <name>.text._ZL14Draw_ChargeBarv</name>
         <load_address>0x173ac</load_address>
         <readonly>true</readonly>
         <executable>true</executable>
         <run_address>0x173ac</run_address>
         <size>0x108</size>
         <alignment>0x4</alignment>
         <input_file_ref idref="fl-d"/>
      </object_component>
      <object_component id="oc-1d1">
         <name>.text._ZL9FillRRectsssst</name>
         <load_address>0x174b4</load_address>
         <readonly>true</readonly>
         <executable>true</executable>
         <run_address>0x174b4</run_address>
         <size>0x100</size>
         <alignment>0x2</alignment>
         <input_file_ref idref="fl-d"/>
      </object_component>
      <object_component id="oc-177">
         <name>.text._ZL11Use_Abilityv</name>
         <load_address>0x175b4</load_address>
         <readonly>true</readonly>
         <executable>true</executable>
         <run_address>0x175b4</run_address>
         <size>0xfc</size>
         <alignment>0x4</alignment>
         <input_file_ref idref="fl-d"/>
      </object_component>
      <object_component id="oc-1c2">
         <name>.text._ZL13SplashRestoressss</name>
         <load_address>0x176b0</load_address>
         <readonly>true</readonly>
         <executable>true</executable>
         <run_address>0x176b0</run_address>
         <size>0xfc</size>
         <alignment>0x4</alignment>
         <input_file_ref idref="fl-d"/>
      </object_component>
      <object_component id="oc-22e">
         <name>.text._ZL14Spawn_Incominghhh</name>
         <load_address>0x177ac</load_address>
         <readonly>true</readonly>
         <executable>true</executable>
         <run_address>0x177ac</run_address>
         <size>0xfc</size>
         <alignment>0x4</alignment>
         <input_file_ref idref="fl-d"/>
      </object_component>
      <object_component id="oc-1b3">
         <name>.text._Z8SPI_Initv</name>
         <load_address>0x178a8</load_address>
         <readonly>true</readonly>
         <executable>true</executable>
         <run_address>0x178a8</run_address>
         <size>0xf8</size>
         <alignment>0x4</alignment>
         <input_file_ref idref="fl-6"/>
      </object_component>
      <object_component id="oc-f5">
         <name>.text._Z18ST7735_SetRotationh</name>
         <load_address>0x179a0</load_address>
         <readonly>true</readonly>
         <executable>true</executable>
         <run_address>0x179a0</run_address>
         <size>0xf4</size>
         <alignment>0x4</alignment>
         <input_file_ref idref="fl-7"/>
      </object_component>
      <object_component id="oc-149">
         <name>.text._ZL11Draw_Splashv</name>
         <load_address>0x17a94</load_address>
         <readonly>true</readonly>
         <executable>true</executable>
         <run_address>0x17a94</run_address>
         <size>0xec</size>
         <alignment>0x4</alignment>
         <input_file_ref idref="fl-d"/>
      </object_component>
      <object_component id="oc-259">
         <name>.text._ZL10DrawSpritessPKtss</name>
         <load_address>0x17b80</load_address>
         <readonly>true</readonly>
         <executable>true</executable>
         <run_address>0x17b80</run_address>
         <size>0xea</size>
         <alignment>0x2</alignment>
         <input_file_ref idref="fl-d"/>
      </object_component>
      <object_component id="oc-1b9">
         <name>.text._ZL13DrawSpriteHUDssPKtss</name>
         <load_address>0x17c6a</load_address>
         <readonly>true</readonly>
         <executable>true</executable>
         <run_address>0x17c6a</run_address>
         <size>0xea</size>
         <alignment>0x2</alignment>
         <input_file_ref idref="fl-d"/>
      </object_component>
      <object_component id="oc-16b">
         <name>.text._ZL13Draw_TimerStrv</name>
         <load_address>0x17d54</load_address>
         <readonly>true</readonly>
         <executable>true</executable>
         <run_address>0x17d54</run_address>
         <size>0xe4</size>
         <alignment>0x4</alignment>
         <input_file_ref idref="fl-d"/>
      </object_component>
      <object_component id="oc-231">
         <name>.text._ZL10Draw_Livesv</name>
         <load_address>0x17e38</load_address>
         <readonly>true</readonly>
         <executable>true</executable>
         <run_address>0x17e38</run_address>
         <size>0xd8</size>
         <alignment>0x4</alignment>
         <input_file_ref idref="fl-d"/>
      </object_component>
      <object_component id="oc-114">
         <name>.text._ZL13State_Waitingj</name>
         <load_address>0x17f10</load_address>
         <readonly>true</readonly>
         <executable>true</executable>
         <run_address>0x17f10</run_address>
         <size>0xd8</size>
         <alignment>0x4</alignment>
         <input_file_ref idref="fl-d"/>
      </object_component>
      <object_component id="oc-2da">
         <name>.text</name>
         <load_address>0x17fe8</load_address>
         <readonly>true</readonly>
         <executable>true</executable>
         <run_address>0x17fe8</run_address>
         <size>0xd8</size>
         <alignment>0x4</alignment>
         <input_file_ref idref="fl-10a"/>
      </object_component>
      <object_component id="oc-160">
         <name>.text._Z12GFX_FillRectsssst</name>
         <load_address>0x180c0</load_address>
         <readonly>true</readonly>
         <executable>true</executable>
         <run_address>0x180c0</run_address>
         <size>0xd0</size>
         <alignment>0x2</alignment>
         <input_file_ref idref="fl-f"/>
      </object_component>
      <object_component id="oc-163">
         <name>.text._ZL14Draw_Countdownh</name>
         <load_address>0x18190</load_address>
         <readonly>true</readonly>
         <executable>true</executable>
         <run_address>0x18190</run_address>
         <size>0xbc</size>
         <alignment>0x4</alignment>
         <input_file_ref idref="fl-d"/>
      </object_component>
      <object_component id="oc-112">
         <name>.text._ZL11State_Rulesj</name>
         <load_address>0x1824c</load_address>
         <readonly>true</readonly>
         <executable>true</executable>
         <run_address>0x1824c</run_address>
         <size>0xb4</size>
         <alignment>0x4</alignment>
         <input_file_ref idref="fl-d"/>
      </object_component>
      <object_component id="oc-113">
         <name>.text._ZL16State_TankSelectj</name>
         <load_address>0x18300</load_address>
         <readonly>true</readonly>
         <executable>true</executable>
         <run_address>0x18300</run_address>
         <size>0xb4</size>
         <alignment>0x4</alignment>
         <input_file_ref idref="fl-d"/>
      </object_component>
      <object_component id="oc-1dd">
         <name>.text._Z12GFX_DrawRectsssst</name>
         <load_address>0x183b4</load_address>
         <readonly>true</readonly>
         <executable>true</executable>
         <run_address>0x183b4</run_address>
         <size>0xae</size>
         <alignment>0x2</alignment>
         <input_file_ref idref="fl-f"/>
      </object_component>
      <object_component id="oc-267">
         <name>.text._ZL11RectOverlapssssssss</name>
         <load_address>0x18462</load_address>
         <readonly>true</readonly>
         <executable>true</executable>
         <run_address>0x18462</run_address>
         <size>0xa8</size>
         <alignment>0x2</alignment>
         <input_file_ref idref="fl-d"/>
      </object_component>
      <object_component id="oc-111">
         <name>.text._ZL14State_Languagej</name>
         <load_address>0x1850c</load_address>
         <readonly>true</readonly>
         <executable>true</executable>
         <run_address>0x1850c</run_address>
         <size>0xa4</size>
         <alignment>0x4</alignment>
         <input_file_ref idref="fl-d"/>
      </object_component>
      <object_component id="oc-132">
         <name>.text._ZL11commandListPKh</name>
         <load_address>0x185b0</load_address>
         <readonly>true</readonly>
         <executable>true</executable>
         <run_address>0x185b0</run_address>
         <size>0xa2</size>
         <alignment>0x2</alignment>
         <input_file_ref idref="fl-7"/>
      </object_component>
      <object_component id="oc-16f">
         <name>.text._ZL9Draw_Tankssbh</name>
         <load_address>0x18654</load_address>
         <readonly>true</readonly>
         <executable>true</executable>
         <run_address>0x18654</run_address>
         <size>0xa0</size>
         <alignment>0x4</alignment>
         <input_file_ref idref="fl-d"/>
      </object_component>
      <object_component id="oc-2c7">
         <name>.text.sqrtf</name>
         <load_address>0x186f4</load_address>
         <readonly>true</readonly>
         <executable>true</executable>
         <run_address>0x186f4</run_address>
         <size>0xa0</size>
         <alignment>0x4</alignment>
         <input_file_ref idref="fl-39"/>
      </object_component>
      <object_component id="oc-10f">
         <name>.text._Z11Switch_Tickv</name>
         <load_address>0x18794</load_address>
         <readonly>true</readonly>
         <executable>true</executable>
         <run_address>0x18794</run_address>
         <size>0x98</size>
         <alignment>0x4</alignment>
         <input_file_ref idref="fl-14"/>
      </object_component>
      <object_component id="oc-f0">
         <name>.text._Z12ST7735_InitR10initRFlags</name>
         <load_address>0x1882c</load_address>
         <readonly>true</readonly>
         <executable>true</executable>
         <run_address>0x1882c</run_address>
         <size>0x98</size>
         <alignment>0x4</alignment>
         <input_file_ref idref="fl-7"/>
      </object_component>
      <object_component id="oc-1dc">
         <name>.text._ZL10sendPackethhh</name>
         <load_address>0x188c4</load_address>
         <readonly>true</readonly>
         <executable>true</executable>
         <run_address>0x188c4</run_address>
         <size>0x98</size>
         <alignment>0x4</alignment>
         <input_file_ref idref="fl-e"/>
      </object_component>
      <object_component id="oc-110">
         <name>.text._ZL12State_Splashj</name>
         <load_address>0x1895c</load_address>
         <readonly>true</readonly>
         <executable>true</executable>
         <run_address>0x1895c</run_address>
         <size>0x90</size>
         <alignment>0x4</alignment>
         <input_file_ref idref="fl-d"/>
      </object_component>
      <object_component id="oc-216">
         <name>.text._ZL7StatBarssht</name>
         <load_address>0x189ec</load_address>
         <readonly>true</readonly>
         <executable>true</executable>
         <run_address>0x189ec</run_address>
         <size>0x90</size>
         <alignment>0x4</alignment>
         <input_file_ref idref="fl-d"/>
      </object_component>
      <object_component id="oc-173">
         <name>.text._ZL11TankGroundYs</name>
         <load_address>0x18a7c</load_address>
         <readonly>true</readonly>
         <executable>true</executable>
         <run_address>0x18a7c</run_address>
         <size>0x8e</size>
         <alignment>0x2</alignment>
         <input_file_ref idref="fl-d"/>
      </object_component>
      <object_component id="oc-ae">
         <name>.text._Z11Switch_Initv</name>
         <load_address>0x18b0c</load_address>
         <readonly>true</readonly>
         <executable>true</executable>
         <run_address>0x18b0c</run_address>
         <size>0x8c</size>
         <alignment>0x4</alignment>
         <input_file_ref idref="fl-14"/>
      </object_component>
      <object_component id="oc-103">
         <name>.text._ZL14UART2_GameInitv</name>
         <load_address>0x18b98</load_address>
         <readonly>true</readonly>
         <executable>true</executable>
         <run_address>0x18b98</run_address>
         <size>0x8c</size>
         <alignment>0x4</alignment>
         <input_file_ref idref="fl-e"/>
      </object_component>
      <object_component id="oc-2d6">
         <name>.text.__mulsf3</name>
         <load_address>0x18c24</load_address>
         <readonly>true</readonly>
         <executable>true</executable>
         <run_address>0x18c24</run_address>
         <size>0x8c</size>
         <alignment>0x4</alignment>
         <input_file_ref idref="fl-10e"/>
      </object_component>
      <object_component id="oc-c4">
         <name>.text._Z11Game_Updatej</name>
         <load_address>0x18cb0</load_address>
         <readonly>true</readonly>
         <executable>true</executable>
         <run_address>0x18cb0</run_address>
         <size>0x88</size>
         <alignment>0x4</alignment>
         <input_file_ref idref="fl-d"/>
      </object_component>
      <object_component id="oc-27c">
         <name>.text._ZL13setAddrWindowhhhh</name>
         <load_address>0x18d38</load_address>
         <readonly>true</readonly>
         <executable>true</executable>
         <run_address>0x18d38</run_address>
         <size>0x88</size>
         <alignment>0x4</alignment>
         <input_file_ref idref="fl-7"/>
      </object_component>
      <object_component id="oc-1de">
         <name>.text._Z14GFX_FillCirclessst</name>
         <load_address>0x18dc0</load_address>
         <readonly>true</readonly>
         <executable>true</executable>
         <run_address>0x18dc0</run_address>
         <size>0x84</size>
         <alignment>0x2</alignment>
         <input_file_ref idref="fl-f"/>
      </object_component>
      <object_component id="oc-148">
         <name>.text._ZL18__NVIC_SetPriority4IRQnj</name>
         <load_address>0x18e44</load_address>
         <readonly>true</readonly>
         <executable>true</executable>
         <run_address>0x18e44</run_address>
         <size>0x84</size>
         <alignment>0x4</alignment>
         <input_file_ref idref="fl-10"/>
      </object_component>
      <object_component id="oc-102">
         <name>.text._ZL14UART1_GameInitv</name>
         <load_address>0x18ec8</load_address>
         <readonly>true</readonly>
         <executable>true</executable>
         <run_address>0x18ec8</run_address>
         <size>0x80</size>
         <alignment>0x4</alignment>
         <input_file_ref idref="fl-e"/>
      </object_component>
      <object_component id="oc-a4">
         <name>.text._Z14LaunchPad_Initv</name>
         <load_address>0x18f48</load_address>
         <readonly>true</readonly>
         <executable>true</executable>
         <run_address>0x18f48</run_address>
         <size>0x7c</size>
         <alignment>0x4</alignment>
         <input_file_ref idref="fl-5"/>
      </object_component>
      <object_component id="oc-115">
         <name>.text._ZL15State_Countdownj</name>
         <load_address>0x18fc4</load_address>
         <readonly>true</readonly>
         <executable>true</executable>
         <run_address>0x18fc4</run_address>
         <size>0x7c</size>
         <alignment>0x4</alignment>
         <input_file_ref idref="fl-d"/>
      </object_component>
      <object_component id="oc-b9">
         <name>.text._ZN8SlidePot4InitEv</name>
         <load_address>0x19040</load_address>
         <readonly>true</readonly>
         <executable>true</executable>
         <run_address>0x19040</run_address>
         <size>0x7c</size>
         <alignment>0x4</alignment>
         <input_file_ref idref="fl-8"/>
      </object_component>
      <object_component id="oc-1c">
         <name>.text:decompress:lzss</name>
         <load_address>0x190bc</load_address>
         <readonly>true</readonly>
         <executable>true</executable>
         <run_address>0x190bc</run_address>
         <size>0x7c</size>
         <alignment>0x4</alignment>
         <input_file_ref idref="fl-4a"/>
      </object_component>
      <object_component id="oc-265">
         <name>.text._ZL15Spawn_Explosionss</name>
         <load_address>0x19138</load_address>
         <readonly>true</readonly>
         <executable>true</executable>
         <run_address>0x19138</run_address>
         <size>0x78</size>
         <alignment>0x4</alignment>
         <input_file_ref idref="fl-d"/>
      </object_component>
      <object_component id="oc-161">
         <name>.text._Z14GFX_DrawStringssPKctth</name>
         <load_address>0x191b0</load_address>
         <readonly>true</readonly>
         <executable>true</executable>
         <run_address>0x191b0</run_address>
         <size>0x74</size>
         <alignment>0x2</alignment>
         <input_file_ref idref="fl-f"/>
      </object_component>
      <object_component id="oc-286">
         <name>.text._Z16ST7735_DrawPixelsst</name>
         <load_address>0x19224</load_address>
         <readonly>true</readonly>
         <executable>true</executable>
         <run_address>0x19224</run_address>
         <size>0x70</size>
         <alignment>0x4</alignment>
         <input_file_ref idref="fl-7"/>
      </object_component>
      <object_component id="oc-164">
         <name>.text._Z10Sound_Beeph</name>
         <load_address>0x19294</load_address>
         <readonly>true</readonly>
         <executable>true</executable>
         <run_address>0x19294</run_address>
         <size>0x68</size>
         <alignment>0x4</alignment>
         <input_file_ref idref="fl-10"/>
      </object_component>
      <object_component id="oc-189">
         <name>.text._Z22GFX_DrawStringCenteredsPKctth</name>
         <load_address>0x192fc</load_address>
         <readonly>true</readonly>
         <executable>true</executable>
         <run_address>0x192fc</run_address>
         <size>0x64</size>
         <alignment>0x2</alignment>
         <input_file_ref idref="fl-f"/>
      </object_component>
      <object_component id="oc-268">
         <name>.text._ZL8Take_Hitss</name>
         <load_address>0x19360</load_address>
         <readonly>true</readonly>
         <executable>true</executable>
         <run_address>0x19360</run_address>
         <size>0x60</size>
         <alignment>0x4</alignment>
         <input_file_ref idref="fl-d"/>
      </object_component>
      <object_component id="oc-1c3">
         <name>.text._Z13GFX_DrawPixelsst</name>
         <load_address>0x193c0</load_address>
         <readonly>true</readonly>
         <executable>true</executable>
         <run_address>0x193c0</run_address>
         <size>0x5a</size>
         <alignment>0x2</alignment>
         <input_file_ref idref="fl-f"/>
      </object_component>
      <object_component id="oc-15b">
         <name>.text._ZL12Draw_Waitingv</name>
         <load_address>0x1941c</load_address>
         <readonly>true</readonly>
         <executable>true</executable>
         <run_address>0x1941c</run_address>
         <size>0x58</size>
         <alignment>0x4</alignment>
         <input_file_ref idref="fl-d"/>
      </object_component>
      <object_component id="oc-25b">
         <name>.text.__aeabi_idivmod</name>
         <load_address>0x19474</load_address>
         <readonly>true</readonly>
         <executable>true</executable>
         <run_address>0x19474</run_address>
         <size>0x56</size>
         <alignment>0x4</alignment>
         <input_file_ref idref="fl-118"/>
      </object_component>
      <object_component id="oc-d8">
         <name>.text:__TI_auto_init_nobinit</name>
         <load_address>0x194cc</load_address>
         <readonly>true</readonly>
         <executable>true</executable>
         <run_address>0x194cc</run_address>
         <size>0x54</size>
         <alignment>0x4</alignment>
         <input_file_ref idref="fl-45"/>
      </object_component>
      <object_component id="oc-38">
         <name>.text.SysTick_Handler</name>
         <load_address>0x19520</load_address>
         <readonly>true</readonly>
         <executable>true</executable>
         <run_address>0x19520</run_address>
         <size>0x50</size>
         <alignment>0x4</alignment>
         <input_file_ref idref="fl-10"/>
      </object_component>
      <object_component id="oc-28a">
         <name>.text._Z10led_togglej</name>
         <load_address>0x19570</load_address>
         <readonly>true</readonly>
         <executable>true</executable>
         <run_address>0x19570</run_address>
         <size>0x50</size>
         <alignment>0x4</alignment>
         <input_file_ref idref="fl-13"/>
      </object_component>
      <object_component id="oc-117">
         <name>.text._ZL9State_Endj</name>
         <load_address>0x195c0</load_address>
         <readonly>true</readonly>
         <executable>true</executable>
         <run_address>0x195c0</run_address>
         <size>0x50</size>
         <alignment>0x4</alignment>
         <input_file_ref idref="fl-d"/>
      </object_component>
      <object_component id="oc-262">
         <name>.text._ZL11FreeMissilev</name>
         <load_address>0x19610</load_address>
         <readonly>true</readonly>
         <executable>true</executable>
         <run_address>0x19610</run_address>
         <size>0x4c</size>
         <alignment>0x4</alignment>
         <input_file_ref idref="fl-d"/>
      </object_component>
      <object_component id="oc-172">
         <name>.text._ZL15Erase_ChargeBarv</name>
         <load_address>0x1965c</load_address>
         <readonly>true</readonly>
         <executable>true</executable>
         <run_address>0x1965c</run_address>
         <size>0x4c</size>
         <alignment>0x4</alignment>
         <input_file_ref idref="fl-d"/>
      </object_component>
      <object_component id="oc-2ac">
         <name>.text._ZL5rxPopPh</name>
         <load_address>0x196a8</load_address>
         <readonly>true</readonly>
         <executable>true</executable>
         <run_address>0x196a8</run_address>
         <size>0x4c</size>
         <alignment>0x4</alignment>
         <input_file_ref idref="fl-e"/>
      </object_component>
      <object_component id="oc-2ba">
         <name>.text._ZL7FreeExpv</name>
         <load_address>0x196f4</load_address>
         <readonly>true</readonly>
         <executable>true</executable>
         <run_address>0x196f4</run_address>
         <size>0x4c</size>
         <alignment>0x4</alignment>
         <input_file_ref idref="fl-d"/>
      </object_component>
      <object_component id="oc-133">
         <name>.text._Z14SPI_OutCommandc</name>
         <load_address>0x19740</load_address>
         <readonly>true</readonly>
         <executable>true</executable>
         <run_address>0x19740</run_address>
         <size>0x48</size>
         <alignment>0x4</alignment>
         <input_file_ref idref="fl-6"/>
      </object_component>
      <object_component id="oc-25a">
         <name>.text._ZL12GetBarrelTipPsS_</name>
         <load_address>0x19788</load_address>
         <readonly>true</readonly>
         <executable>true</executable>
         <run_address>0x19788</run_address>
         <size>0x48</size>
         <alignment>0x4</alignment>
         <input_file_ref idref="fl-d"/>
      </object_component>
      <object_component id="oc-c3">
         <name>.text._ZN8SlidePot2InEv</name>
         <load_address>0x197d0</load_address>
         <readonly>true</readonly>
         <executable>true</executable>
         <run_address>0x197d0</run_address>
         <size>0x48</size>
         <alignment>0x4</alignment>
         <input_file_ref idref="fl-8"/>
      </object_component>
      <object_component id="oc-8b">
         <name>.text.main</name>
         <load_address>0x19818</load_address>
         <readonly>true</readonly>
         <executable>true</executable>
         <run_address>0x19818</run_address>
         <size>0x48</size>
         <alignment>0x4</alignment>
         <input_file_ref idref="fl-4"/>
      </object_component>
      <object_component id="oc-22f">
         <name>.text._Z16GFX_DrawIncomingv</name>
         <load_address>0x19860</load_address>
         <readonly>true</readonly>
         <executable>true</executable>
         <run_address>0x19860</run_address>
         <size>0x44</size>
         <alignment>0x4</alignment>
         <input_file_ref idref="fl-f"/>
      </object_component>
      <object_component id="oc-100">
         <name>.text._Z9DAC5_Initv</name>
         <load_address>0x198a4</load_address>
         <readonly>true</readonly>
         <executable>true</executable>
         <run_address>0x198a4</run_address>
         <size>0x44</size>
         <alignment>0x4</alignment>
         <input_file_ref idref="fl-2"/>
      </object_component>
      <object_component id="oc-14c">
         <name>.text._Z9Switch_Inv</name>
         <load_address>0x198e8</load_address>
         <readonly>true</readonly>
         <executable>true</executable>
         <run_address>0x198e8</run_address>
         <size>0x44</size>
         <alignment>0x4</alignment>
         <input_file_ref idref="fl-14"/>
      </object_component>
      <object_component id="oc-14a">
         <name>.text._ZL12Blink_Promptb</name>
         <load_address>0x1992c</load_address>
         <readonly>true</readonly>
         <executable>true</executable>
         <run_address>0x1992c</run_address>
         <size>0x44</size>
         <alignment>0x4</alignment>
         <input_file_ref idref="fl-d"/>
      </object_component>
      <object_component id="oc-234">
         <name>.text._Z12GFX_DrawCharssctth</name>
         <load_address>0x19970</load_address>
         <readonly>true</readonly>
         <executable>true</executable>
         <run_address>0x19970</run_address>
         <size>0x42</size>
         <alignment>0x2</alignment>
         <input_file_ref idref="fl-f"/>
      </object_component>
      <object_component id="oc-3d">
         <name>.text.TIMG7_IRQHandler</name>
         <load_address>0x199b4</load_address>
         <readonly>true</readonly>
         <executable>true</executable>
         <run_address>0x199b4</run_address>
         <size>0x40</size>
         <alignment>0x4</alignment>
         <input_file_ref idref="fl-a"/>
      </object_component>
      <object_component id="oc-27b">
         <name>.text._Z9SPI_Resetv</name>
         <load_address>0x199f4</load_address>
         <readonly>true</readonly>
         <executable>true</executable>
         <run_address>0x199f4</run_address>
         <size>0x40</size>
         <alignment>0x4</alignment>
         <input_file_ref idref="fl-6"/>
      </object_component>
      <object_component id="oc-261">
         <name>.text._ZL2TYs</name>
         <load_address>0x19a34</load_address>
         <readonly>true</readonly>
         <executable>true</executable>
         <run_address>0x19a34</run_address>
         <size>0x40</size>
         <alignment>0x4</alignment>
         <input_file_ref idref="fl-d"/>
      </object_component>
      <object_component id="oc-2ab">
         <name>.text._ZL6rxPushh</name>
         <load_address>0x19a74</load_address>
         <readonly>true</readonly>
         <executable>true</executable>
         <run_address>0x19a74</run_address>
         <size>0x40</size>
         <alignment>0x4</alignment>
         <input_file_ref idref="fl-e"/>
      </object_component>
      <object_component id="oc-119">
         <name>.text.__aeabi_uidivmod</name>
         <load_address>0x19ab4</load_address>
         <readonly>true</readonly>
         <executable>true</executable>
         <run_address>0x19ab4</run_address>
         <size>0x40</size>
         <alignment>0x4</alignment>
         <input_file_ref idref="fl-11b"/>
      </object_component>
      <object_component id="oc-101">
         <name>.text._Z14SysTick_IntArmjj</name>
         <load_address>0x19af4</load_address>
         <readonly>true</readonly>
         <executable>true</executable>
         <run_address>0x19af4</run_address>
         <size>0x3c</size>
         <alignment>0x4</alignment>
         <input_file_ref idref="fl-10"/>
      </object_component>
      <object_component id="oc-15a">
         <name>.text._ZL16BattleReady_Initv</name>
         <load_address>0x19b30</load_address>
         <readonly>true</readonly>
         <executable>true</executable>
         <run_address>0x19b30</run_address>
         <size>0x3c</size>
         <alignment>0x4</alignment>
         <input_file_ref idref="fl-d"/>
      </object_component>
      <object_component id="oc-28f">
         <name>.text.__floatsisf</name>
         <load_address>0x19b6c</load_address>
         <readonly>true</readonly>
         <executable>true</executable>
         <run_address>0x19b6c</run_address>
         <size>0x3c</size>
         <alignment>0x4</alignment>
         <input_file_ref idref="fl-113"/>
      </object_component>
      <object_component id="oc-2e6">
         <name>.text.__muldsi3</name>
         <load_address>0x19ba8</load_address>
         <readonly>true</readonly>
         <executable>true</executable>
         <run_address>0x19ba8</run_address>
         <size>0x3a</size>
         <alignment>0x4</alignment>
         <input_file_ref idref="fl-10d"/>
      </object_component>
      <object_component id="oc-138">
         <name>.text._Z11SPI_OutDatac</name>
         <load_address>0x19be4</load_address>
         <readonly>true</readonly>
         <executable>true</executable>
         <run_address>0x19be4</run_address>
         <size>0x38</size>
         <alignment>0x4</alignment>
         <input_file_ref idref="fl-6"/>
      </object_component>
      <object_component id="oc-1cd">
         <name>.text._Z11Sound_StartPKhj</name>
         <load_address>0x19c1c</load_address>
         <readonly>true</readonly>
         <executable>true</executable>
         <run_address>0x19c1c</run_address>
         <size>0x38</size>
         <alignment>0x4</alignment>
         <input_file_ref idref="fl-10"/>
      </object_component>
      <object_component id="oc-ed">
         <name>.text._Z15ActivatePortA_Bv</name>
         <load_address>0x19c54</load_address>
         <readonly>true</readonly>
         <executable>true</executable>
         <run_address>0x19c54</run_address>
         <size>0x38</size>
         <alignment>0x4</alignment>
         <input_file_ref idref="fl-5"/>
      </object_component>
      <object_component id="oc-17b">
         <name>.text._Z17GFX_ClearIncomingv</name>
         <load_address>0x19c8c</load_address>
         <readonly>true</readonly>
         <executable>true</executable>
         <run_address>0x19c8c</run_address>
         <size>0x38</size>
         <alignment>0x4</alignment>
         <input_file_ref idref="fl-f"/>
      </object_component>
      <object_component id="oc-294">
         <name>.text.__fixsfsi</name>
         <load_address>0x19cc4</load_address>
         <readonly>true</readonly>
         <executable>true</executable>
         <run_address>0x19cc4</run_address>
         <size>0x38</size>
         <alignment>0x4</alignment>
         <input_file_ref idref="fl-111"/>
      </object_component>
      <object_component id="oc-c5">
         <name>.text._Z14Clock_Delay1msj</name>
         <load_address>0x19cfc</load_address>
         <readonly>true</readonly>
         <executable>true</executable>
         <run_address>0x19cfc</run_address>
         <size>0x34</size>
         <alignment>0x4</alignment>
         <input_file_ref idref="fl-1"/>
      </object_component>
      <object_component id="oc-139">
         <name>.text._Z16ST7735_SetCursorjj</name>
         <load_address>0x19d30</load_address>
         <readonly>true</readonly>
         <executable>true</executable>
         <run_address>0x19d30</run_address>
         <size>0x34</size>
         <alignment>0x4</alignment>
         <input_file_ref idref="fl-7"/>
      </object_component>
      <object_component id="oc-245">
         <name>.text._ZL8Draw_HUDv</name>
         <load_address>0x19d64</load_address>
         <readonly>true</readonly>
         <executable>true</executable>
         <run_address>0x19d64</run_address>
         <size>0x34</size>
         <alignment>0x4</alignment>
         <input_file_ref idref="fl-d"/>
      </object_component>
      <object_component id="oc-266">
         <name>.text._Z17GameUART_SendFirehhh</name>
         <load_address>0x19d98</load_address>
         <readonly>true</readonly>
         <executable>true</executable>
         <run_address>0x19d98</run_address>
         <size>0x32</size>
         <alignment>0x2</alignment>
         <input_file_ref idref="fl-e"/>
      </object_component>
      <object_component id="oc-131">
         <name>.text._ZL10commonInitPKh</name>
         <load_address>0x19dcc</load_address>
         <readonly>true</readonly>
         <executable>true</executable>
         <run_address>0x19dcc</run_address>
         <size>0x30</size>
         <alignment>0x4</alignment>
         <input_file_ref idref="fl-7"/>
      </object_component>
      <object_component id="oc-b3">
         <name>.text._Z10Sound_Initv</name>
         <load_address>0x19dfc</load_address>
         <readonly>true</readonly>
         <executable>true</executable>
         <run_address>0x19dfc</run_address>
         <size>0x2c</size>
         <alignment>0x4</alignment>
         <input_file_ref idref="fl-10"/>
      </object_component>
      <object_component id="oc-13a">
         <name>.text._Z17ST7735_FillScreent</name>
         <load_address>0x19e28</load_address>
         <readonly>true</readonly>
         <executable>true</executable>
         <run_address>0x19e28</run_address>
         <size>0x2c</size>
         <alignment>0x4</alignment>
         <input_file_ref idref="fl-7"/>
      </object_component>
      <object_component id="oc-42">
         <name>.text.TIMG12_IRQHandler</name>
         <load_address>0x19e54</load_address>
         <readonly>true</readonly>
         <executable>true</executable>
         <run_address>0x19e54</run_address>
         <size>0x28</size>
         <alignment>0x4</alignment>
         <input_file_ref idref="fl-4"/>
      </object_component>
      <object_component id="oc-186">
         <name>.text._Z10Sound_Stopv</name>
         <load_address>0x19e7c</load_address>
         <readonly>true</readonly>
         <executable>true</executable>
         <run_address>0x19e7c</run_address>
         <size>0x28</size>
         <alignment>0x4</alignment>
         <input_file_ref idref="fl-10"/>
      </object_component>
      <object_component id="oc-b4">
         <name>.text._Z13GameUART_Initv</name>
         <load_address>0x19ea4</load_address>
         <readonly>true</readonly>
         <executable>true</executable>
         <run_address>0x19ea4</run_address>
         <size>0x28</size>
         <alignment>0x4</alignment>
         <input_file_ref idref="fl-e"/>
      </object_component>
      <object_component id="oc-10c">
         <name>.text._ZL12Enter_Splashv</name>
         <load_address>0x19ecc</load_address>
         <readonly>true</readonly>
         <executable>true</executable>
         <run_address>0x19ecc</run_address>
         <size>0x28</size>
         <alignment>0x4</alignment>
         <input_file_ref idref="fl-d"/>
      </object_component>
      <object_component id="oc-188">
         <name>.text._ZL2GSPKcS0_</name>
         <load_address>0x19ef4</load_address>
         <readonly>true</readonly>
         <executable>true</executable>
         <run_address>0x19ef4</run_address>
         <size>0x28</size>
         <alignment>0x4</alignment>
         <input_file_ref idref="fl-d"/>
      </object_component>
      <object_component id="oc-62">
         <name>.text:_c_int00_noargs</name>
         <load_address>0x19f1c</load_address>
         <readonly>true</readonly>
         <executable>true</executable>
         <run_address>0x19f1c</run_address>
         <size>0x28</size>
         <alignment>0x4</alignment>
         <input_file_ref idref="fl-43"/>
      </object_component>
      <object_component id="oc-150">
         <name>.text._Z11Sound_Clickv</name>
         <load_address>0x19f44</load_address>
         <readonly>true</readonly>
         <executable>true</executable>
         <run_address>0x19f44</run_address>
         <size>0x24</size>
         <alignment>0x4</alignment>
         <input_file_ref idref="fl-10"/>
      </object_component>
      <object_component id="oc-264">
         <name>.text._Z13Sound_Barrierv</name>
         <load_address>0x19f68</load_address>
         <readonly>true</readonly>
         <executable>true</executable>
         <run_address>0x19f68</run_address>
         <size>0x24</size>
         <alignment>0x4</alignment>
         <input_file_ref idref="fl-10"/>
      </object_component>
      <object_component id="oc-230">
         <name>.text._Z14Sound_Incomingv</name>
         <load_address>0x19f8c</load_address>
         <readonly>true</readonly>
         <executable>true</executable>
         <run_address>0x19f8c</run_address>
         <size>0x24</size>
         <alignment>0x4</alignment>
         <input_file_ref idref="fl-10"/>
      </object_component>
      <object_component id="oc-16e">
         <name>.text._ZL10Erase_Tankss</name>
         <load_address>0x19fb0</load_address>
         <readonly>true</readonly>
         <executable>true</executable>
         <run_address>0x19fb0</run_address>
         <size>0x22</size>
         <alignment>0x2</alignment>
         <input_file_ref idref="fl-d"/>
      </object_component>
      <object_component id="oc-6f">
         <name>.text._Z8DAC5_Outj</name>
         <load_address>0x19fd4</load_address>
         <readonly>true</readonly>
         <executable>true</executable>
         <run_address>0x19fd4</run_address>
         <size>0x20</size>
         <alignment>0x4</alignment>
         <input_file_ref idref="fl-2"/>
      </object_component>
      <object_component id="oc-2c3">
         <name>.text._ZL9pushColort</name>
         <load_address>0x19ff4</load_address>
         <readonly>true</readonly>
         <executable>true</executable>
         <run_address>0x19ff4</run_address>
         <size>0x1e</size>
         <alignment>0x2</alignment>
         <input_file_ref idref="fl-7"/>
      </object_component>
      <object_component id="oc-e4">
         <name>.text._ZN8SlidePotC2Ejj</name>
         <load_address>0x1a012</load_address>
         <readonly>true</readonly>
         <executable>true</executable>
         <run_address>0x1a012</run_address>
         <size>0x1e</size>
         <alignment>0x2</alignment>
         <input_file_ref idref="fl-8"/>
      </object_component>
      <object_component id="oc-36">
         <name>.text.Default_Handler</name>
         <load_address>0x1a030</load_address>
         <readonly>true</readonly>
         <executable>true</executable>
         <run_address>0x1a030</run_address>
         <size>0x1c</size>
         <alignment>0x4</alignment>
         <input_file_ref idref="fl-16"/>
      </object_component>
      <object_component id="oc-37">
         <name>.text.HardFault_Handler</name>
         <load_address>0x1a04c</load_address>
         <readonly>true</readonly>
         <executable>true</executable>
         <run_address>0x1a04c</run_address>
         <size>0x1c</size>
         <alignment>0x4</alignment>
         <input_file_ref idref="fl-16"/>
      </object_component>
      <object_component id="oc-171">
         <name>.text._Z11Switch_Heldh</name>
         <load_address>0x1a068</load_address>
         <readonly>true</readonly>
         <executable>true</executable>
         <run_address>0x1a068</run_address>
         <size>0x1c</size>
         <alignment>0x4</alignment>
         <input_file_ref idref="fl-14"/>
      </object_component>
      <object_component id="oc-14f">
         <name>.text._Z14Switch_Pressedh</name>
         <load_address>0x1a084</load_address>
         <readonly>true</readonly>
         <executable>true</executable>
         <run_address>0x1a084</run_address>
         <size>0x1c</size>
         <alignment>0x4</alignment>
         <input_file_ref idref="fl-14"/>
      </object_component>
      <object_component id="oc-175">
         <name>.text._Z15Switch_Releasedh</name>
         <load_address>0x1a0a0</load_address>
         <readonly>true</readonly>
         <executable>true</executable>
         <run_address>0x1a0a0</run_address>
         <size>0x1c</size>
         <alignment>0x4</alignment>
         <input_file_ref idref="fl-14"/>
      </object_component>
      <object_component id="oc-a9">
         <name>.text._Z8GFX_Initv</name>
         <load_address>0x1a0bc</load_address>
         <readonly>true</readonly>
         <executable>true</executable>
         <run_address>0x1a0bc</run_address>
         <size>0x1c</size>
         <alignment>0x4</alignment>
         <input_file_ref idref="fl-f"/>
      </object_component>
      <object_component id="oc-168">
         <name>.text._Z11Sound_Fightv</name>
         <load_address>0x1a0d8</load_address>
         <readonly>true</readonly>
         <executable>true</executable>
         <run_address>0x1a0d8</run_address>
         <size>0x18</size>
         <alignment>0x4</alignment>
         <input_file_ref idref="fl-10"/>
      </object_component>
      <object_component id="oc-263">
         <name>.text._Z11Sound_Shootv</name>
         <load_address>0x1a0f0</load_address>
         <readonly>true</readonly>
         <executable>true</executable>
         <run_address>0x1a0f0</run_address>
         <size>0x18</size>
         <alignment>0x4</alignment>
         <input_file_ref idref="fl-10"/>
      </object_component>
      <object_component id="oc-187">
         <name>.text._Z12Sound_Defeatv</name>
         <load_address>0x1a108</load_address>
         <readonly>true</readonly>
         <executable>true</executable>
         <run_address>0x1a108</run_address>
         <size>0x18</size>
         <alignment>0x4</alignment>
         <input_file_ref idref="fl-10"/>
      </object_component>
      <object_component id="oc-18b">
         <name>.text._Z13Sound_Victoryv</name>
         <load_address>0x1a120</load_address>
         <readonly>true</readonly>
         <executable>true</executable>
         <run_address>0x1a120</run_address>
         <size>0x18</size>
         <alignment>0x4</alignment>
         <input_file_ref idref="fl-10"/>
      </object_component>
      <object_component id="oc-2bb">
         <name>.text._Z15Sound_Explosionv</name>
[...]
         <object_component_ref idref="oc-264"/>
      </symbol>
      <symbol id="sm-395">
         <name>_Z13Sound_Victoryv</name>
         <value>0x1a121</value>
         <object_component_ref idref="oc-18b"/>
      </symbol>
      <symbol id="sm-396">
         <name>_Z12Sound_Defeatv</name>
         <value>0x1a109</value>
         <object_component_ref idref="oc-187"/>
      </symbol>
      <symbol id="sm-397">
         <name>_Z10Sound_Beeph</name>
         <value>0x19295</value>
         <object_component_ref idref="oc-164"/>
      </symbol>
      <symbol id="sm-398">
         <name>_Z11Sound_Fightv</name>
         <value>0x1a0d9</value>
         <object_component_ref idref="oc-168"/>
      </symbol>
      <symbol id="sm-399">
         <name>_Z11Sound_Clickv</name>
         <value>0x19f45</value>
         <object_component_ref idref="oc-150"/>
      </symbol>
      <symbol id="sm-39a">
         <name>_Z14Sound_Incomingv</name>
         <value>0x19f8d</value>
         <object_component_ref idref="oc-230"/>
      </symbol>
      <symbol id="sm-39f">
         <name>Sound_ShootData</name>
         <value>0xc0</value>
         <object_component_ref idref="oc-2b7"/>
      </symbol>
      <symbol id="sm-3a0">
         <name>Sound_ShootLen</name>
         <value>0x1400c</value>
         <object_component_ref idref="oc-2b6"/>
      </symbol>
      <symbol id="sm-3a1">
         <name>iso_shield</name>
         <value>0x658d</value>
         <object_component_ref idref="oc-2b9"/>
      </symbol>
      <symbol id="sm-3a2">
         <name>Sound_iso_shield</name>
         <value>0x14014</value>
         <object_component_ref idref="oc-2b8"/>
      </symbol>
      <symbol id="sm-3a3">
         <name>Sound_ExplosionData</name>
         <value>0xee7b</value>
         <object_component_ref idref="oc-2d5"/>
      </symbol>
      <symbol id="sm-3a4">
         <name>Sound_ExplosionLen</name>
         <value>0x14000</value>
         <object_component_ref idref="oc-2d4"/>
      </symbol>
      <symbol id="sm-3a5">
         <name>Sound_VictoryData</name>
         <value>0xaf9e</value>
         <object_component_ref idref="oc-276"/>
      </symbol>
      <symbol id="sm-3a6">
         <name>Sound_VictoryLen</name>
         <value>0x14010</value>
         <object_component_ref idref="oc-275"/>
      </symbol>
      <symbol id="sm-3a7">
         <name>Sound_DefeatData</name>
         <value>0xd5f0</value>
         <object_component_ref idref="oc-270"/>
      </symbol>
      <symbol id="sm-3a8">
         <name>Sound_DefeatLen</name>
         <value>0x13ffc</value>
         <object_component_ref idref="oc-26f"/>
      </symbol>
      <symbol id="sm-3a9">
         <name>Sound_BeepLowData</name>
         <value>0x1092e</value>
         <object_component_ref idref="oc-23c"/>
      </symbol>
      <symbol id="sm-3aa">
         <name>Sound_BeepLowLen</name>
         <value>0x13ff0</value>
         <object_component_ref idref="oc-23b"/>
      </symbol>
      <symbol id="sm-3ab">
         <name>Sound_BeepMidData</name>
         <value>0x10e59</value>
         <object_component_ref idref="oc-23a"/>
      </symbol>
      <symbol id="sm-3ac">
         <name>Sound_BeepMidLen</name>
         <value>0x13ff4</value>
         <object_component_ref idref="oc-239"/>
      </symbol>
      <symbol id="sm-3ad">
         <name>Sound_BeepHighData</name>
         <value>0x10403</value>
         <object_component_ref idref="oc-23e"/>
      </symbol>
      <symbol id="sm-3ae">
         <name>Sound_BeepHighLen</name>
         <value>0x13fec</value>
         <object_component_ref idref="oc-23d"/>
      </symbol>
      <symbol id="sm-3af">
         <name>Sound_FightData</name>
         <value>0x1187f</value>
         <object_component_ref idref="oc-244"/>
      </symbol>
      <symbol id="sm-3b0">
         <name>Sound_FightLen</name>
         <value>0x14004</value>
         <object_component_ref idref="oc-243"/>
      </symbol>
      <symbol id="sm-3b1">
         <name>Sound_ClickData</name>
         <value>0x134bc</value>
         <object_component_ref idref="oc-1d0"/>
      </symbol>
      <symbol id="sm-3b2">
         <name>Sound_ClickLen</name>
         <value>0x13ff8</value>
         <object_component_ref idref="oc-1ce"/>
      </symbol>
      <symbol id="sm-3b3">
         <name>Sound_IncomingData</name>
         <value>0x11ccd</value>
         <object_component_ref idref="oc-2b1"/>
      </symbol>
      <symbol id="sm-3b4">
         <name>Sound_IncomingLen</name>
         <value>0x14008</value>
         <object_component_ref idref="oc-2b0"/>
      </symbol>
      <symbol id="sm-3b9">
         <name>Tank1Right</name>
         <value>0x1235c</value>
         <object_component_ref idref="oc-27e"/>
      </symbol>
      <symbol id="sm-3ba">
         <name>Tank1Left</name>
         <value>0x1211c</value>
         <object_component_ref idref="oc-27d"/>
      </symbol>
      <symbol id="sm-3bb">
         <name>Tank2Right</name>
         <value>0x127dc</value>
         <object_component_ref idref="oc-280"/>
      </symbol>
      <symbol id="sm-3bc">
         <name>Tank2Left</name>
         <value>0x1259c</value>
         <object_component_ref idref="oc-27f"/>
      </symbol>
      <symbol id="sm-3bd">
         <name>Tank3Right</name>
         <value>0x12c5c</value>
         <object_component_ref idref="oc-282"/>
      </symbol>
      <symbol id="sm-3be">
         <name>Tank3Left</name>
         <value>0x12a1c</value>
         <object_component_ref idref="oc-281"/>
      </symbol>
      <symbol id="sm-3bf">
         <name>MissileRight</name>
         <value>0x1380a</value>
         <object_component_ref idref="oc-1cb"/>
      </symbol>
      <symbol id="sm-3c0">
         <name>MissileLeft</name>
         <value>0x137a6</value>
         <object_component_ref idref="oc-1ca"/>
      </symbol>
      <symbol id="sm-3c1">
         <name>ExpF0</name>
         <value>0x12e9c</value>
         <object_component_ref idref="oc-2bd"/>
      </symbol>
      <symbol id="sm-3c2">
         <name>ExpF1</name>
         <value>0x13024</value>
         <object_component_ref idref="oc-201"/>
      </symbol>
      <symbol id="sm-3c3">
         <name>ExpF2</name>
         <value>0x131ac</value>
         <object_component_ref idref="oc-2be"/>
      </symbol>
      <symbol id="sm-3c4">
         <name>ExpF3</name>
         <value>0x13334</value>
         <object_component_ref idref="oc-2bf"/>
      </symbol>
      <symbol id="sm-3c5">
         <name>HeartFull</name>
         <value>0x13726</value>
         <object_component_ref idref="oc-203"/>
      </symbol>
      <symbol id="sm-3c6">
         <name>HeartEmpty</name>
         <value>0x136a6</value>
         <object_component_ref idref="oc-202"/>
      </symbol>
      <symbol id="sm-3c7">
         <name>TankSprites</name>
         <value>0x139cc</value>
         <object_component_ref idref="oc-1bd"/>
      </symbol>
      <symbol id="sm-3c8">
         <name>ExpFrames</name>
         <value>0x13b90</value>
         <object_component_ref idref="oc-269"/>
      </symbol>
      <symbol id="sm-3c9">
         <name>TerrainY</name>
         <value>0x13606</value>
         <object_component_ref idref="oc-2b5"/>
      </symbol>
      <symbol id="sm-3d3">
         <name>_Z10led_togglej</name>
         <value>0x19571</value>
         <object_component_ref idref="oc-28a"/>
      </symbol>
      <symbol id="sm-3f8">
         <name>_Z11Switch_Initv</name>
         <value>0x18b0d</value>
         <object_component_ref idref="oc-ae"/>
      </symbol>
      <symbol id="sm-3f9">
         <name>_Z9Switch_Inv</name>
         <value>0x198e9</value>
         <object_component_ref idref="oc-14c"/>
      </symbol>
      <symbol id="sm-3fa">
         <name>_Z11Switch_Tickv</name>
         <value>0x18795</value>
         <object_component_ref idref="oc-10f"/>
      </symbol>
      <symbol id="sm-3fb">
         <name>_Z14Switch_Pressedh</name>
         <value>0x1a085</value>
         <object_component_ref idref="oc-14f"/>
      </symbol>
      <symbol id="sm-3fc">
         <name>_Z11Switch_Heldh</name>
         <value>0x1a069</value>
         <object_component_ref idref="oc-171"/>
      </symbol>
      <symbol id="sm-3fd">
         <name>_Z15Switch_Releasedh</name>
         <value>0x1a0a1</value>
         <object_component_ref idref="oc-175"/>
      </symbol>
      <symbol id="sm-40f">
         <name>Default_Handler</name>
         <value>0x1a031</value>
         <object_component_ref idref="oc-36"/>
      </symbol>
      <symbol id="sm-410">
         <name>Reset_Handler</name>
         <value>0x1a2cb</value>
         <object_component_ref idref="oc-32"/>
      </symbol>
      <symbol id="sm-411">
         <name>HardFault_Handler</name>
         <value>0x1a04d</value>
         <object_component_ref idref="oc-37"/>
      </symbol>
      <symbol id="sm-412">
         <name>interruptVectors</name>
         <value>0x0</value>
         <object_component_ref idref="oc-18"/>
      </symbol>
      <symbol id="sm-413">
         <name>NMI_Handler</name>
         <value>0x1a031</value>
         <object_component_ref idref="oc-36"/>
      </symbol>
      <symbol id="sm-414">
         <name>SVC_Handler</name>
         <value>0x1a031</value>
         <object_component_ref idref="oc-36"/>
      </symbol>
      <symbol id="sm-415">
         <name>PendSV_Handler</name>
         <value>0x1a031</value>
         <object_component_ref idref="oc-36"/>
      </symbol>
      <symbol id="sm-416">
         <name>GROUP0_IRQHandler</name>
         <value>0x1a031</value>
         <object_component_ref idref="oc-36"/>
      </symbol>
      <symbol id="sm-417">
         <name>GROUP1_IRQHandler</name>
         <value>0x1a031</value>
         <object_component_ref idref="oc-36"/>
      </symbol>
      <symbol id="sm-418">
         <name>TIMG8_IRQHandler</name>
         <value>0x1a031</value>
         <object_component_ref idref="oc-36"/>
      </symbol>
      <symbol id="sm-419">
         <name>UART3_IRQHandler</name>
         <value>0x1a031</value>
         <object_component_ref idref="oc-36"/>
      </symbol>
      <symbol id="sm-41a">
         <name>ADC0_IRQHandler</name>
         <value>0x1a031</value>
         <object_component_ref idref="oc-36"/>
      </symbol>
      <symbol id="sm-41b">
         <name>ADC1_IRQHandler</name>
         <value>0x1a031</value>
         <object_component_ref idref="oc-36"/>
      </symbol>
      <symbol id="sm-41c">
         <name>CANFD0_IRQHandler</name>
         <value>0x1a031</value>
         <object_component_ref idref="oc-36"/>
      </symbol>
      <symbol id="sm-41d">
         <name>DAC0_IRQHandler</name>
         <value>0x1a031</value>
         <object_component_ref idref="oc-36"/>
      </symbol>
      <symbol id="sm-41e">
         <name>SPI0_IRQHandler</name>
         <value>0x1a031</value>
         <object_component_ref idref="oc-36"/>
      </symbol>
      <symbol id="sm-41f">
         <name>SPI1_IRQHandler</name>
         <value>0x1a031</value>
         <object_component_ref idref="oc-36"/>
      </symbol>
      <symbol id="sm-420">
         <name>UART1_IRQHandler</name>
         <value>0x1a031</value>
         <object_component_ref idref="oc-36"/>
      </symbol>
      <symbol id="sm-421">
         <name>UART2_IRQHandler</name>
         <value>0x1a031</value>
         <object_component_ref idref="oc-36"/>
      </symbol>
      <symbol id="sm-422">
         <name>UART0_IRQHandler</name>
         <value>0x1a031</value>
         <object_component_ref idref="oc-36"/>
      </symbol>
      <symbol id="sm-423">
         <name>TIMG0_IRQHandler</name>
         <value>0x1a031</value>
         <object_component_ref idref="oc-36"/>
      </symbol>
      <symbol id="sm-424">
         <name>TIMG6_IRQHandler</name>
         <value>0x1a031</value>
         <object_component_ref idref="oc-36"/>
      </symbol>
      <symbol id="sm-425">
         <name>TIMA0_IRQHandler</name>
         <value>0x1a031</value>
         <object_component_ref idref="oc-36"/>
      </symbol>
      <symbol id="sm-426">
         <name>TIMA1_IRQHandler</name>
         <value>0x1a031</value>
         <object_component_ref idref="oc-36"/>
      </symbol>
      <symbol id="sm-427">
         <name>I2C0_IRQHandler</name>
         <value>0x1a031</value>
         <object_component_ref idref="oc-36"/>
      </symbol>
      <symbol id="sm-428">
         <name>I2C1_IRQHandler</name>
         <value>0x1a031</value>
         <object_component_ref idref="oc-36"/>
      </symbol>
      <symbol id="sm-429">
         <name>AES_IRQHandler</name>
         <value>0x1a031</value>
         <object_component_ref idref="oc-36"/>
      </symbol>
      <symbol id="sm-42a">
         <name>RTC_IRQHandler</name>
         <value>0x1a031</value>
         <object_component_ref idref="oc-36"/>
      </symbol>
      <symbol id="sm-42b">
         <name>DMA_IRQHandler</name>
         <value>0x1a031</value>
         <object_component_ref idref="oc-36"/>
      </symbol>
      <symbol id="sm-42c">
         <name>__TI_ATRegion0_src_addr</name>
         <value>0x0</value>
      </symbol>
      <symbol id="sm-42d">
         <name>__TI_ATRegion0_trg_addr</name>
         <value>0x0</value>
      </symbol>
      <symbol id="sm-42e">
         <name>__TI_ATRegion0_region_sz</name>
         <value>0x0</value>
      </symbol>
      <symbol id="sm-42f">
         <name>__TI_ATRegion1_src_addr</name>
         <value>0x0</value>
      </symbol>
      <symbol id="sm-430">
         <name>__TI_ATRegion1_trg_addr</name>
         <value>0x0</value>
      </symbol>
      <symbol id="sm-431">
         <name>__TI_ATRegion1_region_sz</name>
         <value>0x0</value>
      </symbol>
      <symbol id="sm-432">
         <name>__TI_ATRegion2_src_addr</name>
         <value>0x0</value>
      </symbol>
      <symbol id="sm-433">
         <name>__TI_ATRegion2_trg_addr</name>
         <value>0x0</value>
      </symbol>
      <symbol id="sm-434">
         <name>__TI_ATRegion2_region_sz</name>
         <value>0x0</value>
      </symbol>
      <symbol id="sm-43e">
         <name>sqrtf</name>
         <value>0x186f5</value>
         <object_component_ref idref="oc-2c7"/>
      </symbol>
      <symbol id="sm-44b">
         <name>__aeabi_errno_addr</name>
         <value>0x1a2b1</value>
         <object_component_ref idref="oc-2de"/>
      </symbol>
      <symbol id="sm-44c">
         <name>__aeabi_errno</name>
         <value>0x202002dc</value>
         <object_component_ref idref="oc-2ec"/>
      </symbol>
      <symbol id="sm-456">
         <name>abort</name>
         <value>0x1a2c1</value>
         <object_component_ref idref="oc-cb"/>
      </symbol>
      <symbol id="sm-460">
         <name>_sys_memory</name>
         <value>0x20200000</value>
         <object_component_ref idref="oc-30"/>
      </symbol>
      <symbol id="sm-469">
         <name>strlen</name>
         <value>0x1a26d</value>
         <object_component_ref idref="oc-271"/>
      </symbol>
      <symbol id="sm-474">
         <name>_c_int00_noargs</name>
         <value>0x19f1d</value>
         <object_component_ref idref="oc-62"/>
      </symbol>
      <symbol id="sm-475">
         <name>__stack</name>
         <value>0x20207e00</value>
         <object_component_ref idref="oc-1a"/>
      </symbol>
      <symbol id="sm-481">
         <name>__TI_auto_init_nobinit</name>
         <value>0x194cd</value>
         <object_component_ref idref="oc-d8"/>
      </symbol>
      <symbol id="sm-489">
         <name>_system_pre_init</name>
         <value>0x1a2cf</value>
         <object_component_ref idref="oc-87"/>
      </symbol>
      <symbol id="sm-494">
         <name>__TI_zero_init_nomemset</name>
         <value>0x1a1c9</value>
         <object_component_ref idref="oc-59"/>
      </symbol>
      <symbol id="sm-49d">
         <name>__TI_decompress_none</name>
         <value>0x1a21b</value>
         <object_component_ref idref="oc-20"/>
      </symbol>
      <symbol id="sm-4a8">
         <name>__TI_decompress_lzss</name>
         <value>0x190bd</value>
         <object_component_ref idref="oc-1c"/>
      </symbol>
      <symbol id="sm-4be">
         <name>HOSTexit</name>
         <value>0x1a2c7</value>
         <object_component_ref idref="oc-120"/>
      </symbol>
      <symbol id="sm-4bf">
         <name>C$$EXIT</name>
         <value>0x1a2c6</value>
         <object_component_ref idref="oc-120"/>
      </symbol>
      <symbol id="sm-4d5">
         <name>__aeabi_fadd</name>
         <value>0x17ff3</value>
         <object_component_ref idref="oc-2da"/>
      </symbol>
      <symbol id="sm-4d6">
         <name>__addsf3</name>
         <value>0x17ff3</value>
         <object_component_ref idref="oc-2da"/>
      </symbol>
      <symbol id="sm-4d7">
         <name>__aeabi_fsub</name>
         <value>0x17fe9</value>
         <object_component_ref idref="oc-2da"/>
      </symbol>
      <symbol id="sm-4d8">
         <name>__subsf3</name>
         <value>0x17fe9</value>
         <object_component_ref idref="oc-2da"/>
      </symbol>
      <symbol id="sm-4de">
         <name>__muldsi3</name>
         <value>0x19ba9</value>
         <object_component_ref idref="oc-2e6"/>
      </symbol>
      <symbol id="sm-4e4">
         <name>__aeabi_fmul</name>
         <value>0x18c25</value>
         <object_component_ref idref="oc-2d6"/>
      </symbol>
      <symbol id="sm-4e5">
         <name>__mulsf3</name>
         <value>0x18c25</value>
         <object_component_ref idref="oc-2d6"/>
      </symbol>
      <symbol id="sm-4eb">
         <name>__aeabi_f2iz</name>
         <value>0x19cc5</value>
         <object_component_ref idref="oc-294"/>
      </symbol>
      <symbol id="sm-4ec">
         <name>__fixsfsi</name>
         <value>0x19cc5</value>
         <object_component_ref idref="oc-294"/>
      </symbol>
      <symbol id="sm-4f2">
         <name>__aeabi_i2f</name>
         <value>0x19b6d</value>
         <object_component_ref idref="oc-28f"/>
      </symbol>
      <symbol id="sm-4f3">
         <name>__floatsisf</name>
         <value>0x19b6d</value>
         <object_component_ref idref="oc-28f"/>
      </symbol>
      <symbol id="sm-4f9">
         <name>__aeabi_idiv</name>
         <value>0x19475</value>
         <object_component_ref idref="oc-25b"/>
      </symbol>
      <symbol id="sm-4fa">
         <name>__aeabi_idivmod</name>
         <value>0x19475</value>
         <object_component_ref idref="oc-25b"/>
      </symbol>
      <symbol id="sm-500">
         <name>__aeabi_memcpy</name>
         <value>0x1a2b9</value>
         <object_component_ref idref="oc-52"/>
      </symbol>
      <symbol id="sm-501">
         <name>__aeabi_memcpy4</name>
         <value>0x1a2b9</value>
         <object_component_ref idref="oc-52"/>
      </symbol>
      <symbol id="sm-502">
         <name>__aeabi_memcpy8</name>
         <value>0x1a2b9</value>
         <object_component_ref idref="oc-52"/>
      </symbol>
      <symbol id="sm-508">
         <name>__aeabi_uidiv</name>
         <value>0x19ab5</value>
         <object_component_ref idref="oc-119"/>
      </symbol>
      <symbol id="sm-509">
         <name>__aeabi_uidivmod</name>
         <value>0x19ab5</value>
         <object_component_ref idref="oc-119"/>
      </symbol>
      <symbol id="sm-514">
         <name>__aeabi_idiv0</name>
         <value>0x1608b</value>
         <object_component_ref idref="oc-1a2"/>
      </symbol>
      <symbol id="sm-51e">
         <name>TI_memcpy_small</name>
         <value>0x1a209</value>
         <object_component_ref idref="oc-99"/>
      </symbol>
      <symbol id="sm-51f">
         <name>__TI_static_base__</name>
         <value>0x0</value>
      </symbol>
      <symbol id="sm-522">
         <name>__mpu_init</name>
         <value>0x0</value>
      </symbol>
      <symbol id="sm-523">
         <name>_system_post_cinit</name>
         <value>0x0</value>
      </symbol>
   </symbol_table>
   <title>Link successful</title>
</link_info>
