******************************************************************************
            TI ARM Clang Linker PC v4.0.4                      
******************************************************************************
>> Linked Wed Apr 22 03:59:29 2026

OUTPUT FILE NAME:   <ECE319K_Lab5.out>
ENTRY POINT SYMBOL: "_c_int00_noargs"  address: 0000daf5


MEMORY CONFIGURATION

         name            origin    length      used     unused   attr    fill
----------------------  --------  ---------  --------  --------  ----  --------
  FLASH                 00000000   00020000  0000dd38  000122c8  R  X
  SRAM                  20200000   00008000  00000676  0000798a  RW X
  BCR_CONFIG            41c00000   00000080  00000000  00000080  R   
  BSL_CONFIG            41c00100   00000080  00000000  00000080  R   


SEGMENT ALLOCATION MAP

run origin  load origin   length   init length attrs members
----------  ----------- ---------- ----------- ----- -------
00000000    00000000    0000c318   0000c318    r--
  00000000    00000000    000000c0   000000c0    r-- .intvecs
  000000c0    000000c0    0000c258   0000c258    r-- .rodata
0000c320    0000c320    00001a20   00001a20    r-x
  0000c320    0000c320    000019f0   000019f0    r-x .text
  0000dd10    0000dd10    00000030   00000030    r-- .cinit
20200000    20200000    00000476   00000000    rw-
  20200000    20200000    00000258   00000000    rw- .bss
  20200258    20200258    00000200   00000000    rw- .sysmem
  20200458    20200458    0000001e   00000000    rw- .data
20207e00    20207e00    00000200   00000000    rw-
  20207e00    20207e00    00000200   00000000    rw- .stack


SECTION ALLOCATION MAP

 output                                  attributes/
section   page    origin      length       input sections
--------  ----  ----------  ----------   ----------------
.intvecs   0    00000000    000000c0     
                  00000000    000000c0     startup_mspm0g3507_ticlang.o (.intvecs)

.text      0    0000c320    000019f0     
                  0000c320    000002c4     ECE319K_Lab5Grader.o (.text.FFT)
                  0000c5e4    0000024c     ECE319K_Lab5Grader.o (.text.lab5grader)
                  0000c830    000001d4     ECE319K_Lab5Grader.o (.text.Lab5Grader)
                  0000ca04    000001b4     Clock.o (.text.Clock_Init80MHz)
                  0000cbb8    000001ac     ECE319K_Lab5main.o (.text.main)
                  0000cd64    0000015c     ECE319K_Lab5main.o (.text.SysTick_Handler)
                  0000cec0    00000158     ECE319K_Lab5Grader.o (.text.CheckInitialization)
                  0000d018    00000134     ECE319K_Lab5Grader.o (.text.ADC_Init)
                  0000d14c    00000130     UARTints.o (.text.UART_Init)
                  0000d27c    000000a8     Timer.o (.text.TimerG7_IntArm)
                  0000d324    0000000c     Clock.o (.text.Clock_Freq)
                  0000d330    00000088     libc.a : strcmp-armv6m.S.obj (.text:strcmp)
                  0000d3b8    00000084     ECE319K_Lab5main.o (.text.__NVIC_SetPriority)
                  0000d43c    0000007c     LaunchPad.o (.text.LaunchPad_Init)
                  0000d4b8    0000007c     libc.a : copy_decompress_lzss.c.obj (.text:decompress:lzss)
                  0000d534    00000060     Timer.o (.text.TimerG12_Init)
                  0000d594    0000005c     UARTints.o (.text.UART0_IRQHandler)
                  0000d5f0    00000058     UARTints.o (.text.copyHardwareToSoftware)
                  0000d648    00000056     libclang_rt.builtins.a : aeabi_idivmod.S.obj (.text.__aeabi_idivmod)
                  0000d69e    00000002                            : aeabi_div0.c.obj (.text.__aeabi_idiv0)
                  0000d6a0    00000050     Dump.o (.text.Debug_Dump)
                  0000d6f0    0000004c     FIFO.o (.text.RxFifo_Put)
                  0000d73c    0000004c     FIFO.o (.text.TxFifo_Get)
                  0000d788    0000004c     FIFO.o (.text.TxFifo_Put)
                  0000d7d4    0000004c     UARTints.o (.text.copySoftwareToHardware)
                  0000d820    00000044     DAC5.o (.text.DAC5_Init)
                  0000d864    00000040     UARTints.o (.text.UART_OutChar)
                  0000d8a4    00000040     libclang_rt.builtins.a : aeabi_uidivmod.S.obj (.text.__aeabi_uidivmod)
                  0000d8e4    0000003c     libc.a : autoinit.c.obj (.text:__TI_auto_init_nobinit_nopinit)
                  0000d920    00000038     LaunchPad.o (.text.ActivatePortA_B)
                  0000d958    00000036     UART.o (.text.UART_OutUDec)
                  0000d98e    00000002     --HOLE-- [fill = 0]
                  0000d990    00000034     ECE319K_Lab5main.o (.text.Sound_Init)
                  0000d9c4    00000034     ECE319K_Lab5Grader.o (.text.setUpper)
                  0000d9f8    00000030     ECE319K_Lab5main.o (.text.Sound_Start)
                  0000da28    0000002c     ECE319K_Lab5Grader.o (.text.ReadInput)
                  0000da54    00000028     ECE319K_Lab5Grader.o (.text.ADC_Start)
                  0000da7c    00000028     ECE319K_Lab5Grader.o (.text.Grader_Init)
                  0000daa4    00000028     Key.o (.text.Key_Init)
                  0000dacc    00000028     ECE319K_Lab5Grader.o (.text.LogicAnalyzer)
                  0000daf4    00000028     libc.a : boot_cortex_m.c.obj (.text:_c_int00_noargs)
                  0000db1c    00000026     UART.o (.text.UART_OutString)
                  0000db42    00000002     --HOLE-- [fill = 0]
                  0000db44    00000024     ECE319K_Lab5Grader.o (.text.TIMG7_IRQHandler)
                  0000db68    00000020     DAC5.o (.text.DAC5_Out)
                  0000db88    00000020     ECE319K_Lab5Grader.o (.text.Random32)
                  0000dba8    0000001c     startup_mspm0g3507_ticlang.o (.text.Default_Handler)
                  0000dbc4    0000001c     startup_mspm0g3507_ticlang.o (.text.HardFault_Handler)
                  0000dbe0    00000018     FIFO.o (.text.RxFifo_Size)
                  0000dbf8    00000018     ECE319K_Lab5Grader.o (.text.Scope)
                  0000dc10    00000018     FIFO.o (.text.TxFifo_Size)
                  0000dc28    00000016     libc.a : copy_zero_init.c.obj (.text:decompress:ZI:__TI_zero_init_nomemset)
                  0000dc3e    00000002     --HOLE-- [fill = 0]
                  0000dc40    00000014     Dump.o (.text.Debug_Init)
                  0000dc54    00000014     FIFO.o (.text.RxFifo_Init)
                  0000dc68    00000014     FIFO.o (.text.TxFifo_Init)
                  0000dc7c    00000012     libc.a : memcpy16.S.obj (.text:TI_memcpy_small)
                  0000dc8e    00000012            : copy_decompress_none.c.obj (.text:decompress:none)
                  0000dca0    00000010     Clock.o (.text.Clock_Delay)
                  0000dcb0    00000010     LaunchPad.o (.text.Delay)
                  0000dcc0    00000010     Key.o (.text.Key_In)
                  0000dcd0    00000010     ECE319K_Lab5Grader.o (.text.OutCRLF)
                  0000dce0    0000000c     ECE319K_Lab5main.o (.text.Sound_Stop)
                  0000dcec    00000008     libclang_rt.builtins.a : aeabi_memcpy.S.obj (.text.__aeabi_memcpy)
                  0000dcf4    00000006     libc.a : exit.c.obj (.text:abort)
                  0000dcfa    00000004     libsysbm.a : hostexit.c.obj (.text.HOSTexit)
                  0000dcfe    00000004     startup_mspm0g3507_ticlang.o (.text.Reset_Handler)
                  0000dd02    00000004     libc.a : pre_init.c.obj (.text._system_pre_init)
                  0000dd06    0000000a     --HOLE-- [fill = 0]

.cinit     0    0000dd10    00000030     
                  0000dd10    0000000c     (.cinit..data.load) [load image, compression = lzss]
                  0000dd1c    0000000c     (__TI_handler_table)
                  0000dd28    00000008     (.cinit..bss.load) [load image, compression = zero_init]
                  0000dd30    00000010     (__TI_cinit_table)

.rodata    0    000000c0    0000c258     
                  000000c0    000064cd     ECE319K_Lab5main.o (.rodata.ufo_lowpitch)
                  0000658d    0000221b     ECE319K_Lab5main.o (.rodata.explosion)
                  000087a8    00001d92     ECE319K_Lab5main.o (.rodata.slimeball)
                  0000a53a    0000183c     ECE319K_Lab5main.o (.rodata.flaunch)
                  0000bd76    00000280     ECE319K_Lab5Grader.o (.rodata.NotesProblem)
                  0000bff6    00000002     --HOLE-- [fill = 0]
                  0000bff8    00000080     ECE319K_Lab5Grader.o (.rodata.NotesPeriod)
                  0000c078    0000004b     ECE319K_Lab5Grader.o (.rodata.str1.2831041533924961092.1)
                  0000c0c3    0000003a     ECE319K_Lab5Grader.o (.rodata.str1.3753167930287493833.1)
                  0000c0fd    00000038     ECE319K_Lab5Grader.o (.rodata.str1.13188357218563198926.1)
                  0000c135    00000032     ECE319K_Lab5Grader.o (.rodata.str1.14125597502108314896.1)
                  0000c167    0000002f     ECE319K_Lab5Grader.o (.rodata.str1.11916983087567108417.1)
                  0000c196    0000002e     ECE319K_Lab5Grader.o (.rodata.str1.9157344974060636180.1)
                  0000c1c4    00000020     ECE319K_Lab5Grader.o (.rodata.IMULTIPLIERS)
                  0000c1e4    00000020     ECE319K_Lab5Grader.o (.rodata.RMULTIPLIERS)
                  0000c204    00000020     ECE319K_Lab5main.o (.rodata.SinWave)
                  0000c224    0000001c     ECE319K_Lab5Grader.o (.rodata.str1.11809642467900141317.1)
                  0000c240    00000015     ECE319K_Lab5Grader.o (.rodata.str1.3525422095670658102.1)
                  0000c255    00000003     --HOLE-- [fill = 0]
                  0000c258    00000014     ECE319K_Lab5main.o (.rodata.Periods)
                  0000c26c    00000014     ECE319K_Lab5Grader.o (.rodata.str1.4481438830803098069.1)
                  0000c280    00000014     ECE319K_Lab5Grader.o (.rodata.str1.5560219960635954075.1)
                  0000c294    00000013     ECE319K_Lab5Grader.o (.rodata.str1.11270995160232060492.1)
                  0000c2a7    00000011     ECE319K_Lab5Grader.o (.rodata.str1.6142149970032930034.1)
                  0000c2b8    00000010     ECE319K_Lab5Grader.o (.rodata.str1.14245708735948419566.1)
                  0000c2c8    00000010     ECE319K_Lab5Grader.o (.rodata.str1.15764156664788727584.1)
                  0000c2d8    0000000f     ECE319K_Lab5Grader.o (.rodata.str1.9964861412651002306.1)
                  0000c2e7    0000000e     ECE319K_Lab5Grader.o (.rodata.str1.12550021390912809959.1)
                  0000c2f5    0000000d     ECE319K_Lab5Grader.o (.rodata.str1.1830190667680462960.1)
                  0000c302    00000008     ECE319K_Lab5main.o (.rodata.EID1)
                  0000c30a    00000007     ECE319K_Lab5Grader.o (.rodata.str1.2010255871548557574.1)
                  0000c311    00000007     --HOLE-- [fill = 0]

.init_array 
*          0    00000000    00000000     UNINITIALIZED

.binit     0    00000000    00000000     

.bss       0    20200000    00000258     UNINITIALIZED
                  20200000    000000c8     (.common:DataBuffer)
                  202000c8    000000c8     (.common:TimeBuffer)
                  20200190    00000040     FIFO.o (.bss.TxFifo)
                  202001d0    00000040     (.common:Last16ADCresults)
                  20200210    00000010     FIFO.o (.bss.RxFifo)
                  20200220    00000004     (.common:DebugCnt)
                  20200224    00000004     (.common:LastIn)
                  20200228    00000004     (.common:M)
                  2020022c    00000004     (.common:Mask)
                  20200230    00000004     (.common:PeriodicTask2)
                  20200234    00000004     (.common:RxGetI)
                  20200238    00000004     (.common:RxPutI)
                  2020023c    00000004     (.common:SampleFlag)
                  20200240    00000004     (.common:State)
                  20200244    00000004     (.common:TExaSadc)
                  20200248    00000004     (.common:TxGetI)
                  2020024c    00000004     (.common:TxPutI)
                  20200250    00000004     (.common:key)
                  20200254    00000004     (.common:last)

.sysmem    0    20200258    00000200     UNINITIALIZED
                  20200258    00000010     libc.a : memory.c.obj (.sysmem)
                  20200268    000001f0     --HOLE--

.data      0    20200458    0000001e     UNINITIALIZED
                  20200458    00000004     Clock.o (.data.BusFreq)
                  2020045c    00000004     ECE319K_Lab5Grader.o (.data.Fail)
                  20200460    00000004     ECE319K_Lab5Grader.o (.data.Last16ADCindex)
                  20200464    00000004     ECE319K_Lab5Grader.o (.data.NotesMode)
                  20200468    00000004     ECE319K_Lab5Grader.o (.data.Score)
                  2020046c    00000004     ECE319K_Lab5Grader.o (.data.Time)
                  20200470    00000004     ECE319K_Lab5main.o (.data.i)
                  20200474    00000001     ECE319K_Lab5main.o (.data.fx)
                  20200475    00000001     ECE319K_Lab5main.o (.data.fx_num)

.stack     0    20207e00    00000200     UNINITIALIZED
                  20207e00    00000004     libc.a : boot_cortex_m.c.obj (.stack)
                  20207e04    000001fc     --HOLE--

__llvm_prf_cnts 
*          0    20200000    00000000     UNINITIALIZED

__llvm_prf_bits 
*          0    20200000    00000000     UNINITIALIZED

MODULE SUMMARY

       Module                         code   ro data   rw data
       ------                         ----   -------   -------
    .\
       ECE319K_Lab5main.o             1020   48370     14     
       ECE319K_Lab5Grader.o           2740   1370      112    
       UARTints.o                     624    0         0      
       Dump.o                         100    0         404    
       Clock.o                        464    0         4      
       FIFO.o                         316    0         96     
       Timer.o                        264    0         0      
       LaunchPad.o                    196    0         0      
       DAC5.o                         100    0         0      
       UART.o                         92     0         0      
       Key.o                          56     0         0      
    +--+------------------------------+------+---------+---------+
       Total:                         5972   49740     630    
                                                              
    .\ticlang\
       startup_mspm0g3507_ticlang.o   60     192       0      
    +--+------------------------------+------+---------+---------+
       Total:                         60     192       0      
                                                              
    C:\TI\ccs2040\ccs\tools\compiler\ti-cgt-armllvm_4.0.4.LTS\lib\armv6m-ti-none-eabi/c/libc.a
       strcmp-armv6m.S.obj            136    0         0      
       copy_decompress_lzss.c.obj     124    0         0      
       autoinit.c.obj                 60     0         0      
       boot_cortex_m.c.obj            40     0         0      
       copy_zero_init.c.obj           22     0         0      
       copy_decompress_none.c.obj     18     0         0      
       memcpy16.S.obj                 18     0         0      
       exit.c.obj                     6      0         0      
       pre_init.c.obj                 4      0         0      
    +--+------------------------------+------+---------+---------+
       Total:                         428    0         0      
                                                              
    C:\TI\ccs2040\ccs\tools\compiler\ti-cgt-armllvm_4.0.4.LTS\lib\armv6m-ti-none-eabi/c/libsysbm.a
       hostexit.c.obj                 4      0         0      
    +--+------------------------------+------+---------+---------+
       Total:                         4      0         0      
                                                              
    C:\TI\ccs2040\ccs\tools\compiler\ti-cgt-armllvm_4.0.4.LTS\lib\armv6m-ti-none-eabi/libclang_rt.builtins.a
       aeabi_idivmod.S.obj            86     0         0      
       aeabi_uidivmod.S.obj           64     0         0      
       aeabi_memcpy.S.obj             8      0         0      
       aeabi_div0.c.obj               2      0         0      
    +--+------------------------------+------+---------+---------+
       Total:                         160    0         0      
                                                              
       Heap:                          0      0         512    
       Stack:                         0      0         512    
       Linker Generated:              0      48        0      
    +--+------------------------------+------+---------+---------+
       Grand Total:                   6624   49980     1654   


LINKER GENERATED COPY TABLES

__TI_cinit_table @ 0000dd30 records: 2, size/record: 8, table size: 16
	.data: load addr=0000dd10, load size=0000000c bytes, run addr=20200458, run size=0000001e bytes, compression=lzss
	.bss: load addr=0000dd28, load size=00000008 bytes, run addr=20200000, run size=00000258 bytes, compression=zero_init


LINKER GENERATED HANDLER TABLE

__TI_handler_table @ 0000dd1c records: 3, size/record: 4, table size: 12
	index: 0, handler: __TI_decompress_lzss
	index: 1, handler: __TI_decompress_none
	index: 2, handler: __TI_zero_init


GLOBAL SYMBOLS: SORTED ALPHABETICALLY BY Name 

address   name                          
-------   ----                          
0000dba9  ADC0_IRQHandler               
0000dba9  ADC1_IRQHandler               
0000d019  ADC_Init                      
0000da55  ADC_Start                     
0000dba9  AES_IRQHandler                
0000d921  ActivatePortA_B               
20200458  BusFreq                       
0000dcfa  C$$EXIT                       
0000dba9  CANFD0_IRQHandler             
0000cec1  CheckInitialization           
0000dca1  Clock_Delay                   
0000d325  Clock_Freq                    
0000ca05  Clock_Init80MHz               
0000dba9  DAC0_IRQHandler               
0000d821  DAC5_Init                     
0000db69  DAC5_Out                      
0000dba9  DMA_IRQHandler                
20200000  DataBuffer                    
20200220  DebugCnt                      
0000d6a1  Debug_Dump                    
0000dc41  Debug_Init                    
0000dba9  Default_Handler               
0000dcb1  Delay                         
0000c302  EID1                          
0000c321  FFT                           
0000dba9  GROUP0_IRQHandler             
0000dba9  GROUP1_IRQHandler             
0000da7d  Grader_Init                   
0000dcfb  HOSTexit                      
0000dbc5  HardFault_Handler             
0000dba9  I2C0_IRQHandler               
0000dba9  I2C1_IRQHandler               
0000c1c4  IMULTIPLIERS                  
0000dcc1  Key_In                        
0000daa5  Key_Init                      
0000c831  Lab5Grader                    
20200460  Last16ADCindex                
202001d0  Last16ADCresults              
20200224  LastIn                        
0000d43d  LaunchPad_Init                
0000dacd  LogicAnalyzer                 
20200228  M                             
2020022c  Mask                          
0000dba9  NMI_Handler                   
20200464  NotesMode                     
0000bff8  NotesPeriod                   
0000bd76  NotesProblem                  
0000dcd1  OutCRLF                       
0000dba9  PendSV_Handler                
20200230  PeriodicTask2                 
0000c258  Periods                       
0000c1e4  RMULTIPLIERS                  
0000dba9  RTC_IRQHandler                
0000db89  Random32                      
0000da29  ReadInput                     
0000dcff  Reset_Handler                 
0000dc55  RxFifo_Init                   
0000d6f1  RxFifo_Put                    
0000dbe1  RxFifo_Size                   
20200234  RxGetI                        
20200238  RxPutI                        
0000dba9  SPI0_IRQHandler               
0000dba9  SPI1_IRQHandler               
0000dba9  SVC_Handler                   
2020023c  SampleFlag                    
0000dbf9  Scope                         
0000c204  SinWave                       
0000d991  Sound_Init                    
0000d9f9  Sound_Start                   
0000dce1  Sound_Stop                    
20200240  State                         
0000cd65  SysTick_Handler               
20200244  TExaSadc                      
0000dba9  TIMA0_IRQHandler              
0000dba9  TIMA1_IRQHandler              
0000dba9  TIMG0_IRQHandler              
0000dba9  TIMG12_IRQHandler             
0000dba9  TIMG6_IRQHandler              
0000db45  TIMG7_IRQHandler              
0000dba9  TIMG8_IRQHandler              
0000dc7d  TI_memcpy_small               
202000c8  TimeBuffer                    
0000d535  TimerG12_Init                 
0000d27d  TimerG7_IntArm                
0000d73d  TxFifo_Get                    
0000dc69  TxFifo_Init                   
0000d789  TxFifo_Put                    
0000dc11  TxFifo_Size                   
20200248  TxGetI                        
2020024c  TxPutI                        
0000d595  UART0_IRQHandler              
0000dba9  UART1_IRQHandler              
0000dba9  UART2_IRQHandler              
0000dba9  UART3_IRQHandler              
0000d14d  UART_Init                     
0000d865  UART_OutChar                  
0000db1d  UART_OutString                
0000d959  UART_OutUDec                  
20208000  __STACK_END                   
00000200  __STACK_SIZE                  
00000200  __SYSMEM_SIZE                 
00000000  __TI_ATRegion0_region_sz      
00000000  __TI_ATRegion0_src_addr       
00000000  __TI_ATRegion0_trg_addr       
00000000  __TI_ATRegion1_region_sz      
00000000  __TI_ATRegion1_src_addr       
00000000  __TI_ATRegion1_trg_addr       
00000000  __TI_ATRegion2_region_sz      
00000000  __TI_ATRegion2_src_addr       
00000000  __TI_ATRegion2_trg_addr       
0000dd30  __TI_CINIT_Base               
0000dd40  __TI_CINIT_Limit              
0000dd40  __TI_CINIT_Warm               
0000dd1c  __TI_Handler_Table_Base       
0000dd28  __TI_Handler_Table_Limit      
0000d8e5  __TI_auto_init_nobinit_nopinit
0000d4b9  __TI_decompress_lzss          
0000dc8f  __TI_decompress_none          
ffffffff  __TI_pprof_out_hndl           
ffffffff  __TI_prof_data_size           
ffffffff  __TI_prof_data_start          
00000000  __TI_static_base__            
0000dc29  __TI_zero_init_nomemset       
0000d649  __aeabi_idiv                  
0000d69f  __aeabi_idiv0                 
0000d649  __aeabi_idivmod               
0000dced  __aeabi_memcpy                
0000dced  __aeabi_memcpy4               
0000dced  __aeabi_memcpy8               
0000d8a5  __aeabi_uidiv                 
0000d8a5  __aeabi_uidivmod              
ffffffff  __binit__                     
UNDEFED   __mpu_init                    
20207e00  __stack                       
20200000  __start___llvm_prf_bits       
20200000  __start___llvm_prf_cnts       
20200000  __stop___llvm_prf_bits        
20200000  __stop___llvm_prf_cnts        
0000daf5  _c_int00_noargs               
20200258  _sys_memory                   
UNDEFED   _system_post_cinit            
0000dd03  _system_pre_init              
0000dcf5  abort                         
ffffffff  binit                         
0000658d  explosion                     
0000a53a  flaunch                       
20200474  fx                            
20200475  fx_num                        
20200470  i                             
00000000  interruptVectors              
20200250  key                           
0000c5e5  lab5grader                    
20200254  last                          
0000cbb9  main                          
0000d9c5  setUpper                      
000087a8  slimeball                     
0000d331  strcmp                        
000000c0  ufo_lowpitch                  


GLOBAL SYMBOLS: SORTED BY Symbol Address 

address   name                          
-------   ----                          
00000000  __TI_ATRegion0_region_sz      
00000000  __TI_ATRegion0_src_addr       
00000000  __TI_ATRegion0_trg_addr       
00000000  __TI_ATRegion1_region_sz      
00000000  __TI_ATRegion1_src_addr       
00000000  __TI_ATRegion1_trg_addr       
00000000  __TI_ATRegion2_region_sz      
00000000  __TI_ATRegion2_src_addr       
00000000  __TI_ATRegion2_trg_addr       
00000000  __TI_static_base__            
00000000  interruptVectors              
000000c0  ufo_lowpitch                  
00000200  __STACK_SIZE                  
00000200  __SYSMEM_SIZE                 
0000658d  explosion                     
000087a8  slimeball                     
0000a53a  flaunch                       
0000bd76  NotesProblem                  
0000bff8  NotesPeriod                   
0000c1c4  IMULTIPLIERS                  
0000c1e4  RMULTIPLIERS                  
0000c204  SinWave                       
0000c258  Periods                       
0000c302  EID1                          
0000c321  FFT                           
0000c5e5  lab5grader                    
0000c831  Lab5Grader                    
0000ca05  Clock_Init80MHz               
0000cbb9  main                          
0000cd65  SysTick_Handler               
0000cec1  CheckInitialization           
0000d019  ADC_Init                      
0000d14d  UART_Init                     
0000d27d  TimerG7_IntArm                
0000d325  Clock_Freq                    
0000d331  strcmp                        
0000d43d  LaunchPad_Init                
0000d4b9  __TI_decompress_lzss          
0000d535  TimerG12_Init                 
0000d595  UART0_IRQHandler              
0000d649  __aeabi_idiv                  
0000d649  __aeabi_idivmod               
0000d69f  __aeabi_idiv0                 
0000d6a1  Debug_Dump                    
0000d6f1  RxFifo_Put                    
0000d73d  TxFifo_Get                    
0000d789  TxFifo_Put                    
0000d821  DAC5_Init                     
0000d865  UART_OutChar                  
0000d8a5  __aeabi_uidiv                 
0000d8a5  __aeabi_uidivmod              
0000d8e5  __TI_auto_init_nobinit_nopinit
0000d921  ActivatePortA_B               
0000d959  UART_OutUDec                  
0000d991  Sound_Init                    
0000d9c5  setUpper                      
0000d9f9  Sound_Start                   
0000da29  ReadInput                     
0000da55  ADC_Start                     
0000da7d  Grader_Init                   
0000daa5  Key_Init                      
0000dacd  LogicAnalyzer                 
0000daf5  _c_int00_noargs               
0000db1d  UART_OutString                
0000db45  TIMG7_IRQHandler              
0000db69  DAC5_Out                      
0000db89  Random32                      
0000dba9  ADC0_IRQHandler               
0000dba9  ADC1_IRQHandler               
0000dba9  AES_IRQHandler                
0000dba9  CANFD0_IRQHandler             
0000dba9  DAC0_IRQHandler               
0000dba9  DMA_IRQHandler                
0000dba9  Default_Handler               
0000dba9  GROUP0_IRQHandler             
0000dba9  GROUP1_IRQHandler             
0000dba9  I2C0_IRQHandler               
0000dba9  I2C1_IRQHandler               
0000dba9  NMI_Handler                   
0000dba9  PendSV_Handler                
0000dba9  RTC_IRQHandler                
0000dba9  SPI0_IRQHandler               
0000dba9  SPI1_IRQHandler               
0000dba9  SVC_Handler                   
0000dba9  TIMA0_IRQHandler              
0000dba9  TIMA1_IRQHandler              
0000dba9  TIMG0_IRQHandler              
0000dba9  TIMG12_IRQHandler             
0000dba9  TIMG6_IRQHandler              
0000dba9  TIMG8_IRQHandler              
0000dba9  UART1_IRQHandler              
0000dba9  UART2_IRQHandler              
0000dba9  UART3_IRQHandler              
0000dbc5  HardFault_Handler             
0000dbe1  RxFifo_Size                   
0000dbf9  Scope                         
0000dc11  TxFifo_Size                   
0000dc29  __TI_zero_init_nomemset       
0000dc41  Debug_Init                    
0000dc55  RxFifo_Init                   
0000dc69  TxFifo_Init                   
0000dc7d  TI_memcpy_small               
0000dc8f  __TI_decompress_none          
0000dca1  Clock_Delay                   
0000dcb1  Delay                         
0000dcc1  Key_In                        
0000dcd1  OutCRLF                       
0000dce1  Sound_Stop                    
0000dced  __aeabi_memcpy                
0000dced  __aeabi_memcpy4               
0000dced  __aeabi_memcpy8               
0000dcf5  abort                         
0000dcfa  C$$EXIT                       
0000dcfb  HOSTexit                      
0000dcff  Reset_Handler                 
0000dd03  _system_pre_init              
0000dd1c  __TI_Handler_Table_Base       
0000dd28  __TI_Handler_Table_Limit      
0000dd30  __TI_CINIT_Base               
0000dd40  __TI_CINIT_Limit              
0000dd40  __TI_CINIT_Warm               
20200000  DataBuffer                    
20200000  __start___llvm_prf_bits       
20200000  __start___llvm_prf_cnts       
20200000  __stop___llvm_prf_bits        
20200000  __stop___llvm_prf_cnts        
202000c8  TimeBuffer                    
202001d0  Last16ADCresults              
20200220  DebugCnt                      
20200224  LastIn                        
20200228  M                             
2020022c  Mask                          
20200230  PeriodicTask2                 
20200234  RxGetI                        
20200238  RxPutI                        
2020023c  SampleFlag                    
20200240  State                         
20200244  TExaSadc                      
20200248  TxGetI                        
2020024c  TxPutI                        
20200250  key                           
20200254  last                          
20200258  _sys_memory                   
20200458  BusFreq                       
20200460  Last16ADCindex                
20200464  NotesMode                     
20200470  i                             
20200474  fx                            
20200475  fx_num                        
20207e00  __stack                       
20208000  __STACK_END                   
ffffffff  __TI_pprof_out_hndl           
ffffffff  __TI_prof_data_size           
ffffffff  __TI_prof_data_start          
ffffffff  __binit__                     
ffffffff  binit                         
UNDEFED   __mpu_init                    
UNDEFED   _system_post_cinit            

[158 symbols]
