******************************************************************************
            TI ARM Clang Linker PC v4.0.4                      
******************************************************************************
>> Linked Thu Feb 26 02:39:07 2026

OUTPUT FILE NAME:   <ECE319K_Lab2H.out>
ENTRY POINT SYMBOL: "_c_int00_noargs"  address: 000014c5


MEMORY CONFIGURATION

         name            origin    length      used     unused   attr    fill
----------------------  --------  ---------  --------  --------  ----  --------
  FLASH                 00000000   00020000  00001ac0  0001e540  R  X
  SRAM                  20200000   00008000  000005e1  00007a1f  RW X
  BCR_CONFIG            41c00000   00000080  00000000  00000080  R   
  BSL_CONFIG            41c00100   00000080  00000000  00000080  R   


SEGMENT ALLOCATION MAP

run origin  load origin   length   init length attrs members
----------  ----------- ---------- ----------- ----- -------
00000000    00000000    00001ac0   00001ac0    r-x
  00000000    00000000    000000c0   000000c0    r-- .intvecs
  000000c0    000000c0    00001560   00001560    r-x .text
  00001620    00001620    00000470   00000470    r-- .rodata
  00001a90    00001a90    00000030   00000030    r-- .cinit
20200000    20200000    000003e4   00000000    rw-
  20200000    20200000    00000200   00000000    rw- .sysmem
  20200200    20200200    000001cd   00000000    rw- .bss
  202003d0    202003d0    00000014   00000000    rw- .data
20207e00    20207e00    00000200   00000000    rw-
  20207e00    20207e00    00000200   00000000    rw- .stack


SECTION ALLOCATION MAP

 output                                  attributes/
section   page    origin      length       input sections
--------  ----  ----------  ----------   ----------------
.intvecs   0    00000000    000000c0     
                  00000000    000000c0     startup_mspm0g3507_ticlang.o (.intvecs)

.text      0    000000c0    00001560     
                  000000c0    0000035c     ECE319K_Lab2H.o (.text)
                  0000041c    000002fc     ECE319K_Lab2Hmain.o (.text.TIMG0_IRQHandler)
                  00000718    000001b4     Clock.o (.text.Clock_Init80MHz)
                  000008cc    00000158     ECE319K_Lab2Hmain.o (.text.Lab2Grader)
                  00000a24    00000134     ECE319K_Lab2Hmain.o (.text.ADC_Init)
                  00000b58    000000ec     Dump.o (.text.Debug_Period)
                  00000c44    000000e8     UARTbusywait.o (.text.UART_Init)
                  00000d2c    000000e4     ECE319K_Lab2Hmain.o (.text.main)
                  00000e10    000000a8     Timer.o (.text.TimerG7_IntArm)
                  00000eb8    000000a4     ECE319K_Lab2Hmain.o (.text.CheckInit)
                  00000f5c    000000a4     Timer.o (.text.TimerG0_IntArm)
                  00001000    00000088     libc.a : strcmp-armv6m.S.obj (.text:strcmp)
                  00001088    0000007c     LaunchPad.o (.text.LaunchPad_Init)
                  00001104    0000007c     libc.a : copy_decompress_lzss.c.obj (.text:decompress:lzss)
                  00001180    00000060     Timer.o (.text.TimerG12_Init)
                  000011e0    0000005c     ECE319K_Lab2Hmain.o (.text.TIMG7_IRQHandler)
                  0000123c    00000054     Dump.o (.text.Dump)
                  00001290    00000050     Dump.o (.text.Debug_Dump)
                  000012e0    00000040     libclang_rt.builtins.a : aeabi_uidivmod.S.obj (.text.__aeabi_uidivmod)
                  00001320    0000003c     ECE319K_Lab2Hmain.o (.text.ShowProblem)
                  0000135c    0000003c     libc.a : autoinit.c.obj (.text:__TI_auto_init_nobinit_nopinit)
                  00001398    00000038     LaunchPad.o (.text.ActivatePortA_B)
                  000013d0    00000036     UART.o (.text.UART_OutUDec)
                  00001406    00000002     libclang_rt.builtins.a : aeabi_div0.c.obj (.text.__aeabi_idiv0)
                  00001408    00000034     ECE319K_Lab2Hmain.o (.text.EndLab2)
                  0000143c    00000034     ECE319K_Lab2Hmain.o (.text.setUpper)
                  00001470    0000002c     UARTbusywait.o (.text.UART_OutChar)
                  0000149c    00000028     ECE319K_Lab2Hmain.o (.text.ADC_Start)
                  000014c4    00000028     libc.a : boot_cortex_m.c.obj (.text:_c_int00_noargs)
                  000014ec    00000026     UART.o (.text.UART_OutString)
                  00001512    00000002     --HOLE-- [fill = 0]
                  00001514    00000020     ECE319K_Lab2Hmain.o (.text.Random32)
                  00001534    0000001c     startup_mspm0g3507_ticlang.o (.text.Default_Handler)
                  00001550    0000001c     startup_mspm0g3507_ticlang.o (.text.HardFault_Handler)
                  0000156c    00000018     ECE319K_Lab2Hmain.o (.text.Random)
                  00001584    00000016     libc.a : copy_zero_init.c.obj (.text:decompress:ZI:__TI_zero_init_nomemset)
                  0000159a    00000002     --HOLE-- [fill = 0]
                  0000159c    00000014     Dump.o (.text.Debug_Init)
                  000015b0    00000012     libc.a : memcpy16.S.obj (.text:TI_memcpy_small)
                  000015c2    00000012            : copy_decompress_none.c.obj (.text:decompress:none)
                  000015d4    00000010     Clock.o (.text.Clock_Delay)
                  000015e4    00000010     LaunchPad.o (.text.Delay)
                  000015f4    0000000c     Clock.o (.text.Clock_Freq)
                  00001600    00000008     libclang_rt.builtins.a : aeabi_memcpy.S.obj (.text.__aeabi_memcpy)
                  00001608    00000006     libc.a : exit.c.obj (.text:abort)
                  0000160e    00000004     libsysbm.a : hostexit.c.obj (.text.HOSTexit)
                  00001612    00000004     startup_mspm0g3507_ticlang.o (.text.Reset_Handler)
                  00001616    00000004     libc.a : pre_init.c.obj (.text._system_pre_init)
                  0000161a    00000006     --HOLE-- [fill = 0]

.cinit     0    00001a90    00000030     
                  00001a90    0000000c     (__TI_handler_table)
                  00001a9c    0000000b     (.cinit..data.load) [load image, compression = lzss]
                  00001aa7    00000001     --HOLE-- [fill = 0]
                  00001aa8    00000008     (.cinit..bss.load) [load image, compression = zero_init]
                  00001ab0    00000010     (__TI_cinit_table)

.rodata    0    00001620    00000470     
                  00001620    00000140     ECE319K_Lab2Hmain.o (.rodata.StartProblem)
                  00001760    000000f0     ECE319K_Lab2Hmain.o (.rodata.LEDProblem)
                  00001850    000000d0     ECE319K_Lab2Hmain.o (.rodata.Table)
                  00001920    0000002d     ECE319K_Lab2Hmain.o (.rodata.str1.16633307655629224401.1)
                  0000194d    00000024     ECE319K_Lab2Hmain.o (.rodata.str1.9315154548582746425.1)
                  00001971    00000023     ECE319K_Lab2Hmain.o (.rodata.str1.1155122789500794629.1)
                  00001994    00000022     ECE319K_Lab2Hmain.o (.rodata.str1.4430319773008702923.1)
                  000019b6    0000001f     ECE319K_Lab2Hmain.o (.rodata.str1.13285295324476919312.1)
                  000019d5    0000001c     ECE319K_Lab2Hmain.o (.rodata.str1.18365454720449639929.1)
                  000019f1    00000014     ECE319K_Lab2Hmain.o (.rodata.str1.13299584104511581487.1)
                  00001a05    00000003     --HOLE-- [fill = 0]
                  00001a08    00000010     ECE319K_Lab2Hmain.o (.rodata.InMux)
                  00001a18    00000010     ECE319K_Lab2Hmain.o (.rodata.StartMask)
                  00001a28    0000000e     ECE319K_Lab2Hmain.o (.rodata.str1.14506161293150719293.1)
                  00001a36    0000000d     ECE319K_Lab2Hmain.o (.rodata.str1.15365243164837522533.1)
                  00001a43    00000001     --HOLE-- [fill = 0]
                  00001a44    0000000c     ECE319K_Lab2Hmain.o (.rodata.LEDMask)
                  00001a50    0000000c     ECE319K_Lab2Hmain.o (.rodata.OutMux)
                  00001a5c    0000000b     ECE319K_Lab2Hmain.o (.rodata.str1.16927635199879109239.1)
                  00001a67    0000000b     ECE319K_Lab2Hmain.o (.rodata.str1.9656188336439018003.1)
                  00001a72    00000009     ECE319K_Lab2Hmain.o (.rodata.str1.12215999038684714892.1)
                  00001a7b    00000008     ECE319K_Lab2Hmain.o (.rodata.str1.2652553158183283056.1)
                  00001a83    00000007     ECE319K_Lab2Hmain.o (.rodata.str1.6147783114612799727.1)
                  00001a8a    00000004     ECE319K_Lab2Hmain.o (.rodata.str1.7218678388024742422.1)
                  00001a8e    00000002     --HOLE-- [fill = 0]

.init_array 
*          0    00000000    00000000     UNINITIALIZED

.binit     0    00000000    00000000     

.sysmem    0    20200000    00000200     UNINITIALIZED
                  20200000    00000010     libc.a : memory.c.obj (.sysmem)
                  20200010    000001f0     --HOLE--

.bss       0    20200200    000001cd     UNINITIALIZED
                  20200200    000000c8     (.common:DataBuffer)
                  202002c8    000000c8     (.common:TimeBuffer)
                  20200390    00000010     (.common:Wave)
                  202003a0    00000004     (.common:DebugCnt)
                  202003a4    00000004     (.common:FirstCount)
                  202003a8    00000004     (.common:M)
                  202003ac    00000004     (.common:Period)
                  202003b0    00000004     (.common:Phase)
                  202003b4    00000004     (.common:SizeofEID)
                  202003b8    00000004     (.common:StartCount)
                  202003bc    00000004     (.common:TExaSadc)
                  202003c0    00000004     (.common:Theperiod)
                  202003c4    00000004     (.common:WaveIndex)
                  202003c8    00000004     (.common:mode)
                  202003cc    00000001     (.common:Letter)

.data      0    202003d0    00000014     UNINITIALIZED
                  202003d0    00000004     Clock.o (.data.BusFreq)
                  202003d4    00000004     ECE319K_Lab2Hmain.o (.data.Mode0)
                  202003d8    00000004     ECE319K_Lab2Hmain.o (.data.Mode1)
                  202003dc    00000004     ECE319K_Lab2Hmain.o (.data.Score)
                  202003e0    00000004     ECE319K_Lab2Hmain.o (.data.Time)

.stack     0    20207e00    00000200     UNINITIALIZED
                  20207e00    00000004     libc.a : boot_cortex_m.c.obj (.stack)
                  20207e04    000001fc     --HOLE--

__llvm_prf_cnts 
*          0    20200000    00000000     UNINITIALIZED

__llvm_prf_bits 
*          0    20200000    00000000     UNINITIALIZED

MODULE SUMMARY

       Module                         code   ro data   rw data
       ------                         ----   -------   -------
    .\
       ECE319K_Lab2Hmain.o            2160   1130      69     
       ECE319K_Lab2H.o                860    0         0      
       Dump.o                         420    0         408    
       Clock.o                        464    0         4      
       Timer.o                        428    0         0      
       UARTbusywait.o                 276    0         0      
       LaunchPad.o                    196    0         0      
       UART.o                         92     0         0      
    +--+------------------------------+------+---------+---------+
       Total:                         4896   1130      481    
                                                              
    .\ticlang\
       startup_mspm0g3507_ticlang.o   60     192       0      
    +--+------------------------------+------+---------+---------+
       Total:                         60     192       0      
                                                              
    C:\TI\ccs2040\ccs\tools\compiler\ti-cgt-armllvm_4.0.4.LTS\lib\armv6m-ti-none-eabi/c/libc.a
       strcmp-armv6m.S.obj            136    0         0      
       copy_decompress_lzss.c.obj     124    0         0      
       autoinit.c.obj                 60     0         0      
       boot_cortex_m.c.obj            40     0         0      
       copy_zero_init.c.obj           22     0         0      
       copy_decompress_none.c.obj     18     0         0      
       memcpy16.S.obj                 18     0         0      
       exit.c.obj                     6      0         0      
       pre_init.c.obj                 4      0         0      
    +--+------------------------------+------+---------+---------+
       Total:                         428    0         0      
                                                              
    C:\TI\ccs2040\ccs\tools\compiler\ti-cgt-armllvm_4.0.4.LTS\lib\armv6m-ti-none-eabi/c/libsysbm.a
       hostexit.c.obj                 4      0         0      
    +--+------------------------------+------+---------+---------+
       Total:                         4      0         0      
                                                              
    C:\TI\ccs2040\ccs\tools\compiler\ti-cgt-armllvm_4.0.4.LTS\lib\armv6m-ti-none-eabi/libclang_rt.builtins.a
       aeabi_uidivmod.S.obj           64     0         0      
       aeabi_memcpy.S.obj             8      0         0      
       aeabi_div0.c.obj               2      0         0      
    +--+------------------------------+------+---------+---------+
       Total:                         74     0         0      
                                                              
       Heap:                          0      0         512    
       Stack:                         0      0         512    
       Linker Generated:              0      47        0      
    +--+------------------------------+------+---------+---------+
       Grand Total:                   5462   1369      1505   


LINKER GENERATED COPY TABLES

__TI_cinit_table @ 00001ab0 records: 2, size/record: 8, table size: 16
	.data: load addr=00001a9c, load size=0000000b bytes, run addr=202003d0, run size=00000014 bytes, compression=lzss
	.bss: load addr=00001aa8, load size=00000008 bytes, run addr=20200200, run size=000001cd bytes, compression=zero_init


LINKER GENERATED HANDLER TABLE

__TI_handler_table @ 00001a90 records: 3, size/record: 4, table size: 12
	index: 0, handler: __TI_decompress_lzss
	index: 1, handler: __TI_decompress_none
	index: 2, handler: __TI_zero_init


GLOBAL SYMBOLS: SORTED ALPHABETICALLY BY Name 

address   name                          
-------   ----                          
00001535  ADC0_IRQHandler               
00001535  ADC1_IRQHandler               
00000a25  ADC_Init                      
0000149d  ADC_Start                     
00001535  AES_IRQHandler                
00001399  ActivatePortA_B               
202003d0  BusFreq                       
0000160e  C$$EXIT                       
00001535  CANFD0_IRQHandler             
00000eb9  CheckInit                     
000015d5  Clock_Delay                   
000015f5  Clock_Freq                    
00000719  Clock_Init80MHz               
00001535  DAC0_IRQHandler               
00001535  DMA_IRQHandler                
20200200  DataBuffer                    
202003a0  DebugCnt                      
00001291  Debug_Dump                    
0000159d  Debug_Init                    
00000b59  Debug_Period                  
00001535  Default_Handler               
000015e5  Delay                         
0000123d  Dump                          
000000c0  EID                           
00001409  EndLab2                       
202003a4  FirstCount                    
00001535  GROUP0_IRQHandler             
00001535  GROUP1_IRQHandler             
0000160f  HOSTexit                      
00001551  HardFault_Handler             
00001535  I2C0_IRQHandler               
00001535  I2C1_IRQHandler               
00001a08  InMux                         
00001a44  LEDMask                       
00001760  LEDProblem                    
000002d0  Lab2                          
000008cd  Lab2Grader                    
00001089  LaunchPad_Init                
202003cc  Letter                        
202003a8  M                             
202003d4  Mode0                         
202003d8  Mode1                         
00001535  NMI_Handler                   
00001a50  OutMux                        
00001535  PendSV_Handler                
202003ac  Period                        
202003b0  Phase                         
00001535  RTC_IRQHandler                
0000156d  Random                        
00001515  Random32                      
00001613  Reset_Handler                 
00001535  SPI0_IRQHandler               
00001535  SPI1_IRQHandler               
00001535  SVC_Handler                   
202003dc  Score                         
00001321  ShowProblem                   
202003b4  SizeofEID                     
202003b8  StartCount                    
00001a18  StartMask                     
00001620  StartProblem                  
00001535  SysTick_Handler               
202003bc  TExaSadc                      
00001535  TIMA0_IRQHandler              
00001535  TIMA1_IRQHandler              
0000041d  TIMG0_IRQHandler              
00001535  TIMG12_IRQHandler             
00001535  TIMG6_IRQHandler              
000011e1  TIMG7_IRQHandler              
00001535  TIMG8_IRQHandler              
000015b1  TI_memcpy_small               
00001850  Table                         
202003c0  Theperiod                     
202003e0  Time                          
202002c8  TimeBuffer                    
00000f5d  TimerG0_IntArm                
00001181  TimerG12_Init                 
00000e11  TimerG7_IntArm                
00001535  UART0_IRQHandler              
00001535  UART1_IRQHandler              
00001535  UART2_IRQHandler              
00001535  UART3_IRQHandler              
00000c45  UART_Init                     
00001471  UART_OutChar                  
000014ed  UART_OutString                
000013d1  UART_OutUDec                  
20200390  Wave                          
202003c4  WaveIndex                     
20208000  __STACK_END                   
00000200  __STACK_SIZE                  
00000200  __SYSMEM_SIZE                 
00000000  __TI_ATRegion0_region_sz      
00000000  __TI_ATRegion0_src_addr       
00000000  __TI_ATRegion0_trg_addr       
00000000  __TI_ATRegion1_region_sz      
00000000  __TI_ATRegion1_src_addr       
00000000  __TI_ATRegion1_trg_addr       
00000000  __TI_ATRegion2_region_sz      
00000000  __TI_ATRegion2_src_addr       
00000000  __TI_ATRegion2_trg_addr       
00001ab0  __TI_CINIT_Base               
00001ac0  __TI_CINIT_Limit              
00001ac0  __TI_CINIT_Warm               
00001a90  __TI_Handler_Table_Base       
00001a9c  __TI_Handler_Table_Limit      
0000135d  __TI_auto_init_nobinit_nopinit
00001105  __TI_decompress_lzss          
000015c3  __TI_decompress_none          
ffffffff  __TI_pprof_out_hndl           
ffffffff  __TI_prof_data_size           
ffffffff  __TI_prof_data_start          
00000000  __TI_static_base__            
00001585  __TI_zero_init_nomemset       
00001407  __aeabi_idiv0                 
00001601  __aeabi_memcpy                
00001601  __aeabi_memcpy4               
00001601  __aeabi_memcpy8               
000012e1  __aeabi_uidiv                 
000012e1  __aeabi_uidivmod              
ffffffff  __binit__                     
UNDEFED   __mpu_init                    
20207e00  __stack                       
20200000  __start___llvm_prf_bits       
20200000  __start___llvm_prf_cnts       
20200000  __stop___llvm_prf_bits        
20200000  __stop___llvm_prf_cnts        
000014c5  _c_int00_noargs               
20200000  _sys_memory                   
UNDEFED   _system_post_cinit            
00001617  _system_pre_init              
00001609  abort                         
ffffffff  binit                         
00000000  interruptVectors              
00000d2d  main                          
202003c8  mode                          
0000143d  setUpper                      
00001001  strcmp                        


GLOBAL SYMBOLS: SORTED BY Symbol Address 

address   name                          
-------   ----                          
00000000  __TI_ATRegion0_region_sz      
00000000  __TI_ATRegion0_src_addr       
00000000  __TI_ATRegion0_trg_addr       
00000000  __TI_ATRegion1_region_sz      
00000000  __TI_ATRegion1_src_addr       
00000000  __TI_ATRegion1_trg_addr       
00000000  __TI_ATRegion2_region_sz      
00000000  __TI_ATRegion2_src_addr       
00000000  __TI_ATRegion2_trg_addr       
00000000  __TI_static_base__            
00000000  interruptVectors              
000000c0  EID                           
00000200  __STACK_SIZE                  
00000200  __SYSMEM_SIZE                 
000002d0  Lab2                          
0000041d  TIMG0_IRQHandler              
00000719  Clock_Init80MHz               
000008cd  Lab2Grader                    
00000a25  ADC_Init                      
00000b59  Debug_Period                  
00000c45  UART_Init                     
00000d2d  main                          
00000e11  TimerG7_IntArm                
00000eb9  CheckInit                     
00000f5d  TimerG0_IntArm                
00001001  strcmp                        
00001089  LaunchPad_Init                
00001105  __TI_decompress_lzss          
00001181  TimerG12_Init                 
000011e1  TIMG7_IRQHandler              
0000123d  Dump                          
00001291  Debug_Dump                    
000012e1  __aeabi_uidiv                 
000012e1  __aeabi_uidivmod              
00001321  ShowProblem                   
0000135d  __TI_auto_init_nobinit_nopinit
00001399  ActivatePortA_B               
000013d1  UART_OutUDec                  
00001407  __aeabi_idiv0                 
00001409  EndLab2                       
0000143d  setUpper                      
00001471  UART_OutChar                  
0000149d  ADC_Start                     
000014c5  _c_int00_noargs               
000014ed  UART_OutString                
00001515  Random32                      
00001535  ADC0_IRQHandler               
00001535  ADC1_IRQHandler               
00001535  AES_IRQHandler                
00001535  CANFD0_IRQHandler             
00001535  DAC0_IRQHandler               
00001535  DMA_IRQHandler                
00001535  Default_Handler               
00001535  GROUP0_IRQHandler             
00001535  GROUP1_IRQHandler             
00001535  I2C0_IRQHandler               
00001535  I2C1_IRQHandler               
00001535  NMI_Handler                   
00001535  PendSV_Handler                
00001535  RTC_IRQHandler                
00001535  SPI0_IRQHandler               
00001535  SPI1_IRQHandler               
00001535  SVC_Handler                   
00001535  SysTick_Handler               
00001535  TIMA0_IRQHandler              
00001535  TIMA1_IRQHandler              
00001535  TIMG12_IRQHandler             
00001535  TIMG6_IRQHandler              
00001535  TIMG8_IRQHandler              
00001535  UART0_IRQHandler              
00001535  UART1_IRQHandler              
00001535  UART2_IRQHandler              
00001535  UART3_IRQHandler              
00001551  HardFault_Handler             
0000156d  Random                        
00001585  __TI_zero_init_nomemset       
0000159d  Debug_Init                    
000015b1  TI_memcpy_small               
000015c3  __TI_decompress_none          
000015d5  Clock_Delay                   
000015e5  Delay                         
000015f5  Clock_Freq                    
00001601  __aeabi_memcpy                
00001601  __aeabi_memcpy4               
00001601  __aeabi_memcpy8               
00001609  abort                         
0000160e  C$$EXIT                       
0000160f  HOSTexit                      
00001613  Reset_Handler                 
00001617  _system_pre_init              
00001620  StartProblem                  
00001760  LEDProblem                    
00001850  Table                         
00001a08  InMux                         
00001a18  StartMask                     
00001a44  LEDMask                       
00001a50  OutMux                        
00001a90  __TI_Handler_Table_Base       
00001a9c  __TI_Handler_Table_Limit      
00001ab0  __TI_CINIT_Base               
00001ac0  __TI_CINIT_Limit              
00001ac0  __TI_CINIT_Warm               
20200000  __start___llvm_prf_bits       
20200000  __start___llvm_prf_cnts       
20200000  __stop___llvm_prf_bits        
20200000  __stop___llvm_prf_cnts        
20200000  _sys_memory                   
20200200  DataBuffer                    
202002c8  TimeBuffer                    
20200390  Wave                          
202003a0  DebugCnt                      
202003a4  FirstCount                    
202003a8  M                             
202003ac  Period                        
202003b0  Phase                         
202003b4  SizeofEID                     
202003b8  StartCount                    
202003bc  TExaSadc                      
202003c0  Theperiod                     
202003c4  WaveIndex                     
202003c8  mode                          
202003cc  Letter                        
202003d0  BusFreq                       
202003d4  Mode0                         
202003d8  Mode1                         
202003dc  Score                         
202003e0  Time                          
20207e00  __stack                       
20208000  __STACK_END                   
ffffffff  __TI_pprof_out_hndl           
ffffffff  __TI_prof_data_size           
ffffffff  __TI_prof_data_start          
ffffffff  __binit__                     
ffffffff  binit                         
UNDEFED   __mpu_init                    
UNDEFED   _system_post_cinit            

[136 symbols]
