<?xml version="1.0" encoding="ISO-8859-1" ?>
<link_info>
   <banner>TI ARM Clang Linker PC v4.0.4.LTS</banner>
   <copyright>Copyright (c) 1996-2018 Texas Instruments Incorporated</copyright>
   <command_line>C:\TI\ccs2040\ccs\tools\compiler\ti-cgt-armllvm_4.0.4.LTS\bin\tiarmlnk -IC:\TI\ccs2040\ccs\tools\compiler\ti-cgt-armllvm_4.0.4.LTS\lib -o ECE319K_Lab1.out -mECE319K_Lab1.map --heap_size=512 --stack_size=512 -iC:/Users/pani_/OneDrive/Desktop/UT Stuff/Freshman Spring Classes/319H/MSPM0_ValvanoWare/ECE319K_Lab1/Debug/syscfg -iC:/TI/ccs2040/ccs/tools/compiler/ti-cgt-armllvm_4.0.4.LTS/lib --diag_wrap=off --display_error_number --warn_sections --xml_link_info=ECE319K_Lab1_linkInfo.xml --rom_model ./Clock.o ./ECE319K_Lab1.o ./ECE319K_Lab1main.o ./LaunchPad.o ./UART.o ./UARTbusywait.o ./ticlang/startup_mspm0g3507_ticlang.o ../mspm0g3507.cmd -lC:/TI/mspm0_sdk_2_06_00_05/source/ti/driverlib/lib/ticlang/m0p/mspm0g1x0x_g3x0x/driverlib.a -llibc.a --start-group -llibc++.a -llibc++abi.a -llibc.a -llibsys.a -llibsysbm.a -llibclang_rt.builtins.a -llibclang_rt.profile.a --end-group --cg_opt_level=0</command_line>
   <link_time>0x697bd65d</link_time>
   <link_errors>0x0</link_errors>
   <output_file>C:\Users\pani_\OneDrive\Desktop\UT Stuff\Freshman Spring Classes\319H\MSPM0_ValvanoWare\ECE319K_Lab1\Debug\ECE319K_Lab1.out</output_file>
   <entry_point>
      <name>_c_int00_noargs</name>
      <address>0x1535</address>
   </entry_point>
   <input_file_list>
      <input_file id="fl-1">
         <path>C:\Users\pani_\OneDrive\Desktop\UT Stuff\Freshman Spring Classes\319H\MSPM0_ValvanoWare\ECE319K_Lab1\Debug\.\</path>
         <kind>object</kind>
         <file>Clock.o</file>
         <name>Clock.o</name>
      </input_file>
      <input_file id="fl-2">
         <path>C:\Users\pani_\OneDrive\Desktop\UT Stuff\Freshman Spring Classes\319H\MSPM0_ValvanoWare\ECE319K_Lab1\Debug\.\</path>
         <kind>object</kind>
         <file>ECE319K_Lab1.o</file>
         <name>ECE319K_Lab1.o</name>
      </input_file>
      <input_file id="fl-3">
         <path>C:\Users\pani_\OneDrive\Desktop\UT Stuff\Freshman Spring Classes\319H\MSPM0_ValvanoWare\ECE319K_Lab1\Debug\.\</path>
         <kind>object</kind>
         <file>ECE319K_Lab1main.o</file>
         <name>ECE319K_Lab1main.o</name>
      </input_file>
      <input_file id="fl-4">
         <path>C:\Users\pani_\OneDrive\Desktop\UT Stuff\Freshman Spring Classes\319H\MSPM0_ValvanoWare\ECE319K_Lab1\Debug\.\</path>
         <kind>object</kind>
         <file>LaunchPad.o</file>
         <name>LaunchPad.o</name>
      </input_file>
      <input_file id="fl-5">
         <path>C:\Users\pani_\OneDrive\Desktop\UT Stuff\Freshman Spring Classes\319H\MSPM0_ValvanoWare\ECE319K_Lab1\Debug\.\</path>
         <kind>object</kind>
         <file>UART.o</file>
         <name>UART.o</name>
      </input_file>
      <input_file id="fl-6">
         <path>C:\Users\pani_\OneDrive\Desktop\UT Stuff\Freshman Spring Classes\319H\MSPM0_ValvanoWare\ECE319K_Lab1\Debug\.\</path>
         <kind>object</kind>
         <file>UARTbusywait.o</file>
         <name>UARTbusywait.o</name>
      </input_file>
      <input_file id="fl-7">
         <path>C:\Users\pani_\OneDrive\Desktop\UT Stuff\Freshman Spring Classes\319H\MSPM0_ValvanoWare\ECE319K_Lab1\Debug\.\ticlang\</path>
         <kind>object</kind>
         <file>startup_mspm0g3507_ticlang.o</file>
         <name>startup_mspm0g3507_ticlang.o</name>
      </input_file>
      <input_file id="fl-13">
         <path>C:\Users\pani_\OneDrive\Desktop\UT Stuff\Freshman Spring Classes\319H\MSPM0_ValvanoWare\ECE319K_Lab1\Debug\</path>
         <kind>object</kind>
         <file>&lt;internal&gt;</file>
         <name>&lt;internal&gt;</name>
      </input_file>
      <input_file id="fl-2a">
         <path>C:\TI\ccs2040\ccs\tools\compiler\ti-cgt-armllvm_4.0.4.LTS\lib\armv6m-ti-none-eabi\c\</path>
         <kind>archive</kind>
         <file>libc.a</file>
         <name>fopen.c.obj</name>
      </input_file>
      <input_file id="fl-2b">
         <path>C:\TI\ccs2040\ccs\tools\compiler\ti-cgt-armllvm_4.0.4.LTS\lib\armv6m-ti-none-eabi\c\</path>
         <kind>archive</kind>
         <file>libc.a</file>
         <name>setvbuf.c.obj</name>
      </input_file>
      <input_file id="fl-2c">
         <path>C:\TI\ccs2040\ccs\tools\compiler\ti-cgt-armllvm_4.0.4.LTS\lib\armv6m-ti-none-eabi\c\</path>
         <kind>archive</kind>
         <file>libc.a</file>
         <name>strcmp-armv6m.S.obj</name>
      </input_file>
      <input_file id="fl-2d">
         <path>C:\TI\ccs2040\ccs\tools\compiler\ti-cgt-armllvm_4.0.4.LTS\lib\armv6m-ti-none-eabi\c\</path>
         <kind>archive</kind>
         <file>libc.a</file>
         <name>aeabi_portable.c.obj</name>
      </input_file>
      <input_file id="fl-2e">
         <path>C:\TI\ccs2040\ccs\tools\compiler\ti-cgt-armllvm_4.0.4.LTS\lib\armv6m-ti-none-eabi\c\</path>
         <kind>archive</kind>
         <file>libc.a</file>
         <name>exit.c.obj</name>
      </input_file>
      <input_file id="fl-2f">
         <path>C:\TI\ccs2040\ccs\tools\compiler\ti-cgt-armllvm_4.0.4.LTS\lib\armv6m-ti-none-eabi\c\</path>
         <kind>archive</kind>
         <file>libc.a</file>
         <name>_lock.c.obj</name>
      </input_file>
      <input_file id="fl-30">
         <path>C:\TI\ccs2040\ccs\tools\compiler\ti-cgt-armllvm_4.0.4.LTS\lib\armv6m-ti-none-eabi\c\</path>
         <kind>archive</kind>
         <file>libc.a</file>
         <name>assert.c.obj</name>
      </input_file>
      <input_file id="fl-31">
         <path>C:\TI\ccs2040\ccs\tools\compiler\ti-cgt-armllvm_4.0.4.LTS\lib\armv6m-ti-none-eabi\c\</path>
         <kind>archive</kind>
         <file>libc.a</file>
         <name>defs.c.obj</name>
      </input_file>
      <input_file id="fl-32">
         <path>C:\TI\ccs2040\ccs\tools\compiler\ti-cgt-armllvm_4.0.4.LTS\lib\armv6m-ti-none-eabi\c\</path>
         <kind>archive</kind>
         <file>libc.a</file>
         <name>memory.c.obj</name>
      </input_file>
      <input_file id="fl-33">
         <path>C:\TI\ccs2040\ccs\tools\compiler\ti-cgt-armllvm_4.0.4.LTS\lib\armv6m-ti-none-eabi\c\</path>
         <kind>archive</kind>
         <file>libc.a</file>
         <name>strcpy.c.obj</name>
      </input_file>
      <input_file id="fl-34">
         <path>C:\TI\ccs2040\ccs\tools\compiler\ti-cgt-armllvm_4.0.4.LTS\lib\armv6m-ti-none-eabi\c\</path>
         <kind>archive</kind>
         <file>libc.a</file>
         <name>boot_cortex_m.c.obj</name>
      </input_file>
      <input_file id="fl-35">
         <path>C:\TI\ccs2040\ccs\tools\compiler\ti-cgt-armllvm_4.0.4.LTS\lib\armv6m-ti-none-eabi\c\</path>
         <kind>archive</kind>
         <file>libc.a</file>
         <name>mathacl_init.c.obj</name>
      </input_file>
      <input_file id="fl-36">
         <path>C:\TI\ccs2040\ccs\tools\compiler\ti-cgt-armllvm_4.0.4.LTS\lib\armv6m-ti-none-eabi\c\</path>
         <kind>archive</kind>
         <file>libc.a</file>
         <name>autoinit.c.obj</name>
      </input_file>
      <input_file id="fl-37">
         <path>C:\TI\ccs2040\ccs\tools\compiler\ti-cgt-armllvm_4.0.4.LTS\lib\armv6m-ti-none-eabi\c\</path>
         <kind>archive</kind>
         <file>libc.a</file>
         <name>pre_init.c.obj</name>
      </input_file>
      <input_file id="fl-38">
         <path>C:\TI\ccs2040\ccs\tools\compiler\ti-cgt-armllvm_4.0.4.LTS\lib\armv6m-ti-none-eabi\c\</path>
         <kind>archive</kind>
         <file>libc.a</file>
         <name>cpy_tbl.c.obj</name>
      </input_file>
      <input_file id="fl-39">
         <path>C:\TI\ccs2040\ccs\tools\compiler\ti-cgt-armllvm_4.0.4.LTS\lib\armv6m-ti-none-eabi\c\</path>
         <kind>archive</kind>
         <file>libc.a</file>
         <name>copy_zero_init.c.obj</name>
      </input_file>
      <input_file id="fl-3a">
         <path>C:\TI\ccs2040\ccs\tools\compiler\ti-cgt-armllvm_4.0.4.LTS\lib\armv6m-ti-none-eabi\c\</path>
         <kind>archive</kind>
         <file>libc.a</file>
         <name>copy_decompress_none.c.obj</name>
      </input_file>
      <input_file id="fl-3b">
         <path>C:\TI\ccs2040\ccs\tools\compiler\ti-cgt-armllvm_4.0.4.LTS\lib\armv6m-ti-none-eabi\c\</path>
         <kind>archive</kind>
         <file>libc.a</file>
         <name>copy_decompress_lzss.c.obj</name>
      </input_file>
      <input_file id="fl-3c">
         <path>C:\TI\ccs2040\ccs\tools\compiler\ti-cgt-armllvm_4.0.4.LTS\lib\armv6m-ti-none-eabi\c\</path>
         <kind>archive</kind>
         <file>libc.a</file>
         <name>sprintf.c.obj</name>
      </input_file>
      <input_file id="fl-3d">
         <path>C:\TI\ccs2040\ccs\tools\compiler\ti-cgt-armllvm_4.0.4.LTS\lib\armv6m-ti-none-eabi\c\</path>
         <kind>archive</kind>
         <file>libc.a</file>
         <name>fclose.c.obj</name>
      </input_file>
      <input_file id="fl-3e">
         <path>C:\TI\ccs2040\ccs\tools\compiler\ti-cgt-armllvm_4.0.4.LTS\lib\armv6m-ti-none-eabi\c\</path>
         <kind>archive</kind>
         <file>libc.a</file>
         <name>fflush.c.obj</name>
      </input_file>
      <input_file id="fl-3f">
         <path>C:\TI\ccs2040\ccs\tools\compiler\ti-cgt-armllvm_4.0.4.LTS\lib\armv6m-ti-none-eabi\c\</path>
         <kind>archive</kind>
         <file>libc.a</file>
         <name>fputs.c.obj</name>
      </input_file>
      <input_file id="fl-40">
         <path>C:\TI\ccs2040\ccs\tools\compiler\ti-cgt-armllvm_4.0.4.LTS\lib\armv6m-ti-none-eabi\c\</path>
         <kind>archive</kind>
         <file>libc.a</file>
         <name>_io_perm.c.obj</name>
      </input_file>
      <input_file id="fl-41">
         <path>C:\TI\ccs2040\ccs\tools\compiler\ti-cgt-armllvm_4.0.4.LTS\lib\armv6m-ti-none-eabi\c\</path>
         <kind>archive</kind>
         <file>libc.a</file>
         <name>args_main.c.obj</name>
      </input_file>
      <input_file id="fl-42">
         <path>C:\TI\ccs2040\ccs\tools\compiler\ti-cgt-armllvm_4.0.4.LTS\lib\armv6m-ti-none-eabi\c\</path>
         <kind>archive</kind>
         <file>libc.a</file>
         <name>_printfi.c.obj</name>
      </input_file>
      <input_file id="fl-43">
         <path>C:\TI\ccs2040\ccs\tools\compiler\ti-cgt-armllvm_4.0.4.LTS\lib\armv6m-ti-none-eabi\c\</path>
         <kind>archive</kind>
         <file>libc.a</file>
         <name>fseek.c.obj</name>
      </input_file>
      <input_file id="fl-44">
         <path>C:\TI\ccs2040\ccs\tools\compiler\ti-cgt-armllvm_4.0.4.LTS\lib\armv6m-ti-none-eabi\c\</path>
         <kind>archive</kind>
         <file>libc.a</file>
         <name>_ltoa.c.obj</name>
      </input_file>
      <input_file id="fl-45">
         <path>C:\TI\ccs2040\ccs\tools\compiler\ti-cgt-armllvm_4.0.4.LTS\lib\armv6m-ti-none-eabi\c\</path>
         <kind>archive</kind>
         <file>libc.a</file>
         <name>atoi.c.obj</name>
      </input_file>
      <input_file id="fl-46">
         <path>C:\TI\ccs2040\ccs\tools\compiler\ti-cgt-armllvm_4.0.4.LTS\lib\armv6m-ti-none-eabi\c\</path>
         <kind>archive</kind>
         <file>libc.a</file>
         <name>memccpy.c.obj</name>
      </input_file>
      <input_file id="fl-47">
         <path>C:\TI\ccs2040\ccs\tools\compiler\ti-cgt-armllvm_4.0.4.LTS\lib\armv6m-ti-none-eabi\c\</path>
         <kind>archive</kind>
         <file>libc.a</file>
         <name>s_frexp.c.obj</name>
      </input_file>
      <input_file id="fl-48">
         <path>C:\TI\ccs2040\ccs\tools\compiler\ti-cgt-armllvm_4.0.4.LTS\lib\armv6m-ti-none-eabi\c\</path>
         <kind>archive</kind>
         <file>libc.a</file>
         <name>s_scalbn.c.obj</name>
      </input_file>
      <input_file id="fl-49">
         <path>C:\TI\ccs2040\ccs\tools\compiler\ti-cgt-armllvm_4.0.4.LTS\lib\armv6m-ti-none-eabi\c\</path>
         <kind>archive</kind>
         <file>libc.a</file>
         <name>wcslen.c.obj</name>
      </input_file>
      <input_file id="fl-4a">
         <path>C:\TI\ccs2040\ccs\tools\compiler\ti-cgt-armllvm_4.0.4.LTS\lib\armv6m-ti-none-eabi\c\</path>
         <kind>archive</kind>
         <file>libc.a</file>
         <name>aeabi_ctype.S.obj</name>
      </input_file>
      <input_file id="fl-ea">
         <path>C:\TI\ccs2040\ccs\tools\compiler\ti-cgt-armllvm_4.0.4.LTS\lib\armv6m-ti-none-eabi\c\</path>
         <kind>archive</kind>
         <file>libsysbm.a</file>
         <name>hostexit.c.obj</name>
      </input_file>
      <input_file id="fl-eb">
         <path>C:\TI\ccs2040\ccs\tools\compiler\ti-cgt-armllvm_4.0.4.LTS\lib\armv6m-ti-none-eabi\c\</path>
         <kind>archive</kind>
         <file>libsysbm.a</file>
         <name>write.c.obj</name>
      </input_file>
      <input_file id="fl-ec">
         <path>C:\TI\ccs2040\ccs\tools\compiler\ti-cgt-armllvm_4.0.4.LTS\lib\armv6m-ti-none-eabi\c\</path>
         <kind>archive</kind>
         <file>libsysbm.a</file>
         <name>host_device.c.obj</name>
      </input_file>
      <input_file id="fl-ed">
         <path>C:\TI\ccs2040\ccs\tools\compiler\ti-cgt-armllvm_4.0.4.LTS\lib\armv6m-ti-none-eabi\c\</path>
         <kind>archive</kind>
         <file>libsysbm.a</file>
         <name>remove.c.obj</name>
      </input_file>
      <input_file id="fl-ee">
         <path>C:\TI\ccs2040\ccs\tools\compiler\ti-cgt-armllvm_4.0.4.LTS\lib\armv6m-ti-none-eabi\c\</path>
         <kind>archive</kind>
         <file>libsysbm.a</file>
         <name>open.c.obj</name>
      </input_file>
      <input_file id="fl-ef">
         <path>C:\TI\ccs2040\ccs\tools\compiler\ti-cgt-armllvm_4.0.4.LTS\lib\armv6m-ti-none-eabi\c\</path>
         <kind>archive</kind>
         <file>libsysbm.a</file>
         <name>lseek.c.obj</name>
      </input_file>
      <input_file id="fl-f0">
         <path>C:\TI\ccs2040\ccs\tools\compiler\ti-cgt-armllvm_4.0.4.LTS\lib\armv6m-ti-none-eabi\c\</path>
         <kind>archive</kind>
         <file>libsysbm.a</file>
         <name>close.c.obj</name>
      </input_file>
      <input_file id="fl-f1">
         <path>C:\TI\ccs2040\ccs\tools\compiler\ti-cgt-armllvm_4.0.4.LTS\lib\armv6m-ti-none-eabi\c\</path>
         <kind>archive</kind>
         <file>libsysbm.a</file>
         <name>add_device.c.obj</name>
      </input_file>
      <input_file id="fl-f2">
         <path>C:\TI\ccs2040\ccs\tools\compiler\ti-cgt-armllvm_4.0.4.LTS\lib\armv6m-ti-none-eabi\c\</path>
         <kind>archive</kind>
         <file>libsysbm.a</file>
         <name>unlink.c.obj</name>
      </input_file>
      <input_file id="fl-f3">
         <path>C:\TI\ccs2040\ccs\tools\compiler\ti-cgt-armllvm_4.0.4.LTS\lib\armv6m-ti-none-eabi\c\</path>
         <kind>archive</kind>
         <file>libsysbm.a</file>
         <name>hostclose.c.obj</name>
      </input_file>
      <input_file id="fl-f4">
         <path>C:\TI\ccs2040\ccs\tools\compiler\ti-cgt-armllvm_4.0.4.LTS\lib\armv6m-ti-none-eabi\c\</path>
         <kind>archive</kind>
         <file>libsysbm.a</file>
         <name>hostlseek.c.obj</name>
      </input_file>
      <input_file id="fl-f5">
         <path>C:\TI\ccs2040\ccs\tools\compiler\ti-cgt-armllvm_4.0.4.LTS\lib\armv6m-ti-none-eabi\c\</path>
         <kind>archive</kind>
         <file>libsysbm.a</file>
         <name>hostopen.c.obj</name>
      </input_file>
      <input_file id="fl-f6">
         <path>C:\TI\ccs2040\ccs\tools\compiler\ti-cgt-armllvm_4.0.4.LTS\lib\armv6m-ti-none-eabi\c\</path>
         <kind>archive</kind>
         <file>libsysbm.a</file>
         <name>hostread.c.obj</name>
      </input_file>
      <input_file id="fl-f7">
         <path>C:\TI\ccs2040\ccs\tools\compiler\ti-cgt-armllvm_4.0.4.LTS\lib\armv6m-ti-none-eabi\c\</path>
         <kind>archive</kind>
         <file>libsysbm.a</file>
         <name>hostrename.c.obj</name>
      </input_file>
      <input_file id="fl-f8">
         <path>C:\TI\ccs2040\ccs\tools\compiler\ti-cgt-armllvm_4.0.4.LTS\lib\armv6m-ti-none-eabi\c\</path>
         <kind>archive</kind>
         <file>libsysbm.a</file>
         <name>hostunlink.c.obj</name>
      </input_file>
      <input_file id="fl-f9">
         <path>C:\TI\ccs2040\ccs\tools\compiler\ti-cgt-armllvm_4.0.4.LTS\lib\armv6m-ti-none-eabi\c\</path>
         <kind>archive</kind>
         <file>libsysbm.a</file>
         <name>hostwrite.c.obj</name>
      </input_file>
      <input_file id="fl-fa">
         <path>C:\TI\ccs2040\ccs\tools\compiler\ti-cgt-armllvm_4.0.4.LTS\lib\armv6m-ti-none-eabi\c\</path>
         <kind>archive</kind>
         <file>libsysbm.a</file>
         <name>trgmsg.c.obj</name>
      </input_file>
      <input_file id="fl-fb">
         <path>C:\TI\ccs2040\ccs\tools\compiler\ti-cgt-armllvm_4.0.4.LTS\lib\armv6m-ti-none-eabi\</path>
         <kind>archive</kind>
         <file>libclang_rt.builtins.a</file>
         <name>adddf3.S.obj</name>
      </input_file>
      <input_file id="fl-fc">
         <path>C:\TI\ccs2040\ccs\tools\compiler\ti-cgt-armllvm_4.0.4.LTS\lib\armv6m-ti-none-eabi\</path>
         <kind>archive</kind>
         <file>libclang_rt.builtins.a</file>
         <name>muldf3.S.obj</name>
      </input_file>
      <input_file id="fl-fd">
         <path>C:\TI\ccs2040\ccs\tools\compiler\ti-cgt-armllvm_4.0.4.LTS\lib\armv6m-ti-none-eabi\</path>
         <kind>archive</kind>
         <file>libclang_rt.builtins.a</file>
         <name>muldsi3.S.obj</name>
      </input_file>
      <input_file id="fl-fe">
         <path>C:\TI\ccs2040\ccs\tools\compiler\ti-cgt-armllvm_4.0.4.LTS\lib\armv6m-ti-none-eabi\</path>
         <kind>archive</kind>
         <file>libclang_rt.builtins.a</file>
         <name>divdf3.S.obj</name>
      </input_file>
      <input_file id="fl-ff">
         <path>C:\TI\ccs2040\ccs\tools\compiler\ti-cgt-armllvm_4.0.4.LTS\lib\armv6m-ti-none-eabi\</path>
         <kind>archive</kind>
         <file>libclang_rt.builtins.a</file>
         <name>fixdfsi.S.obj</name>
      </input_file>
      <input_file id="fl-100">
         <path>C:\TI\ccs2040\ccs\tools\compiler\ti-cgt-armllvm_4.0.4.LTS\lib\armv6m-ti-none-eabi\</path>
         <kind>archive</kind>
         <file>libclang_rt.builtins.a</file>
         <name>floatsidf.S.obj</name>
      </input_file>
      <input_file id="fl-101">
         <path>C:\TI\ccs2040\ccs\tools\compiler\ti-cgt-armllvm_4.0.4.LTS\lib\armv6m-ti-none-eabi\</path>
         <kind>archive</kind>
         <file>libclang_rt.builtins.a</file>
         <name>muldi3.S.obj</name>
      </input_file>
      <input_file id="fl-102">
         <path>C:\TI\ccs2040\ccs\tools\compiler\ti-cgt-armllvm_4.0.4.LTS\lib\armv6m-ti-none-eabi\</path>
         <kind>archive</kind>
         <file>libclang_rt.builtins.a</file>
         <name>aeabi_dcmp.S.obj</name>
      </input_file>
      <input_file id="fl-103">
         <path>C:\TI\ccs2040\ccs\tools\compiler\ti-cgt-armllvm_4.0.4.LTS\lib\armv6m-ti-none-eabi\</path>
         <kind>archive</kind>
         <file>libclang_rt.builtins.a</file>
         <name>aeabi_idivmod.S.obj</name>
      </input_file>
      <input_file id="fl-104">
         <path>C:\TI\ccs2040\ccs\tools\compiler\ti-cgt-armllvm_4.0.4.LTS\lib\armv6m-ti-none-eabi\</path>
         <kind>archive</kind>
         <file>libclang_rt.builtins.a</file>
         <name>aeabi_memcpy.S.obj</name>
      </input_file>
      <input_file id="fl-105">
         <path>C:\TI\ccs2040\ccs\tools\compiler\ti-cgt-armllvm_4.0.4.LTS\lib\armv6m-ti-none-eabi\</path>
         <kind>archive</kind>
         <file>libclang_rt.builtins.a</file>
         <name>aeabi_memset.S.obj</name>
      </input_file>
      <input_file id="fl-106">
         <path>C:\TI\ccs2040\ccs\tools\compiler\ti-cgt-armllvm_4.0.4.LTS\lib\armv6m-ti-none-eabi\</path>
         <kind>archive</kind>
         <file>libclang_rt.builtins.a</file>
         <name>aeabi_uidivmod.S.obj</name>
      </input_file>
      <input_file id="fl-107">
         <path>C:\TI\ccs2040\ccs\tools\compiler\ti-cgt-armllvm_4.0.4.LTS\lib\armv6m-ti-none-eabi\</path>
         <kind>archive</kind>
         <file>libclang_rt.builtins.a</file>
         <name>aeabi_uldivmod.S.obj</name>
      </input_file>
      <input_file id="fl-108">
         <path>C:\TI\ccs2040\ccs\tools\compiler\ti-cgt-armllvm_4.0.4.LTS\lib\armv6m-ti-none-eabi\</path>
         <kind>archive</kind>
         <file>libclang_rt.builtins.a</file>
         <name>udivmoddi4.S.obj</name>
      </input_file>
      <input_file id="fl-109">
         <path>C:\TI\ccs2040\ccs\tools\compiler\ti-cgt-armllvm_4.0.4.LTS\lib\armv6m-ti-none-eabi\</path>
         <kind>archive</kind>
         <file>libclang_rt.builtins.a</file>
         <name>ashldi3.S.obj</name>
      </input_file>
      <input_file id="fl-10a">
         <path>C:\TI\ccs2040\ccs\tools\compiler\ti-cgt-armllvm_4.0.4.LTS\lib\armv6m-ti-none-eabi\</path>
         <kind>archive</kind>
         <file>libclang_rt.builtins.a</file>
         <name>comparedf2.c.obj</name>
      </input_file>
      <input_file id="fl-10b">
         <path>C:\TI\ccs2040\ccs\tools\compiler\ti-cgt-armllvm_4.0.4.LTS\lib\armv6m-ti-none-eabi\</path>
         <kind>archive</kind>
         <file>libclang_rt.builtins.a</file>
         <name>aeabi_div0.c.obj</name>
      </input_file>
      <input_file id="fl-10c">
         <path>C:\TI\ccs2040\ccs\tools\compiler\ti-cgt-armllvm_4.0.4.LTS\lib\armv6m-ti-none-eabi\c\</path>
         <kind>archive</kind>
         <file>libc.a</file>
         <name>getdevice.c.obj</name>
      </input_file>
      <input_file id="fl-10d">
         <path>C:\TI\ccs2040\ccs\tools\compiler\ti-cgt-armllvm_4.0.4.LTS\lib\armv6m-ti-none-eabi\c\</path>
         <kind>archive</kind>
         <file>libc.a</file>
         <name>memcpy16.S.obj</name>
      </input_file>
      <input_file id="fl-10e">
         <path>C:\TI\ccs2040\ccs\tools\compiler\ti-cgt-armllvm_4.0.4.LTS\lib\armv6m-ti-none-eabi\c\</path>
         <kind>archive</kind>
         <file>libc.a</file>
         <name>memset16.S.obj</name>
      </input_file>
   </input_file_list>
   <object_component_list>
      <object_component id="oc-18">
         <name>.intvecs</name>
         <load_address>0x0</load_address>
         <readonly>true</readonly>
         <run_address>0x0</run_address>
         <size>0xc0</size>
         <alignment>0x4</alignment>
         <input_file_ref idref="fl-7"/>
      </object_component>
      <object_component id="oc-a3">
         <name>.text.Run</name>
         <load_address>0xc0</load_address>
         <readonly>true</readonly>
         <executable>true</executable>
         <run_address>0xc0</run_address>
         <size>0x5c8</size>
         <alignment>0x4</alignment>
         <input_file_ref idref="fl-3"/>
      </object_component>
      <object_component id="oc-6b">
         <name>.text.main</name>
         <load_address>0x688</load_address>
         <readonly>true</readonly>
         <executable>true</executable>
         <run_address>0x688</run_address>
         <size>0x264</size>
         <alignment>0x4</alignment>
         <input_file_ref idref="fl-3"/>
      </object_component>
      <object_component id="oc-84">
         <name>.text.Clock_Init80MHz</name>
         <load_address>0x8ec</load_address>
         <readonly>true</readonly>
         <executable>true</executable>
         <run_address>0x8ec</run_address>
         <size>0x1b4</size>
         <alignment>0x4</alignment>
         <input_file_ref idref="fl-1"/>
      </object_component>
      <object_component id="oc-133">
         <name>.text.BuildEID</name>
         <load_address>0xaa0</load_address>
         <readonly>true</readonly>
         <executable>true</executable>
         <run_address>0xaa0</run_address>
         <size>0xf4</size>
         <alignment>0x4</alignment>
         <input_file_ref idref="fl-3"/>
      </object_component>
      <object_component id="oc-fc">
         <name>.text.OptFill2</name>
         <load_address>0xb94</load_address>
         <readonly>true</readonly>
         <executable>true</executable>
         <run_address>0xb94</run_address>
         <size>0xec</size>
         <alignment>0x4</alignment>
         <input_file_ref idref="fl-3"/>
      </object_component>
      <object_component id="oc-100">
         <name>.text.OptFill6</name>
         <load_address>0xc80</load_address>
         <readonly>true</readonly>
         <executable>true</executable>
         <run_address>0xc80</run_address>
         <size>0xe8</size>
         <alignment>0x4</alignment>
         <input_file_ref idref="fl-3"/>
      </object_component>
      <object_component id="oc-101">
         <name>.text.OptFill7</name>
         <load_address>0xd68</load_address>
         <readonly>true</readonly>
         <executable>true</executable>
         <run_address>0xd68</run_address>
         <size>0xe8</size>
         <alignment>0x4</alignment>
         <input_file_ref idref="fl-3"/>
      </object_component>
      <object_component id="oc-8e">
         <name>.text.UART_Init</name>
         <load_address>0xe50</load_address>
         <readonly>true</readonly>
         <executable>true</executable>
         <run_address>0xe50</run_address>
         <size>0xe8</size>
         <alignment>0x4</alignment>
         <input_file_ref idref="fl-6"/>
      </object_component>
      <object_component id="oc-fa">
         <name>.text.OptFill1</name>
         <load_address>0xf38</load_address>
         <readonly>true</readonly>
         <executable>true</executable>
         <run_address>0xf38</run_address>
         <size>0xd0</size>
         <alignment>0x4</alignment>
         <input_file_ref idref="fl-3"/>
      </object_component>
      <object_component id="oc-fb">
         <name>.text.Show</name>
         <load_address>0x1008</load_address>
         <readonly>true</readonly>
         <executable>true</executable>
         <run_address>0x1008</run_address>
         <size>0xa4</size>
         <alignment>0x4</alignment>
         <input_file_ref idref="fl-3"/>
      </object_component>
      <object_component id="oc-fd">
         <name>.text.OptFill3</name>
         <load_address>0x10ac</load_address>
         <readonly>true</readonly>
         <executable>true</executable>
         <run_address>0x10ac</run_address>
         <size>0x98</size>
         <alignment>0x4</alignment>
         <input_file_ref idref="fl-3"/>
      </object_component>
      <object_component id="oc-fe">
         <name>.text.OptFill4</name>
         <load_address>0x1144</load_address>
         <readonly>true</readonly>
         <executable>true</executable>
         <run_address>0x1144</run_address>
         <size>0x98</size>
         <alignment>0x4</alignment>
         <input_file_ref idref="fl-3"/>
      </object_component>
      <object_component id="oc-a4">
         <name>.text</name>
         <load_address>0x11dc</load_address>
         <readonly>true</readonly>
         <executable>true</executable>
         <run_address>0x11dc</run_address>
         <size>0x90</size>
         <alignment>0x4</alignment>
         <input_file_ref idref="fl-2"/>
      </object_component>
      <object_component id="oc-11b">
         <name>.text.HOSTexit</name>
         <load_address>0x126c</load_address>
         <readonly>true</readonly>
         <executable>true</executable>
         <run_address>0x126c</run_address>
         <size>0x4</size>
         <alignment>0x2</alignment>
         <input_file_ref idref="fl-ea"/>
      </object_component>
      <object_component id="oc-93">
         <name>.text:strcmp</name>
         <load_address>0x1270</load_address>
         <readonly>true</readonly>
         <executable>true</executable>
         <run_address>0x1270</run_address>
         <size>0x88</size>
         <alignment>0x10</alignment>
         <input_file_ref idref="fl-2c"/>
      </object_component>
      <object_component id="oc-89">
         <name>.text.LaunchPad_Init</name>
         <load_address>0x12f8</load_address>
         <readonly>true</readonly>
         <executable>true</executable>
         <run_address>0x12f8</run_address>
         <size>0x7c</size>
         <alignment>0x4</alignment>
         <input_file_ref idref="fl-4"/>
      </object_component>
      <object_component id="oc-1c">
         <name>.text:decompress:lzss</name>
         <load_address>0x1374</load_address>
         <readonly>true</readonly>
         <executable>true</executable>
         <run_address>0x1374</run_address>
         <size>0x7c</size>
         <alignment>0x4</alignment>
         <input_file_ref idref="fl-3b"/>
      </object_component>
      <object_component id="oc-f0">
         <name>.text.__aeabi_uidivmod</name>
         <load_address>0x13f0</load_address>
         <readonly>true</readonly>
         <executable>true</executable>
         <run_address>0x13f0</run_address>
         <size>0x40</size>
         <alignment>0x4</alignment>
         <input_file_ref idref="fl-106"/>
      </object_component>
      <object_component id="oc-c5">
         <name>.text:__TI_auto_init_nobinit_nopinit</name>
         <load_address>0x1430</load_address>
         <readonly>true</readonly>
         <executable>true</executable>
         <run_address>0x1430</run_address>
         <size>0x3c</size>
         <alignment>0x4</alignment>
         <input_file_ref idref="fl-36"/>
      </object_component>
      <object_component id="oc-e1">
         <name>.text.ActivatePortA_B</name>
         <load_address>0x146c</load_address>
         <readonly>true</readonly>
         <executable>true</executable>
         <run_address>0x146c</run_address>
         <size>0x38</size>
         <alignment>0x4</alignment>
         <input_file_ref idref="fl-4"/>
      </object_component>
      <object_component id="oc-a1">
         <name>.text.UART_OutUDec</name>
         <load_address>0x14a4</load_address>
         <readonly>true</readonly>
         <executable>true</executable>
         <run_address>0x14a4</run_address>
         <size>0x36</size>
         <alignment>0x2</alignment>
         <input_file_ref idref="fl-5"/>
      </object_component>
      <object_component id="oc-12d">
         <name>.text.__aeabi_idiv0</name>
         <load_address>0x14da</load_address>
         <readonly>true</readonly>
         <executable>true</executable>
         <run_address>0x14da</run_address>
         <size>0x2</size>
         <alignment>0x2</alignment>
         <input_file_ref idref="fl-10b"/>
      </object_component>
      <object_component id="oc-ff">
         <name>.text.OptFill5</name>
         <load_address>0x14dc</load_address>
         <readonly>true</readonly>
         <executable>true</executable>
         <run_address>0x14dc</run_address>
         <size>0x2c</size>
         <alignment>0x4</alignment>
         <input_file_ref idref="fl-3"/>
      </object_component>
      <object_component id="oc-e9">
         <name>.text.UART_OutChar</name>
         <load_address>0x1508</load_address>
         <readonly>true</readonly>
         <executable>true</executable>
         <run_address>0x1508</run_address>
         <size>0x2c</size>
         <alignment>0x4</alignment>
         <input_file_ref idref="fl-6"/>
      </object_component>
      <object_component id="oc-52">
         <name>.text:_c_int00_noargs</name>
         <load_address>0x1534</load_address>
         <readonly>true</readonly>
         <executable>true</executable>
         <run_address>0x1534</run_address>
         <size>0x28</size>
         <alignment>0x4</alignment>
         <input_file_ref idref="fl-34"/>
      </object_component>
      <object_component id="oc-136">
         <name>.text.UART_OutSDec</name>
         <load_address>0x155c</load_address>
         <readonly>true</readonly>
         <executable>true</executable>
         <run_address>0x155c</run_address>
         <size>0x26</size>
         <alignment>0x2</alignment>
         <input_file_ref idref="fl-5"/>
      </object_component>
      <object_component id="oc-97">
         <name>.text.UART_OutString</name>
         <load_address>0x1582</load_address>
         <readonly>true</readonly>
         <executable>true</executable>
         <run_address>0x1582</run_address>
         <size>0x26</size>
         <alignment>0x2</alignment>
         <input_file_ref idref="fl-5"/>
      </object_component>
      <object_component id="oc-f4">
         <name>.text.Random32</name>
         <load_address>0x15a8</load_address>
         <readonly>true</readonly>
         <executable>true</executable>
         <run_address>0x15a8</run_address>
         <size>0x20</size>
         <alignment>0x4</alignment>
         <input_file_ref idref="fl-3"/>
      </object_component>
      <object_component id="oc-35">
         <name>.text.Default_Handler</name>
         <load_address>0x15c8</load_address>
         <readonly>true</readonly>
         <executable>true</executable>
         <run_address>0x15c8</run_address>
         <size>0x1c</size>
         <alignment>0x4</alignment>
         <input_file_ref idref="fl-7"/>
      </object_component>
      <object_component id="oc-36">
         <name>.text.HardFault_Handler</name>
         <load_address>0x15e4</load_address>
         <readonly>true</readonly>
         <executable>true</executable>
         <run_address>0x15e4</run_address>
         <size>0x1c</size>
         <alignment>0x4</alignment>
         <input_file_ref idref="fl-7"/>
      </object_component>
      <object_component id="oc-a2">
         <name>.text.Random</name>
         <load_address>0x1600</load_address>
         <readonly>true</readonly>
         <executable>true</executable>
         <run_address>0x1600</run_address>
         <size>0x18</size>
         <alignment>0x2</alignment>
         <input_file_ref idref="fl-3"/>
      </object_component>
      <object_component id="oc-49">
         <name>.text:decompress:ZI:__TI_zero_init_nomemset</name>
         <load_address>0x1618</load_address>
         <readonly>true</readonly>
         <executable>true</executable>
         <run_address>0x1618</run_address>
         <size>0x16</size>
         <alignment>0x2</alignment>
         <input_file_ref idref="fl-39"/>
      </object_component>
      <object_component id="oc-7a">
         <name>.text:TI_memcpy_small</name>
         <load_address>0x162e</load_address>
         <readonly>true</readonly>
         <executable>true</executable>
         <run_address>0x162e</run_address>
         <size>0x12</size>
         <alignment>0x1</alignment>
         <input_file_ref idref="fl-10d"/>
      </object_component>
      <object_component id="oc-20">
         <name>.text:decompress:none</name>
         <load_address>0x1640</load_address>
         <readonly>true</readonly>
         <executable>true</executable>
         <run_address>0x1640</run_address>
         <size>0x12</size>
         <alignment>0x2</alignment>
         <input_file_ref idref="fl-3a"/>
      </object_component>
      <object_component id="oc-e4">
         <name>.text.Clock_Delay</name>
         <load_address>0x1652</load_address>
         <readonly>true</readonly>
         <executable>true</executable>
         <run_address>0x1652</run_address>
         <size>0x10</size>
         <alignment>0x2</alignment>
         <input_file_ref idref="fl-1"/>
      </object_component>
      <object_component id="oc-12c">
         <name>.text.Delay</name>
         <load_address>0x1662</load_address>
         <readonly>true</readonly>
         <executable>true</executable>
         <run_address>0x1662</run_address>
         <size>0x10</size>
         <alignment>0x2</alignment>
         <input_file_ref idref="fl-4"/>
      </object_component>
      <object_component id="oc-9c">
         <name>.text.EndLab1</name>
         <load_address>0x1674</load_address>
         <readonly>true</readonly>
         <executable>true</executable>
         <run_address>0x1674</run_address>
         <size>0x10</size>
         <alignment>0x4</alignment>
         <input_file_ref idref="fl-3"/>
      </object_component>
      <object_component id="oc-9d">
         <name>.text.strcpy</name>
         <load_address>0x1684</load_address>
         <readonly>true</readonly>
         <executable>true</executable>
         <run_address>0x1684</run_address>
         <size>0xe</size>
         <alignment>0x2</alignment>
         <input_file_ref idref="fl-33"/>
      </object_component>
      <object_component id="oc-e5">
         <name>.text.Clock_Freq</name>
         <load_address>0x1694</load_address>
         <readonly>true</readonly>
         <executable>true</executable>
         <run_address>0x1694</run_address>
         <size>0xc</size>
         <alignment>0x4</alignment>
         <input_file_ref idref="fl-1"/>
      </object_component>
      <object_component id="oc-42">
         <name>.text.__aeabi_memcpy</name>
         <load_address>0x16a0</load_address>
         <readonly>true</readonly>
         <executable>true</executable>
         <run_address>0x16a0</run_address>
         <size>0x8</size>
         <alignment>0x4</alignment>
         <input_file_ref idref="fl-104"/>
      </object_component>
      <object_component id="oc-be">
         <name>.text:abort</name>
         <load_address>0x16a8</load_address>
         <readonly>true</readonly>
         <executable>true</executable>
         <run_address>0x16a8</run_address>
         <size>0x6</size>
         <alignment>0x2</alignment>
         <input_file_ref idref="fl-2e"/>
      </object_component>
      <object_component id="oc-31">
         <name>.text.Reset_Handler</name>
         <load_address>0x16ae</load_address>
         <readonly>true</readonly>
         <executable>true</executable>
         <run_address>0x16ae</run_address>
         <size>0x4</size>
         <alignment>0x2</alignment>
         <input_file_ref idref="fl-7"/>
      </object_component>
      <object_component id="oc-67">
         <name>.text._system_pre_init</name>
         <load_address>0x16b2</load_address>
         <readonly>true</readonly>
         <executable>true</executable>
         <run_address>0x16b2</run_address>
         <size>0x4</size>
         <alignment>0x2</alignment>
         <input_file_ref idref="fl-37"/>
      </object_component>
      <object_component id="oc-18a">
         <name>__TI_handler_table</name>
         <load_address>0x1b98</load_address>
         <readonly>true</readonly>
         <run_address>0x1b98</run_address>
         <size>0xc</size>
         <alignment>0x4</alignment>
      </object_component>
      <object_component id="oc-18d">
         <name>.cinit..bss.load</name>
         <load_address>0x1ba4</load_address>
         <readonly>true</readonly>
         <run_address>0x1ba4</run_address>
         <size>0x8</size>
         <alignment>0x4</alignment>
      </object_component>
      <object_component id="oc-18c">
         <name>.cinit..data.load</name>
         <load_address>0x1bac</load_address>
         <readonly>true</readonly>
         <run_address>0x1bac</run_address>
         <size>0x8</size>
         <alignment>0x1</alignment>
      </object_component>
      <object_component id="oc-18b">
         <name>__TI_cinit_table</name>
         <load_address>0x1bb4</load_address>
         <readonly>true</readonly>
         <run_address>0x1bb4</run_address>
         <size>0x10</size>
         <alignment>0x4</alignment>
      </object_component>
      <object_component id="oc-102">
         <name>.rodata.Opt6</name>
         <load_address>0x16c0</load_address>
         <readonly>true</readonly>
         <run_address>0x16c0</run_address>
         <size>0x63</size>
         <alignment>0x1</alignment>
         <input_file_ref idref="fl-3"/>
      </object_component>
      <object_component id="oc-f5">
         <name>.rodata.Opt1</name>
         <load_address>0x1723</load_address>
         <readonly>true</readonly>
         <run_address>0x1723</run_address>
         <size>0x5e</size>
         <alignment>0x1</alignment>
         <input_file_ref idref="fl-3"/>
      </object_component>
      <object_component id="oc-f6">
         <name>.rodata.Opt2</name>
         <load_address>0x1781</load_address>
         <readonly>true</readonly>
         <run_address>0x1781</run_address>
         <size>0x5e</size>
         <alignment>0x1</alignment>
         <input_file_ref idref="fl-3"/>
      </object_component>
      <object_component id="oc-f7">
         <name>.rodata.Opt3</name>
         <load_address>0x17df</load_address>
         <readonly>true</readonly>
         <run_address>0x17df</run_address>
         <size>0x4c</size>
         <alignment>0x1</alignment>
         <input_file_ref idref="fl-3"/>
      </object_component>
      <object_component id="oc-f9">
         <name>.rodata.Opt5</name>
         <load_address>0x182b</load_address>
         <readonly>true</readonly>
         <run_address>0x182b</run_address>
         <size>0x4c</size>
         <alignment>0x1</alignment>
         <input_file_ref idref="fl-3"/>
      </object_component>
      <object_component id="oc-f8">
         <name>.rodata.Opt4</name>
         <load_address>0x1877</load_address>
         <readonly>true</readonly>
         <run_address>0x1877</run_address>
         <size>0x4b</size>
         <alignment>0x1</alignment>
         <input_file_ref idref="fl-3"/>
      </object_component>
      <object_component id="oc-ba">
         <name>.rodata.str1.7611219465175029692.1</name>
         <load_address>0x18c2</load_address>
         <readonly>true</readonly>
         <run_address>0x18c2</run_address>
         <size>0x41</size>
         <alignment>0x1</alignment>
         <input_file_ref idref="fl-3"/>
      </object_component>
      <object_component id="oc-b6">
         <name>.rodata.str1.14167211032119940855.1</name>
         <load_address>0x1903</load_address>
         <readonly>true</readonly>
         <run_address>0x1903</run_address>
         <size>0x3b</size>
         <alignment>0x1</alignment>
         <input_file_ref idref="fl-3"/>
      </object_component>
      <object_component id="oc-bb">
         <name>.rodata.str1.10028183028328596234.1</name>
         <load_address>0x193e</load_address>
         <readonly>true</readonly>
         <run_address>0x193e</run_address>
         <size>0x2e</size>
         <alignment>0x1</alignment>
         <input_file_ref idref="fl-3"/>
      </object_component>
      <object_component id="oc-ae">
         <name>.rodata.str1.5884217084199671873.1</name>
         <load_address>0x196c</load_address>
         <readonly>true</readonly>
         <run_address>0x196c</run_address>
         <size>0x2c</size>
         <alignment>0x1</alignment>
         <input_file_ref idref="fl-3"/>
      </object_component>
      <object_component id="oc-b3">
         <name>.rodata.str1.71093709781050727.1</name>
         <load_address>0x1998</load_address>
         <readonly>true</readonly>
         <run_address>0x1998</run_address>
         <size>0x26</size>
         <alignment>0x1</alignment>
         <input_file_ref idref="fl-3"/>
      </object_component>
      <object_component id="oc-103">
         <name>.rodata.str1.8371218585603936024.1</name>
         <load_address>0x19be</load_address>
         <readonly>true</readonly>
         <run_address>0x19be</run_address>
         <size>0x23</size>
         <alignment>0x1</alignment>
         <input_file_ref idref="fl-3"/>
      </object_component>
      <object_component id="oc-a9">
         <name>.rodata.str1.1273309005744257510.1</name>
         <load_address>0x19e1</load_address>
         <readonly>true</readonly>
         <run_address>0x19e1</run_address>
         <size>0x22</size>
         <alignment>0x1</alignment>
         <input_file_ref idref="fl-3"/>
      </object_component>
      <object_component id="oc-ec">
         <name>.rodata.str1.14740860933040362913.1</name>
         <load_address>0x1a03</load_address>
         <readonly>true</readonly>
         <run_address>0x1a03</run_address>
         <size>0x1e</size>
         <alignment>0x1</alignment>
         <input_file_ref idref="fl-3"/>
      </object_component>
      <object_component id="oc-b2">
         <name>.rodata.str1.14105076490205645612.1</name>
         <load_address>0x1a21</load_address>
         <readonly>true</readonly>
         <run_address>0x1a21</run_address>
         <size>0x1d</size>
         <alignment>0x1</alignment>
         <input_file_ref idref="fl-3"/>
      </object_component>
      <object_component id="oc-b5">
         <name>.rodata.str1.2656833094079386190.1</name>
         <load_address>0x1a3e</load_address>
         <readonly>true</readonly>
         <run_address>0x1a3e</run_address>
         <size>0x17</size>
         <alignment>0x1</alignment>
         <input_file_ref idref="fl-3"/>
      </object_component>
      <object_component id="oc-112">
         <name>.rodata.str1.12589316912930767067.1</name>
         <load_address>0x1a55</load_address>
         <readonly>true</readonly>
         <run_address>0x1a55</run_address>
         <size>0x13</size>
         <alignment>0x1</alignment>
         <input_file_ref idref="fl-3"/>
      </object_component>
      <object_component id="oc-110">
         <name>.rodata.str1.14221506610198825440.1</name>
         <load_address>0x1a68</load_address>
         <readonly>true</readonly>
         <run_address>0x1a68</run_address>
         <size>0x13</size>
         <alignment>0x1</alignment>
         <input_file_ref idref="fl-3"/>
      </object_component>
      <object_component id="oc-10e">
         <name>.rodata.str1.16243662291525365141.1</name>
         <load_address>0x1a7b</load_address>
         <readonly>true</readonly>
         <run_address>0x1a7b</run_address>
         <size>0x13</size>
         <alignment>0x1</alignment>
         <input_file_ref idref="fl-3"/>
      </object_component>
      <object_component id="oc-10d">
         <name>.rodata.str1.2741567128402822495.1</name>
         <load_address>0x1a8e</load_address>
         <readonly>true</readonly>
         <run_address>0x1a8e</run_address>
         <size>0x13</size>
         <alignment>0x1</alignment>
         <input_file_ref idref="fl-3"/>
      </object_component>
      <object_component id="oc-111">
         <name>.rodata.str1.3860622564831102230.1</name>
         <load_address>0x1aa1</load_address>
         <readonly>true</readonly>
         <run_address>0x1aa1</run_address>
         <size>0x13</size>
         <alignment>0x1</alignment>
         <input_file_ref idref="fl-3"/>
      </object_component>
      <object_component id="oc-113">
         <name>.rodata.str1.4178345537444201326.1</name>
         <load_address>0x1ab4</load_address>
         <readonly>true</readonly>
         <run_address>0x1ab4</run_address>
         <size>0x13</size>
         <alignment>0x1</alignment>
         <input_file_ref idref="fl-3"/>
      </object_component>
      <object_component id="oc-10f">
         <name>.rodata.str1.9729847172428850297.1</name>
         <load_address>0x1ac7</load_address>
         <readonly>true</readonly>
         <run_address>0x1ac7</run_address>
         <size>0x13</size>
         <alignment>0x1</alignment>
         <input_file_ref idref="fl-3"/>
      </object_component>
      <object_component id="oc-ad">
         <name>.rodata.str1.446784167373123758.1</name>
         <load_address>0x1ada</load_address>
         <readonly>true</readonly>
         <run_address>0x1ada</run_address>
         <size>0xd</size>
         <alignment>0x1</alignment>
         <input_file_ref idref="fl-3"/>
      </object_component>
      <object_component id="oc-137">
         <name>.rodata.str1.5981325785768784024.1</name>
         <load_address>0x1ae7</load_address>
         <readonly>true</readonly>
         <run_address>0x1ae7</run_address>
         <size>0xd</size>
         <alignment>0x1</alignment>
         <input_file_ref idref="fl-3"/>
      </object_component>
      <object_component id="oc-114">
         <name>.rodata.str1.13148345650194793942.1</name>
         <load_address>0x1af4</load_address>
         <readonly>true</readonly>
         <run_address>0x1af4</run_address>
         <size>0xc</size>
         <alignment>0x1</alignment>
         <input_file_ref idref="fl-3"/>
      </object_component>
      <object_component id="oc-118">
         <name>.rodata.str1.14461005554315496586.1</name>
         <load_address>0x1b00</load_address>
         <readonly>true</readonly>
         <run_address>0x1b00</run_address>
         <size>0xb</size>
         <alignment>0x1</alignment>
         <input_file_ref idref="fl-3"/>
      </object_component>
      <object_component id="oc-119">
         <name>.rodata.str1.17019419848584661982.1</name>
         <load_address>0x1b0b</load_address>
         <readonly>true</readonly>
         <run_address>0x1b0b</run_address>
         <size>0xb</size>
         <alignment>0x1</alignment>
         <input_file_ref idref="fl-3"/>
      </object_component>
      <object_component id="oc-10a">
         <name>.rodata.str1.2988048537109562105.1</name>
         <load_address>0x1b16</load_address>
         <readonly>true</readonly>
         <run_address>0x1b16</run_address>
         <size>0xb</size>
         <alignment>0x1</alignment>
         <input_file_ref idref="fl-3"/>
      </object_component>
      <object_component id="oc-10c">
         <name>.rodata.str1.3460177896125907972.1</name>
         <load_address>0x1b21</load_address>
         <readonly>true</readonly>
         <run_address>0x1b21</run_address>
         <size>0xb</size>
         <alignment>0x1</alignment>
         <input_file_ref idref="fl-3"/>
      </object_component>
      <object_component id="oc-117">
         <name>.rodata.str1.3806900187101934509.1</name>
         <load_address>0x1b2c</load_address>
         <readonly>true</readonly>
         <run_address>0x1b2c</run_address>
         <size>0xb</size>
         <alignment>0x1</alignment>
         <input_file_ref idref="fl-3"/>
      </object_component>
      <object_component id="oc-10b">
         <name>.rodata.str1.445181846136735316.1</name>
         <load_address>0x1b37</load_address>
         <readonly>true</readonly>
         <run_address>0x1b37</run_address>
         <size>0xb</size>
         <alignment>0x1</alignment>
         <input_file_ref idref="fl-3"/>
      </object_component>
      <object_component id="oc-104">
         <name>.rodata.str1.724229358730852764.1</name>
         <load_address>0x1b42</load_address>
         <readonly>true</readonly>
         <run_address>0x1b42</run_address>
         <size>0xb</size>
         <alignment>0x1</alignment>
         <input_file_ref idref="fl-3"/>
      </object_component>
      <object_component id="oc-109">
         <name>.rodata.str1.13172486538533942355.1</name>
         <load_address>0x1b4d</load_address>
         <readonly>true</readonly>
         <run_address>0x1b4d</run_address>
         <size>0xa</size>
         <alignment>0x1</alignment>
         <input_file_ref idref="fl-3"/>
      </object_component>
      <object_component id="oc-116">
         <name>.rodata.str1.7305632850560240436.1</name>
         <load_address>0x1b57</load_address>
         <readonly>true</readonly>
         <run_address>0x1b57</run_address>
         <size>0xa</size>
         <alignment>0x1</alignment>
         <input_file_ref idref="fl-3"/>
      </object_component>
      <object_component id="oc-139">
         <name>.rodata.str1.5493869440186072073.1</name>
         <load_address>0x1b61</load_address>
         <readonly>true</readonly>
         <run_address>0x1b61</run_address>
         <size>0x9</size>
         <alignment>0x1</alignment>
         <input_file_ref idref="fl-3"/>
      </object_component>
      <object_component id="oc-108">
         <name>.rodata.str1.17322389925949163687.1</name>
         <load_address>0x1b6a</load_address>
         <readonly>true</readonly>
         <run_address>0x1b6a</run_address>
         <size>0x8</size>
         <alignment>0x1</alignment>
         <input_file_ref idref="fl-3"/>
      </object_component>
      <object_component id="oc-115">
         <name>.rodata.str1.6366522012919665484.1</name>
         <load_address>0x1b72</load_address>
         <readonly>true</readonly>
         <run_address>0x1b72</run_address>
         <size>0x8</size>
         <alignment>0x1</alignment>
         <input_file_ref idref="fl-3"/>
      </object_component>
      <object_component id="oc-a8">
         <name>.rodata.str1.11258497750891450932.1</name>
         <load_address>0x1b7a</load_address>
         <readonly>true</readonly>
         <run_address>0x1b7a</run_address>
         <size>0x7</size>
         <alignment>0x1</alignment>
         <input_file_ref idref="fl-3"/>
      </object_component>
      <object_component id="oc-13b">
         <name>.rodata.str1.4029518276258050785.1</name>
         <load_address>0x1b81</load_address>
         <readonly>true</readonly>
         <run_address>0x1b81</run_address>
         <size>0x4</size>
         <alignment>0x1</alignment>
         <input_file_ref idref="fl-3"/>
      </object_component>
      <object_component id="oc-138">
         <name>.rodata.str1.7967879959970835550.1</name>
         <load_address>0x1b85</load_address>
         <readonly>true</readonly>
         <run_address>0x1b85</run_address>
         <size>0x4</size>
         <alignment>0x1</alignment>
         <input_file_ref idref="fl-3"/>
      </object_component>
      <object_component id="oc-b4">
         <name>.rodata.str1.13960682069406047303.1</name>
         <load_address>0x1b89</load_address>
         <readonly>true</readonly>
         <run_address>0x1b89</run_address>
         <size>0x3</size>
         <alignment>0x1</alignment>
         <input_file_ref idref="fl-3"/>
      </object_component>
      <object_component id="oc-13a">
         <name>.rodata.str1.16532461801689733244.1</name>
         <load_address>0x1b8c</load_address>
         <readonly>true</readonly>
         <run_address>0x1b8c</run_address>
         <size>0x3</size>
         <alignment>0x1</alignment>
         <input_file_ref idref="fl-3"/>
      </object_component>
      <object_component id="oc-13c">
         <name>.rodata.str1.6983715494468549202.1</name>
         <load_address>0x1b8f</load_address>
         <readonly>true</readonly>
         <run_address>0x1b8f</run_address>
         <size>0x3</size>
         <alignment>0x1</alignment>
         <input_file_ref idref="fl-3"/>
      </object_component>
      <object_component id="oc-154">
         <name>.binit</name>
         <load_address>0x0</load_address>
         <readonly>true</readonly>
         <run_address>0x0</run_address>
         <size>0x0</size>
         <alignment>0x4</alignment>
      </object_component>
      <object_component id="oc-de">
         <name>.data.BusFreq</name>
         <load_address>0x20200394</load_address>
         <readwrite>true</readwrite>
         <run_address>0x20200394</run_address>
         <size>0x4</size>
         <alignment>0x4</alignment>
         <input_file_ref idref="fl-1"/>
      </object_component>
      <object_component id="oc-ac">
         <name>.common:M</name>
         <uninitialized>true</uninitialized>
         <readwrite>true</readwrite>
         <run_address>0x2020037c</run_address>
         <size>0x4</size>
         <alignment>0x4</alignment>
      </object_component>
      <object_component id="oc-135">
         <name>.common:EIDs</name>
         <uninitialized>true</uninitialized>
         <readwrite>true</readwrite>
         <run_address>0x20200200</run_address>
         <size>0xc8</size>
         <alignment>0x1</alignment>
      </object_component>
      <object_component id="oc-134">
         <name>.common:SecondLetter</name>
         <uninitialized>true</uninitialized>
         <readwrite>true</readwrite>
         <run_address>0x20200390</run_address>
         <size>0x1</size>
         <alignment>0x1</alignment>
      </object_component>
      <object_component id="oc-af">
         <name>.common:student</name>
         <uninitialized>true</uninitialized>
         <readwrite>true</readwrite>
         <run_address>0x20200338</run_address>
         <size>0x14</size>
         <alignment>0x1</alignment>
      </object_component>
      <object_component id="oc-105">
         <name>.common:List</name>
         <uninitialized>true</uninitialized>
         <readwrite>true</readwrite>
         <run_address>0x202002c8</run_address>
         <size>0x50</size>
         <alignment>0x4</alignment>
      </object_component>
      <object_component id="oc-107">
         <name>.common:Correct</name>
         <uninitialized>true</uninitialized>
         <readwrite>true</readwrite>
         <run_address>0x20200318</run_address>
         <size>0x20</size>
         <alignment>0x4</alignment>
      </object_component>
      <object_component id="oc-b1">
         <name>.common:student2</name>
         <uninitialized>true</uninitialized>
         <readwrite>true</readwrite>
         <run_address>0x20200360</run_address>
         <size>0x14</size>
         <alignment>0x1</alignment>
      </object_component>
      <object_component id="oc-b0">
         <name>.common:student1</name>
         <uninitialized>true</uninitialized>
         <readwrite>true</readwrite>
         <run_address>0x2020034c</run_address>
         <size>0x14</size>
         <alignment>0x1</alignment>
      </object_component>
      <object_component id="oc-b9">
         <name>.common:Option</name>
         <uninitialized>true</uninitialized>
         <readwrite>true</readwrite>
         <run_address>0x20200380</run_address>
         <size>0x4</size>
         <alignment>0x4</alignment>
      </object_component>
      <object_component id="oc-106">
         <name>.common:YourAns</name>
         <uninitialized>true</uninitialized>
         <readwrite>true</readwrite>
         <run_address>0x2020038c</run_address>
         <size>0x4</size>
         <alignment>0x4</alignment>
      </object_component>
      <object_component id="oc-b7">
         <name>.common:Score</name>
         <uninitialized>true</uninitialized>
         <readwrite>true</readwrite>
         <run_address>0x20200384</run_address>
         <size>0x4</size>
         <alignment>0x4</alignment>
      </object_component>
      <object_component id="oc-aa">
         <name>.common:SizeofEID</name>
         <uninitialized>true</uninitialized>
         <readwrite>true</readwrite>
         <run_address>0x20200388</run_address>
         <size>0x4</size>
         <alignment>0x4</alignment>
      </object_component>
      <object_component id="oc-ab">
         <name>.common:IndexAtNumber</name>
         <uninitialized>true</uninitialized>
         <readwrite>true</readwrite>
         <run_address>0x20200378</run_address>
         <size>0x4</size>
         <alignment>0x4</alignment>
      </object_component>
      <object_component id="oc-b8">
         <name>.common:Dummy</name>
         <uninitialized>true</uninitialized>
         <readwrite>true</readwrite>
         <run_address>0x20200374</run_address>
         <size>0x4</size>
         <alignment>0x4</alignment>
      </object_component>
      <object_component id="oc-2f">
         <name>.sysmem</name>
         <uninitialized>true</uninitialized>
         <readwrite>true</readwrite>
         <run_address>0x20200000</run_address>
         <size>0x10</size>
         <alignment>0x8</alignment>
         <input_file_ref idref="fl-32"/>
      </object_component>
      <object_component id="oc-190">
         <name>.sysmem</name>
         <uninitialized>true</uninitialized>
         <readwrite>true</readwrite>
         <run_address>0x20200000</run_address>
         <size>0x0</size>
         <alignment>0x4</alignment>
      </object_component>
      <object_component id="oc-1a">
         <name>.stack</name>
         <uninitialized>true</uninitialized>
         <readwrite>true</readwrite>
         <run_address>0x20207e00</run_address>
         <size>0x4</size>
         <alignment>0x4</alignment>
         <input_file_ref idref="fl-34"/>
      </object_component>
      <object_component id="oc-18f">
         <name>.stack</name>
         <uninitialized>true</uninitialized>
         <readwrite>true</readwrite>
         <run_address>0x20207e00</run_address>
         <size>0x0</size>
         <alignment>0x8</alignment>
      </object_component>
      <object_component id="oc-df">
         <name>.debug_abbrev</name>
         <load_address>0x0</load_address>
         <run_address>0x0</run_address>
         <size>0x16c</size>
         <alignment>0x1</alignment>
         <input_file_ref idref="fl-1"/>
      </object_component>
      <object_component id="oc-11a">
         <name>.debug_abbrev</name>
         <load_address>0x16c</load_address>
         <run_address>0x16c</run_address>
         <size>0x21</size>
         <alignment>0x1</alignment>
         <input_file_ref idref="fl-2"/>
      </object_component>
      <object_component id="oc-bc">
         <name>.debug_abbrev</name>
         <load_address>0x18d</load_address>
         <run_address>0x18d</run_address>
         <size>0x16f</size>
         <alignment>0x1</alignment>
         <input_file_ref idref="fl-3"/>
      </object_component>
      <object_component id="oc-e2">
         <name>.debug_abbrev</name>
         <load_address>0x2fc</load_address>
         <run_address>0x2fc</run_address>
         <size>0x10d</size>
         <alignment>0x1</alignment>
         <input_file_ref idref="fl-4"/>
      </object_component>
      <object_component id="oc-ea">
         <name>.debug_abbrev</name>
         <load_address>0x409</load_address>
         <run_address>0x409</run_address>
         <size>0xdc</size>
         <alignment>0x1</alignment>
         <input_file_ref idref="fl-5"/>
      </object_component>
      <object_component id="oc-e6">
         <name>.debug_abbrev</name>
         <load_address>0x4e5</load_address>
         <run_address>0x4e5</run_address>
         <size>0xe6</size>
         <alignment>0x1</alignment>
         <input_file_ref idref="fl-6"/>
      </object_component>
      <object_component id="oc-37">
         <name>.debug_abbrev</name>
         <load_address>0x5cb</load_address>
         <run_address>0x5cb</run_address>
         <size>0x6d</size>
         <alignment>0x1</alignment>
         <input_file_ref idref="fl-7"/>
      </object_component>
      <object_component id="oc-e8">
         <name>.debug_abbrev</name>
         <load_address>0x638</load_address>
         <run_address>0x638</run_address>
         <size>0x21</size>
         <alignment>0x1</alignment>
         <input_file_ref idref="fl-2c"/>
      </object_component>
      <object_component id="oc-11f">
         <name>.debug_abbrev</name>
         <load_address>0x659</load_address>
         <run_address>0x659</run_address>
         <size>0x98</size>
         <alignment>0x1</alignment>
         <input_file_ref idref="fl-2e"/>
      </object_component>
      <object_component id="oc-59">
         <name>.debug_abbrev</name>
         <load_address>0x6f1</load_address>
         <run_address>0x6f1</run_address>
         <size>0x299</size>
         <alignment>0x1</alignment>
         <input_file_ref idref="fl-32"/>
      </object_component>
      <object_component id="oc-ed">
         <name>.debug_abbrev</name>
         <load_address>0x98a</load_address>
         <run_address>0x98a</run_address>
         <size>0x6c</size>
         <alignment>0x1</alignment>
         <input_file_ref idref="fl-33"/>
      </object_component>
      <object_component id="oc-39">
         <name>.debug_abbrev</name>
         <load_address>0x9f6</load_address>
         <run_address>0x9f6</run_address>
         <size>0xaf</size>
         <alignment>0x1</alignment>
         <input_file_ref idref="fl-34"/>
      </object_component>
      <object_component id="oc-125">
         <name>.debug_abbrev</name>
         <load_address>0xaa5</load_address>
         <run_address>0xaa5</run_address>
         <size>0x170</size>
         <alignment>0x1</alignment>
         <input_file_ref idref="fl-36"/>
      </object_component>
      <object_component id="oc-82">
         <name>.debug_abbrev</name>
         <load_address>0xc15</load_address>
         <run_address>0xc15</run_address>
         <size>0x39</size>
         <alignment>0x1</alignment>
         <input_file_ref idref="fl-37"/>
      </object_component>
      <object_component id="oc-60">
         <name>.debug_abbrev</name>
         <load_address>0xc4e</load_address>
         <run_address>0xc4e</run_address>
         <size>0xc2</size>
         <alignment>0x1</alignment>
         <input_file_ref idref="fl-39"/>
      </object_component>
      <object_component id="oc-46">
         <name>.debug_abbrev</name>
         <load_address>0xd10</load_address>
         <run_address>0xd10</run_address>
         <size>0x70</size>
         <alignment>0x1</alignment>
         <input_file_ref idref="fl-3a"/>
      </object_component>
      <object_component id="oc-3e">
         <name>.debug_abbrev</name>
         <load_address>0xd80</load_address>
         <run_address>0xd80</run_address>
         <size>0x8d</size>
         <alignment>0x1</alignment>
         <input_file_ref idref="fl-3b"/>
      </object_component>
      <object_component id="oc-13d">
         <name>.debug_abbrev</name>
         <load_address>0xe0d</load_address>
         <run_address>0xe0d</run_address>
         <size>0x2c</size>
         <alignment>0x1</alignment>
         <input_file_ref idref="fl-ea"/>
      </object_component>
      <object_component id="oc-5f">
         <name>.debug_abbrev</name>
         <load_address>0xe39</load_address>
         <run_address>0xe39</run_address>
         <size>0x27</size>
         <alignment>0x1</alignment>
         <input_file_ref idref="fl-104"/>
      </object_component>
      <object_component id="oc-132">
         <name>.debug_abbrev</name>
         <load_address>0xe60</load_address>
         <run_address>0xe60</run_address>
         <size>0x27</size>
         <alignment>0x1</alignment>
         <input_file_ref idref="fl-106"/>
      </object_component>
      <object_component id="oc-148">
         <name>.debug_abbrev</name>
         <load_address>0xe87</load_address>
         <run_address>0xe87</run_address>
         <size>0x59</size>
         <alignment>0x1</alignment>
         <input_file_ref idref="fl-10b"/>
      </object_component>
      <object_component id="oc-d7">
         <name>.debug_abbrev</name>
         <load_address>0xee0</load_address>
         <run_address>0xee0</run_address>
         <size>0x25</size>
         <alignment>0x1</alignment>
         <input_file_ref idref="fl-10d"/>
      </object_component>
      <object_component id="oc-192">
         <name>.debug_abbrev</name>
         <load_address>0xf05</load_address>
         <run_address>0xf05</run_address>
         <size>0xf</size>
         <alignment>0x0</alignment>
      </object_component>
      <object_component id="oc-87">
         <name>.debug_info</name>
         <load_address>0x0</load_address>
         <run_address>0x0</run_address>
         <size>0x1363</size>
         <alignment>0x1</alignment>
         <input_file_ref idref="fl-1"/>
      </object_component>
      <object_component id="oc-a6">
         <name>.debug_info</name>
         <load_address>0x1363</load_address>
         <run_address>0x1363</run_address>
         <size>0x25c</size>
         <alignment>0x1</alignment>
         <input_file_ref idref="fl-2"/>
      </object_component>
      <object_component id="oc-6d">
         <name>.debug_info</name>
         <load_address>0x15bf</load_address>
         <run_address>0x15bf</run_address>
         <size>0xe63</size>
         <alignment>0x1</alignment>
         <input_file_ref idref="fl-3"/>
      </object_component>
      <object_component id="oc-8b">
         <name>.debug_info</name>
         <load_address>0x2422</load_address>
         <run_address>0x2422</run_address>
         <size>0x879</size>
         <alignment>0x1</alignment>
         <input_file_ref idref="fl-4"/>
      </object_component>
      <object_component id="oc-9b">
         <name>.debug_info</name>
         <load_address>0x2c9b</load_address>
         <run_address>0x2c9b</run_address>
         <size>0x5da</size>
         <alignment>0x1</alignment>
         <input_file_ref idref="fl-5"/>
      </object_component>
      <object_component id="oc-91">
         <name>.debug_info</name>
         <load_address>0x3275</load_address>
         <run_address>0x3275</run_address>
         <size>0x63f</size>
         <alignment>0x1</alignment>
         <input_file_ref idref="fl-6"/>
      </object_component>
      <object_component id="oc-19">
         <name>.debug_info</name>
         <load_address>0x38b4</load_address>
         <run_address>0x38b4</run_address>
         <size>0x94</size>
         <alignment>0x1</alignment>
         <input_file_ref idref="fl-7"/>
      </object_component>
      <object_component id="oc-95">
         <name>.debug_info</name>
         <load_address>0x3948</load_address>
         <run_address>0x3948</run_address>
         <size>0x10d</size>
         <alignment>0x1</alignment>
         <input_file_ref idref="fl-2c"/>
      </object_component>
      <object_component id="oc-bf">
         <name>.debug_info</name>
         <load_address>0x3a55</load_address>
         <run_address>0x3a55</run_address>
         <size>0xf8</size>
         <alignment>0x1</alignment>
         <input_file_ref idref="fl-2e"/>
      </object_component>
      <object_component id="oc-30">
         <name>.debug_info</name>
         <load_address>0x3b4d</load_address>
         <run_address>0x3b4d</run_address>
         <size>0xae7</size>
         <alignment>0x1</alignment>
         <input_file_ref idref="fl-32"/>
      </object_component>
      <object_component id="oc-9e">
         <name>.debug_info</name>
         <load_address>0x4634</load_address>
         <run_address>0x4634</run_address>
         <size>0x9d</size>
         <alignment>0x1</alignment>
         <input_file_ref idref="fl-33"/>
      </object_component>
      <object_component id="oc-1b">
         <name>.debug_info</name>
         <load_address>0x46d1</load_address>
         <run_address>0x46d1</run_address>
         <size>0x423</size>
         <alignment>0x1</alignment>
         <input_file_ref idref="fl-34"/>
      </object_component>
      <object_component id="oc-c7">
         <name>.debug_info</name>
         <load_address>0x4af4</load_address>
         <run_address>0x4af4</run_address>
         <size>0x744</size>
         <alignment>0x1</alignment>
         <input_file_ref idref="fl-36"/>
      </object_component>
      <object_component id="oc-69">
         <name>.debug_info</name>
         <load_address>0x5238</load_address>
         <run_address>0x5238</run_address>
         <size>0x46</size>
         <alignment>0x1</alignment>
         <input_file_ref idref="fl-37"/>
      </object_component>
      <object_component id="oc-4c">
         <name>.debug_info</name>
         <load_address>0x527e</load_address>
         <run_address>0x527e</run_address>
         <size>0x192</size>
         <alignment>0x1</alignment>
         <input_file_ref idref="fl-39"/>
      </object_component>
      <object_component id="oc-21">
         <name>.debug_info</name>
         <load_address>0x5410</load_address>
         <run_address>0x5410</run_address>
         <size>0xc6</size>
         <alignment>0x1</alignment>
         <input_file_ref idref="fl-3a"/>
      </object_component>
      <object_component id="oc-1d">
         <name>.debug_info</name>
         <load_address>0x54d6</load_address>
         <run_address>0x54d6</run_address>
         <size>0x17c</size>
         <alignment>0x1</alignment>
         <input_file_ref idref="fl-3b"/>
      </object_component>
      <object_component id="oc-11d">
         <name>.debug_info</name>
         <load_address>0x5652</load_address>
         <run_address>0x5652</run_address>
         <size>0x3b</size>
         <alignment>0x1</alignment>
         <input_file_ref idref="fl-ea"/>
      </object_component>
      <object_component id="oc-45">
         <name>.debug_info</name>
         <load_address>0x568d</load_address>
         <run_address>0x568d</run_address>
         <size>0x18b</size>
         <alignment>0x1</alignment>
         <input_file_ref idref="fl-104"/>
      </object_component>
      <object_component id="oc-f2">
         <name>.debug_info</name>
         <load_address>0x5818</load_address>
         <run_address>0x5818</run_address>
         <size>0x1ae</size>
         <alignment>0x1</alignment>
         <input_file_ref idref="fl-106"/>
      </object_component>
      <object_component id="oc-12e">
         <name>.debug_info</name>
         <load_address>0x59c6</load_address>
         <run_address>0x59c6</run_address>
         <size>0x85</size>
         <alignment>0x1</alignment>
         <input_file_ref idref="fl-10b"/>
      </object_component>
      <object_component id="oc-7d">
         <name>.debug_info</name>
         <load_address>0x5a4b</load_address>
         <run_address>0x5a4b</run_address>
         <size>0x2f3</size>
         <alignment>0x1</alignment>
         <input_file_ref idref="fl-10d"/>
      </object_component>
      <object_component id="oc-191">
         <name>.debug_info</name>
         <load_address>0x5d3e</load_address>
         <run_address>0x5d3e</run_address>
         <size>0xde</size>
         <alignment>0x0</alignment>
      </object_component>
      <object_component id="oc-85">
         <name>.debug_ranges</name>
         <load_address>0x0</load_address>
         <run_address>0x0</run_address>
         <size>0x58</size>
         <alignment>0x1</alignment>
         <input_file_ref idref="fl-1"/>
      </object_component>
      <object_component id="oc-6f">
         <name>.debug_ranges</name>
         <load_address>0x58</load_address>
         <run_address>0x58</run_address>
         <size>0x80</size>
         <alignment>0x1</alignment>
         <input_file_ref idref="fl-3"/>
      </object_component>
      <object_component id="oc-8a">
         <name>.debug_ranges</name>
         <load_address>0xd8</load_address>
         <run_address>0xd8</run_address>
         <size>0x60</size>
         <alignment>0x1</alignment>
         <input_file_ref idref="fl-4"/>
      </object_component>
      <object_component id="oc-98">
         <name>.debug_ranges</name>
         <load_address>0x138</load_address>
         <run_address>0x138</run_address>
         <size>0x80</size>
         <alignment>0x1</alignment>
         <input_file_ref idref="fl-5"/>
      </object_component>
      <object_component id="oc-92">
         <name>.debug_ranges</name>
         <load_address>0x1b8</load_address>
         <run_address>0x1b8</run_address>
         <size>0x38</size>
         <alignment>0x1</alignment>
         <input_file_ref idref="fl-6"/>
      </object_component>
      <object_component id="oc-33">
         <name>.debug_ranges</name>
         <load_address>0x1f0</load_address>
         <run_address>0x1f0</run_address>
         <size>0x20</size>
         <alignment>0x1</alignment>
         <input_file_ref idref="fl-7"/>
      </object_component>
      <object_component id="oc-c1">
         <name>.debug_ranges</name>
         <load_address>0x210</load_address>
         <run_address>0x210</run_address>
         <size>0x18</size>
         <alignment>0x1</alignment>
         <input_file_ref idref="fl-2e"/>
      </object_component>
      <object_component id="oc-5c">
         <name>.debug_ranges</name>
         <load_address>0x228</load_address>
         <run_address>0x228</run_address>
         <size>0xa0</size>
         <alignment>0x1</alignment>
         <input_file_ref idref="fl-32"/>
      </object_component>
      <object_component id="oc-3c">
         <name>.debug_ranges</name>
         <load_address>0x2c8</load_address>
         <run_address>0x2c8</run_address>
         <size>0x48</size>
         <alignment>0x1</alignment>
         <input_file_ref idref="fl-34"/>
      </object_component>
      <object_component id="oc-c9">
         <name>.debug_ranges</name>
         <load_address>0x310</load_address>
         <run_address>0x310</run_address>
         <size>0x48</size>
         <alignment>0x1</alignment>
         <input_file_ref idref="fl-36"/>
      </object_component>
      <object_component id="oc-4d">
         <name>.debug_ranges</name>
         <load_address>0x358</load_address>
         <run_address>0x358</run_address>
         <size>0x18</size>
         <alignment>0x1</alignment>
         <input_file_ref idref="fl-39"/>
      </object_component>
      <object_component id="oc-41">
         <name>.debug_ranges</name>
         <load_address>0x370</load_address>
         <run_address>0x370</run_address>
         <size>0x50</size>
         <alignment>0x1</alignment>
         <input_file_ref idref="fl-3b"/>
      </object_component>
      <object_component id="oc-12f">
         <name>.debug_ranges</name>
         <load_address>0x3c0</load_address>
         <run_address>0x3c0</run_address>
         <size>0x18</size>
         <alignment>0x1</alignment>
         <input_file_ref idref="fl-10b"/>
      </object_component>
      <object_component id="oc-7e">
         <name>.debug_ranges</name>
         <load_address>0x3d8</load_address>
         <run_address>0x3d8</run_address>
         <size>0x28</size>
         <alignment>0x1</alignment>
         <input_file_ref idref="fl-10d"/>
      </object_component>
      <object_component id="oc-e0">
         <name>.debug_str</name>
         <load_address>0x0</load_address>
         <run_address>0x0</run_address>
         <size>0x970</size>
         <alignment>0x1</alignment>
         <input_file_ref idref="fl-1"/>
      </object_component>
      <object_component id="oc-bd">
         <name>.debug_str</name>
         <load_address>0x970</load_address>
         <run_address>0x970</run_address>
         <size>0x2e7</size>
         <alignment>0x1</alignment>
         <input_file_ref idref="fl-3"/>
      </object_component>
      <object_component id="oc-e3">
         <name>.debug_str</name>
         <load_address>0xc57</load_address>
         <run_address>0xc57</run_address>
         <size>0x5a5</size>
         <alignment>0x1</alignment>
         <input_file_ref idref="fl-4"/>
      </object_component>
      <object_component id="oc-eb">
         <name>.debug_str</name>
         <load_address>0x11fc</load_address>
         <run_address>0x11fc</run_address>
         <size>0x379</size>
         <alignment>0x1</alignment>
         <input_file_ref idref="fl-5"/>
      </object_component>
      <object_component id="oc-e7">
         <name>.debug_str</name>
         <load_address>0x1575</load_address>
         <run_address>0x1575</run_address>
         <size>0x3e8</size>
         <alignment>0x1</alignment>
         <input_file_ref idref="fl-6"/>
      </object_component>
      <object_component id="oc-38">
         <name>.debug_str</name>
         <load_address>0x195d</load_address>
         <run_address>0x195d</run_address>
         <size>0x160</size>
         <alignment>0x1</alignment>
         <input_file_ref idref="fl-7"/>
      </object_component>
      <object_component id="oc-120">
         <name>.debug_str</name>
         <load_address>0x1abd</load_address>
         <run_address>0x1abd</run_address>
         <size>0x141</size>
         <alignment>0x1</alignment>
         <input_file_ref idref="fl-2e"/>
      </object_component>
      <object_component id="oc-5a">
         <name>.debug_str</name>
         <load_address>0x1bfe</load_address>
         <run_address>0x1bfe</run_address>
         <size>0x3c4</size>
         <alignment>0x1</alignment>
         <input_file_ref idref="fl-32"/>
      </object_component>
      <object_component id="oc-ee">
         <name>.debug_str</name>
         <load_address>0x1fc2</load_address>
         <run_address>0x1fc2</run_address>
         <size>0xf0</size>
         <alignment>0x1</alignment>
         <input_file_ref idref="fl-33"/>
      </object_component>
      <object_component id="oc-3a">
         <name>.debug_str</name>
         <load_address>0x20b2</load_address>
[...]
         <page_id>0x0</page_id>
         <origin>0x41c00100</origin>
         <length>0x80</length>
         <used_space>0x0</used_space>
         <unused_space>0x80</unused_space>
         <attributes>R</attributes>
         <usage_details>
         </usage_details>
      </memory_area>
   </placement_map>
   <cptbl_list>
      <cptbl>
         <name>__TI_cinit_table</name>
         <cprec>
            <name>.bss</name>
            <load_address>0x1ba4</load_address>
            <load_size>0x8</load_size>
            <run_address>0x20200200</run_address>
            <run_size>0x191</run_size>
            <compression>zero_init</compression>
         </cprec>
         <cprec>
            <name>.data</name>
            <load_address>0x1bac</load_address>
            <load_size>0x8</load_size>
            <run_address>0x20200394</run_address>
            <run_size>0x4</run_size>
            <compression>lzss</compression>
         </cprec>
      </cptbl>
   </cptbl_list>
   <handler_table>
      <handler_table_name>__TI_handler_table</handler_table_name>
      <handler>
         <index>0x0</index>
         <name>__TI_decompress_lzss</name>
      </handler>
      <handler>
         <index>0x1</index>
         <name>__TI_decompress_none</name>
      </handler>
      <handler>
         <index>0x2</index>
         <name>__TI_zero_init</name>
      </handler>
   </handler_table>
   <symbol_table>
      <symbol id="sm-1">
         <name>__start___llvm_prf_cnts</name>
         <value>0x20200000</value>
      </symbol>
      <symbol id="sm-2">
         <name>__stop___llvm_prf_cnts</name>
         <value>0x20200000</value>
      </symbol>
      <symbol id="sm-3">
         <name>__start___llvm_prf_bits</name>
         <value>0x20200000</value>
      </symbol>
      <symbol id="sm-4">
         <name>__stop___llvm_prf_bits</name>
         <value>0x20200000</value>
      </symbol>
      <symbol id="sm-5">
         <name>__TI_CINIT_Base</name>
         <value>0x1bb4</value>
      </symbol>
      <symbol id="sm-6">
         <name>__TI_CINIT_Limit</name>
         <value>0x1bc4</value>
      </symbol>
      <symbol id="sm-7">
         <name>__TI_CINIT_Warm</name>
         <value>0x1bc4</value>
      </symbol>
      <symbol id="sm-8">
         <name>__TI_Handler_Table_Base</name>
         <value>0x1b98</value>
      </symbol>
      <symbol id="sm-9">
         <name>__TI_Handler_Table_Limit</name>
         <value>0x1ba4</value>
      </symbol>
      <symbol id="sm-a">
         <name>binit</name>
         <value>0xffffffff</value>
      </symbol>
      <symbol id="sm-b">
         <name>__binit__</name>
         <value>0xffffffff</value>
      </symbol>
      <symbol id="sm-c">
         <name>__STACK_SIZE</name>
         <value>0x200</value>
      </symbol>
      <symbol id="sm-d">
         <name>__STACK_END</name>
         <value>0x20208000</value>
      </symbol>
      <symbol id="sm-e">
         <name>__SYSMEM_SIZE</name>
         <value>0x200</value>
      </symbol>
      <symbol id="sm-f">
         <name>__TI_pprof_out_hndl</name>
         <value>0xffffffff</value>
      </symbol>
      <symbol id="sm-10">
         <name>__TI_prof_data_start</name>
         <value>0xffffffff</value>
      </symbol>
      <symbol id="sm-11">
         <name>__TI_prof_data_size</name>
         <value>0xffffffff</value>
      </symbol>
      <symbol id="sm-43">
         <name>Clock_Freq</name>
         <value>0x1695</value>
         <object_component_ref idref="oc-e5"/>
      </symbol>
      <symbol id="sm-44">
         <name>BusFreq</name>
         <value>0x20200394</value>
         <object_component_ref idref="oc-de"/>
      </symbol>
      <symbol id="sm-45">
         <name>Clock_Init80MHz</name>
         <value>0x8ed</value>
         <object_component_ref idref="oc-84"/>
      </symbol>
      <symbol id="sm-46">
         <name>Clock_Delay</name>
         <value>0x1653</value>
         <object_component_ref idref="oc-e4"/>
      </symbol>
      <symbol id="sm-5a">
         <name>EID</name>
         <value>0x11dc</value>
         <object_component_ref idref="oc-a4"/>
      </symbol>
      <symbol id="sm-5b">
         <name>Phase</name>
         <value>0x11e4</value>
         <object_component_ref idref="oc-a4"/>
      </symbol>
      <symbol id="sm-5c">
         <name>Lab1</name>
         <value>0x11e8</value>
         <object_component_ref idref="oc-a4"/>
      </symbol>
      <symbol id="sm-5d">
         <name>myClass</name>
         <value>0x1230</value>
         <object_component_ref idref="oc-a4"/>
      </symbol>
      <symbol id="sm-d7">
         <name>Random32</name>
         <value>0x15a9</value>
         <object_component_ref idref="oc-f4"/>
      </symbol>
      <symbol id="sm-d8">
         <name>M</name>
         <value>0x2020037c</value>
      </symbol>
      <symbol id="sm-d9">
         <name>Random</name>
         <value>0x1601</value>
         <object_component_ref idref="oc-a2"/>
      </symbol>
      <symbol id="sm-da">
         <name>BuildEID</name>
         <value>0xaa1</value>
         <object_component_ref idref="oc-133"/>
      </symbol>
      <symbol id="sm-db">
         <name>EIDs</name>
         <value>0x20200200</value>
      </symbol>
      <symbol id="sm-dc">
         <name>SecondLetter</name>
         <value>0x20200390</value>
      </symbol>
      <symbol id="sm-dd">
         <name>student</name>
         <value>0x20200338</value>
      </symbol>
      <symbol id="sm-de">
         <name>OptFill1</name>
         <value>0xf39</value>
         <object_component_ref idref="oc-fa"/>
      </symbol>
      <symbol id="sm-df">
         <name>List</name>
         <value>0x202002c8</value>
      </symbol>
      <symbol id="sm-e0">
         <name>Correct</name>
         <value>0x20200318</value>
      </symbol>
      <symbol id="sm-e1">
         <name>student2</name>
         <value>0x20200360</value>
      </symbol>
      <symbol id="sm-e2">
         <name>OptFill2</name>
         <value>0xb95</value>
         <object_component_ref idref="oc-fc"/>
      </symbol>
      <symbol id="sm-e3">
         <name>student1</name>
         <value>0x2020034c</value>
      </symbol>
      <symbol id="sm-e4">
         <name>OptFill3</name>
         <value>0x10ad</value>
         <object_component_ref idref="oc-fd"/>
      </symbol>
      <symbol id="sm-e5">
         <name>OptFill4</name>
         <value>0x1145</value>
         <object_component_ref idref="oc-fe"/>
      </symbol>
      <symbol id="sm-e6">
         <name>OptFill5</name>
         <value>0x14dd</value>
         <object_component_ref idref="oc-ff"/>
      </symbol>
      <symbol id="sm-e7">
         <name>OptFill6</name>
         <value>0xc81</value>
         <object_component_ref idref="oc-100"/>
      </symbol>
      <symbol id="sm-e8">
         <name>OptFill7</name>
         <value>0xd69</value>
         <object_component_ref idref="oc-101"/>
      </symbol>
      <symbol id="sm-e9">
         <name>Show</name>
         <value>0x1009</value>
         <object_component_ref idref="oc-fb"/>
      </symbol>
      <symbol id="sm-ea">
         <name>Option</name>
         <value>0x20200380</value>
      </symbol>
      <symbol id="sm-eb">
         <name>Run</name>
         <value>0xc1</value>
         <object_component_ref idref="oc-a3"/>
      </symbol>
      <symbol id="sm-ec">
         <name>Opt1</name>
         <value>0x1723</value>
         <object_component_ref idref="oc-f5"/>
      </symbol>
      <symbol id="sm-ed">
         <name>Opt2</name>
         <value>0x1781</value>
         <object_component_ref idref="oc-f6"/>
      </symbol>
      <symbol id="sm-ee">
         <name>Opt3</name>
         <value>0x17df</value>
         <object_component_ref idref="oc-f7"/>
      </symbol>
      <symbol id="sm-ef">
         <name>Opt4</name>
         <value>0x1877</value>
         <object_component_ref idref="oc-f8"/>
      </symbol>
      <symbol id="sm-f0">
         <name>Opt5</name>
         <value>0x182b</value>
         <object_component_ref idref="oc-f9"/>
      </symbol>
      <symbol id="sm-f1">
         <name>Opt6</name>
         <value>0x16c0</value>
         <object_component_ref idref="oc-102"/>
      </symbol>
      <symbol id="sm-f2">
         <name>YourAns</name>
         <value>0x2020038c</value>
      </symbol>
      <symbol id="sm-f3">
         <name>Score</name>
         <value>0x20200384</value>
      </symbol>
      <symbol id="sm-f4">
         <name>EndLab1</name>
         <value>0x1675</value>
         <object_component_ref idref="oc-9c"/>
      </symbol>
      <symbol id="sm-f5">
         <name>main</name>
         <value>0x689</value>
         <object_component_ref idref="oc-6b"/>
      </symbol>
      <symbol id="sm-f6">
         <name>SizeofEID</name>
         <value>0x20200388</value>
      </symbol>
      <symbol id="sm-f7">
         <name>IndexAtNumber</name>
         <value>0x20200378</value>
      </symbol>
      <symbol id="sm-f8">
         <name>Dummy</name>
         <value>0x20200374</value>
      </symbol>
      <symbol id="sm-108">
         <name>Delay</name>
         <value>0x1663</value>
         <object_component_ref idref="oc-12c"/>
      </symbol>
      <symbol id="sm-109">
         <name>ActivatePortA_B</name>
         <value>0x146d</value>
         <object_component_ref idref="oc-e1"/>
      </symbol>
      <symbol id="sm-10a">
         <name>LaunchPad_Init</name>
         <value>0x12f9</value>
         <object_component_ref idref="oc-89"/>
      </symbol>
      <symbol id="sm-117">
         <name>UART_OutString</name>
         <value>0x1583</value>
         <object_component_ref idref="oc-97"/>
      </symbol>
      <symbol id="sm-118">
         <name>UART_OutUDec</name>
         <value>0x14a5</value>
         <object_component_ref idref="oc-a1"/>
      </symbol>
      <symbol id="sm-119">
         <name>UART_OutSDec</name>
         <value>0x155d</value>
         <object_component_ref idref="oc-136"/>
      </symbol>
      <symbol id="sm-126">
         <name>UART_Init</name>
         <value>0xe51</value>
         <object_component_ref idref="oc-8e"/>
      </symbol>
      <symbol id="sm-127">
         <name>UART_OutChar</name>
         <value>0x1509</value>
         <object_component_ref idref="oc-e9"/>
      </symbol>
      <symbol id="sm-138">
         <name>Default_Handler</name>
         <value>0x15c9</value>
         <object_component_ref idref="oc-35"/>
      </symbol>
      <symbol id="sm-139">
         <name>Reset_Handler</name>
         <value>0x16af</value>
         <object_component_ref idref="oc-31"/>
      </symbol>
      <symbol id="sm-13a">
         <name>HardFault_Handler</name>
         <value>0x15e5</value>
         <object_component_ref idref="oc-36"/>
      </symbol>
      <symbol id="sm-13b">
         <name>interruptVectors</name>
         <value>0x0</value>
         <object_component_ref idref="oc-18"/>
      </symbol>
      <symbol id="sm-13c">
         <name>NMI_Handler</name>
         <value>0x15c9</value>
         <object_component_ref idref="oc-35"/>
      </symbol>
      <symbol id="sm-13d">
         <name>SVC_Handler</name>
         <value>0x15c9</value>
         <object_component_ref idref="oc-35"/>
      </symbol>
      <symbol id="sm-13e">
         <name>PendSV_Handler</name>
         <value>0x15c9</value>
         <object_component_ref idref="oc-35"/>
      </symbol>
      <symbol id="sm-13f">
         <name>SysTick_Handler</name>
         <value>0x15c9</value>
         <object_component_ref idref="oc-35"/>
      </symbol>
      <symbol id="sm-140">
         <name>GROUP0_IRQHandler</name>
         <value>0x15c9</value>
         <object_component_ref idref="oc-35"/>
      </symbol>
      <symbol id="sm-141">
         <name>GROUP1_IRQHandler</name>
         <value>0x15c9</value>
         <object_component_ref idref="oc-35"/>
      </symbol>
      <symbol id="sm-142">
         <name>TIMG8_IRQHandler</name>
         <value>0x15c9</value>
         <object_component_ref idref="oc-35"/>
      </symbol>
      <symbol id="sm-143">
         <name>UART3_IRQHandler</name>
         <value>0x15c9</value>
         <object_component_ref idref="oc-35"/>
      </symbol>
      <symbol id="sm-144">
         <name>ADC0_IRQHandler</name>
         <value>0x15c9</value>
         <object_component_ref idref="oc-35"/>
      </symbol>
      <symbol id="sm-145">
         <name>ADC1_IRQHandler</name>
         <value>0x15c9</value>
         <object_component_ref idref="oc-35"/>
      </symbol>
      <symbol id="sm-146">
         <name>CANFD0_IRQHandler</name>
         <value>0x15c9</value>
         <object_component_ref idref="oc-35"/>
      </symbol>
      <symbol id="sm-147">
         <name>DAC0_IRQHandler</name>
         <value>0x15c9</value>
         <object_component_ref idref="oc-35"/>
      </symbol>
      <symbol id="sm-148">
         <name>SPI0_IRQHandler</name>
         <value>0x15c9</value>
         <object_component_ref idref="oc-35"/>
      </symbol>
      <symbol id="sm-149">
         <name>SPI1_IRQHandler</name>
         <value>0x15c9</value>
         <object_component_ref idref="oc-35"/>
      </symbol>
      <symbol id="sm-14a">
         <name>UART1_IRQHandler</name>
         <value>0x15c9</value>
         <object_component_ref idref="oc-35"/>
      </symbol>
      <symbol id="sm-14b">
         <name>UART2_IRQHandler</name>
         <value>0x15c9</value>
         <object_component_ref idref="oc-35"/>
      </symbol>
      <symbol id="sm-14c">
         <name>UART0_IRQHandler</name>
         <value>0x15c9</value>
         <object_component_ref idref="oc-35"/>
      </symbol>
      <symbol id="sm-14d">
         <name>TIMG0_IRQHandler</name>
         <value>0x15c9</value>
         <object_component_ref idref="oc-35"/>
      </symbol>
      <symbol id="sm-14e">
         <name>TIMG6_IRQHandler</name>
         <value>0x15c9</value>
         <object_component_ref idref="oc-35"/>
      </symbol>
      <symbol id="sm-14f">
         <name>TIMA0_IRQHandler</name>
         <value>0x15c9</value>
         <object_component_ref idref="oc-35"/>
      </symbol>
      <symbol id="sm-150">
         <name>TIMA1_IRQHandler</name>
         <value>0x15c9</value>
         <object_component_ref idref="oc-35"/>
      </symbol>
      <symbol id="sm-151">
         <name>TIMG7_IRQHandler</name>
         <value>0x15c9</value>
         <object_component_ref idref="oc-35"/>
      </symbol>
      <symbol id="sm-152">
         <name>TIMG12_IRQHandler</name>
         <value>0x15c9</value>
         <object_component_ref idref="oc-35"/>
      </symbol>
      <symbol id="sm-153">
         <name>I2C0_IRQHandler</name>
         <value>0x15c9</value>
         <object_component_ref idref="oc-35"/>
      </symbol>
      <symbol id="sm-154">
         <name>I2C1_IRQHandler</name>
         <value>0x15c9</value>
         <object_component_ref idref="oc-35"/>
      </symbol>
      <symbol id="sm-155">
         <name>AES_IRQHandler</name>
         <value>0x15c9</value>
         <object_component_ref idref="oc-35"/>
      </symbol>
      <symbol id="sm-156">
         <name>RTC_IRQHandler</name>
         <value>0x15c9</value>
         <object_component_ref idref="oc-35"/>
      </symbol>
      <symbol id="sm-157">
         <name>DMA_IRQHandler</name>
         <value>0x15c9</value>
         <object_component_ref idref="oc-35"/>
      </symbol>
      <symbol id="sm-158">
         <name>__TI_ATRegion0_src_addr</name>
         <value>0x0</value>
      </symbol>
      <symbol id="sm-159">
         <name>__TI_ATRegion0_trg_addr</name>
         <value>0x0</value>
      </symbol>
      <symbol id="sm-15a">
         <name>__TI_ATRegion0_region_sz</name>
         <value>0x0</value>
      </symbol>
      <symbol id="sm-15b">
         <name>__TI_ATRegion1_src_addr</name>
         <value>0x0</value>
      </symbol>
      <symbol id="sm-15c">
         <name>__TI_ATRegion1_trg_addr</name>
         <value>0x0</value>
      </symbol>
      <symbol id="sm-15d">
         <name>__TI_ATRegion1_region_sz</name>
         <value>0x0</value>
      </symbol>
      <symbol id="sm-15e">
         <name>__TI_ATRegion2_src_addr</name>
         <value>0x0</value>
      </symbol>
      <symbol id="sm-15f">
         <name>__TI_ATRegion2_trg_addr</name>
         <value>0x0</value>
      </symbol>
      <symbol id="sm-160">
         <name>__TI_ATRegion2_region_sz</name>
         <value>0x0</value>
      </symbol>
      <symbol id="sm-16a">
         <name>strcmp</name>
         <value>0x1271</value>
         <object_component_ref idref="oc-93"/>
      </symbol>
      <symbol id="sm-175">
         <name>abort</name>
         <value>0x16a9</value>
         <object_component_ref idref="oc-be"/>
      </symbol>
      <symbol id="sm-17f">
         <name>_sys_memory</name>
         <value>0x20200000</value>
         <object_component_ref idref="oc-2f"/>
      </symbol>
      <symbol id="sm-188">
         <name>strcpy</name>
         <value>0x1685</value>
         <object_component_ref idref="oc-9d"/>
      </symbol>
      <symbol id="sm-193">
         <name>_c_int00_noargs</name>
         <value>0x1535</value>
         <object_component_ref idref="oc-52"/>
      </symbol>
      <symbol id="sm-194">
         <name>__stack</name>
         <value>0x20207e00</value>
         <object_component_ref idref="oc-1a"/>
      </symbol>
      <symbol id="sm-1a0">
         <name>__TI_auto_init_nobinit_nopinit</name>
         <value>0x1431</value>
         <object_component_ref idref="oc-c5"/>
      </symbol>
      <symbol id="sm-1a8">
         <name>_system_pre_init</name>
         <value>0x16b3</value>
         <object_component_ref idref="oc-67"/>
      </symbol>
      <symbol id="sm-1b3">
         <name>__TI_zero_init_nomemset</name>
         <value>0x1619</value>
         <object_component_ref idref="oc-49"/>
      </symbol>
      <symbol id="sm-1bc">
         <name>__TI_decompress_none</name>
         <value>0x1641</value>
         <object_component_ref idref="oc-20"/>
      </symbol>
      <symbol id="sm-1c7">
         <name>__TI_decompress_lzss</name>
         <value>0x1375</value>
         <object_component_ref idref="oc-1c"/>
      </symbol>
      <symbol id="sm-1dd">
         <name>HOSTexit</name>
         <value>0x126d</value>
         <object_component_ref idref="oc-11b"/>
      </symbol>
      <symbol id="sm-1de">
         <name>C$$EXIT</name>
         <value>0x126c</value>
         <object_component_ref idref="oc-11b"/>
      </symbol>
      <symbol id="sm-1f4">
         <name>__aeabi_memcpy</name>
         <value>0x16a1</value>
         <object_component_ref idref="oc-42"/>
      </symbol>
      <symbol id="sm-1f5">
         <name>__aeabi_memcpy4</name>
         <value>0x16a1</value>
         <object_component_ref idref="oc-42"/>
      </symbol>
      <symbol id="sm-1f6">
         <name>__aeabi_memcpy8</name>
         <value>0x16a1</value>
         <object_component_ref idref="oc-42"/>
      </symbol>
      <symbol id="sm-1fc">
         <name>__aeabi_uidiv</name>
         <value>0x13f1</value>
         <object_component_ref idref="oc-f0"/>
      </symbol>
      <symbol id="sm-1fd">
         <name>__aeabi_uidivmod</name>
         <value>0x13f1</value>
         <object_component_ref idref="oc-f0"/>
      </symbol>
      <symbol id="sm-208">
         <name>__aeabi_idiv0</name>
         <value>0x14db</value>
         <object_component_ref idref="oc-12d"/>
      </symbol>
      <symbol id="sm-212">
         <name>TI_memcpy_small</name>
         <value>0x162f</value>
         <object_component_ref idref="oc-7a"/>
      </symbol>
      <symbol id="sm-213">
         <name>__TI_static_base__</name>
         <value>0x0</value>
      </symbol>
      <symbol id="sm-216">
         <name>__mpu_init</name>
         <value>0x0</value>
      </symbol>
      <symbol id="sm-217">
         <name>_system_post_cinit</name>
         <value>0x0</value>
      </symbol>
   </symbol_table>
   <title>Link successful</title>
</link_info>
