******************************************************************************
            TI ARM Clang Linker PC v4.0.4                      
******************************************************************************
>> Linked Thu Mar 12 15:52:31 2026

OUTPUT FILE NAME:   <ST7735R.out>
ENTRY POINT SYMBOL: "_c_int00_noargs"  address: 00000ce1


MEMORY CONFIGURATION

         name            origin    length      used     unused   attr    fill
----------------------  --------  ---------  --------  --------  ----  --------
  FLASH                 00000000   00020000  00000f98  0001f068  R  X
  SRAM                  20200000   00008000  00000415  00007beb  RW X
  BCR_CONFIG            41c00000   00000080  00000000  00000080  R   
  BSL_CONFIG            41c00100   00000080  00000000  00000080  R   


SEGMENT ALLOCATION MAP

run origin  load origin   length   init length attrs members
----------  ----------- ---------- ----------- ----- -------
00000000    00000000    00000f98   00000f98    r-x
  00000000    00000000    000000c0   000000c0    r-- .intvecs
  000000c0    000000c0    00000d08   00000d08    r-x .text
  00000dc8    00000dc8    00000198   00000198    r-- .rodata
  00000f60    00000f60    00000038   00000038    r-- .cinit
20200000    20200000    00000215   00000000    rw-
  20200000    20200000    00000200   00000000    rw- .sysmem
  20200200    20200200    00000012   00000000    rw- .data
  20200212    20200212    00000003   00000000    rw- .bss
20207e00    20207e00    00000200   00000000    rw-
  20207e00    20207e00    00000200   00000000    rw- .stack


SECTION ALLOCATION MAP

 output                                  attributes/
section   page    origin      length       input sections
--------  ----  ----------  ----------   ----------------
.intvecs   0    00000000    000000c0     
                  00000000    000000c0     startup_mspm0g3507_ticlang.o (.intvecs)

.text      0    000000c0    00000d08     
                  000000c0    00000210     ST7735.o (.text.ST7735_DrawBitmap)
                  000002d0    000001b4     Clock.o (.text.Clock_Init80MHz)
                  00000484    00000130     ST7735Rtestmain.o (.text.main)
                  000005b4    00000118     ST7735.o (.text.ST7735_FillRect)
                  000006cc    000000f8     SPI.o (.text.SPI_Init)
                  000007c4    000000a2     ST7735.o (.text.commandList)
                  00000866    00000002     libclang_rt.builtins.a : aeabi_div0.c.obj (.text.__aeabi_idiv0)
                  00000868    00000098     ST7735.o (.text.ST7735_InitR)
                  00000900    00000088     ST7735.o (.text.setAddrWindow)
                  00000988    0000007c     LaunchPad.o (.text.LaunchPad_Init)
                  00000a04    0000007c     libc.a : copy_decompress_lzss.c.obj (.text:decompress:lzss)
                  00000a80    00000048     SPI.o (.text.SPI_OutCommand)
                  00000ac8    00000040     SPI.o (.text.SPI_Reset)
                  00000b08    00000040     libclang_rt.builtins.a : aeabi_uidivmod.S.obj (.text.__aeabi_uidivmod)
                  00000b48    0000003c     libc.a : autoinit.c.obj (.text:__TI_auto_init_nobinit_nopinit)
                  00000b84    00000038     LaunchPad.o (.text.ActivatePortA_B)
                  00000bbc    00000038     SPI.o (.text.SPI_OutData)
                  00000bf4    00000034     Clock.o (.text.Clock_Delay1ms)
                  00000c28    00000034     ST7735.o (.text.ST7735_SetCursor)
                  00000c5c    00000030     ST7735.o (.text.commonInit)
                  00000c8c    0000002c     ST7735.o (.text.ST7735_FillScreen)
                  00000cb8    00000028     ST7735Rtestmain.o (.text.DrawEnemy2)
                  00000ce0    00000028     libc.a : boot_cortex_m.c.obj (.text:_c_int00_noargs)
                  00000d08    0000001c     startup_mspm0g3507_ticlang.o (.text.Default_Handler)
                  00000d24    0000001c     startup_mspm0g3507_ticlang.o (.text.HardFault_Handler)
                  00000d40    00000016     libc.a : copy_zero_init.c.obj (.text:decompress:ZI:__TI_zero_init_nomemset)
                  00000d56    00000012            : memcpy16.S.obj (.text:TI_memcpy_small)
                  00000d68    00000012            : copy_decompress_none.c.obj (.text:decompress:none)
                  00000d7a    00000010     Clock.o (.text.Clock_Delay)
                  00000d8a    00000010     LaunchPad.o (.text.Delay)
                  00000d9a    00000002     --HOLE-- [fill = 0]
                  00000d9c    0000000c     Clock.o (.text.Clock_Freq)
                  00000da8    00000008     libclang_rt.builtins.a : aeabi_memcpy.S.obj (.text.__aeabi_memcpy)
                  00000db0    00000006     libc.a : exit.c.obj (.text:abort)
                  00000db6    00000004     libsysbm.a : hostexit.c.obj (.text.HOSTexit)
                  00000dba    00000004     startup_mspm0g3507_ticlang.o (.text.Reset_Handler)
                  00000dbe    00000004     libc.a : pre_init.c.obj (.text._system_pre_init)
                  00000dc2    00000006     --HOLE-- [fill = 0]

.cinit     0    00000f60    00000038     
                  00000f60    00000012     (.cinit..data.load) [load image, compression = lzss]
                  00000f72    00000002     --HOLE-- [fill = 0]
                  00000f74    0000000c     (__TI_handler_table)
                  00000f80    00000008     (.cinit..bss.load) [load image, compression = zero_init]
                  00000f88    00000010     (__TI_cinit_table)

.rodata    0    00000dc8    00000198     
                  00000dc8    00000118     ST7735Rtestmain.o (.rodata.Enemy2)
                  00000ee0    0000003b     ST7735.o (.rodata.Rcmd1)
                  00000f1b    0000002b     ST7735.o (.rodata.Rcmd3)
                  00000f46    0000000d     ST7735.o (.rodata.Rcmd2green)
                  00000f53    0000000d     ST7735.o (.rodata.Rcmd2red)

.init_array 
*          0    00000000    00000000     UNINITIALIZED

.binit     0    00000000    00000000     

.sysmem    0    20200000    00000200     UNINITIALIZED
                  20200000    00000010     libc.a : memory.c.obj (.sysmem)
                  20200010    000001f0     --HOLE--

.data      0    20200200    00000012     UNINITIALIZED
                  20200200    00000004     Clock.o (.data.BusFreq)
                  20200204    00000004     ST7735.o (.data.StX)
                  20200208    00000004     ST7735.o (.data.StY)
                  2020020c    00000002     ST7735.o (.data.StTextColor)
                  2020020e    00000002     ST7735.o (.data._height)
                  20200210    00000002     ST7735.o (.data._width)

.bss       0    20200212    00000003     UNINITIALIZED
                  20200212    00000001     ST7735.o (.bss.ColStart)
                  20200213    00000001     ST7735.o (.bss.RowStart)
                  20200214    00000001     ST7735.o (.bss.TabColor)

.stack     0    20207e00    00000200     UNINITIALIZED
                  20207e00    00000004     libc.a : boot_cortex_m.c.obj (.stack)
                  20207e04    000001fc     --HOLE--

__llvm_prf_cnts 
*          0    20200000    00000000     UNINITIALIZED

__llvm_prf_bits 
*          0    20200000    00000000     UNINITIALIZED

MODULE SUMMARY

       Module                         code   ro data   rw data
       ------                         ----   -------   -------
    .\
       ST7735.o                       1402   128       17     
       ST7735Rtestmain.o              344    280       0      
       Clock.o                        516    0         4      
       SPI.o                          440    0         0      
       LaunchPad.o                    196    0         0      
    +--+------------------------------+------+---------+---------+
       Total:                         2898   408       21     
                                                              
    .\ticlang\
       startup_mspm0g3507_ticlang.o   60     192       0      
    +--+------------------------------+------+---------+---------+
       Total:                         60     192       0      
                                                              
    C:\TI\ccs2040\ccs\tools\compiler\ti-cgt-armllvm_4.0.4.LTS\lib\armv6m-ti-none-eabi/c/libc.a
       copy_decompress_lzss.c.obj     124    0         0      
       autoinit.c.obj                 60     0         0      
       boot_cortex_m.c.obj            40     0         0      
       copy_zero_init.c.obj           22     0         0      
       copy_decompress_none.c.obj     18     0         0      
       memcpy16.S.obj                 18     0         0      
       exit.c.obj                     6      0         0      
       pre_init.c.obj                 4      0         0      
    +--+------------------------------+------+---------+---------+
       Total:                         292    0         0      
                                                              
    C:\TI\ccs2040\ccs\tools\compiler\ti-cgt-armllvm_4.0.4.LTS\lib\armv6m-ti-none-eabi/c/libsysbm.a
       hostexit.c.obj                 4      0         0      
    +--+------------------------------+------+---------+---------+
       Total:                         4      0         0      
                                                              
    C:\TI\ccs2040\ccs\tools\compiler\ti-cgt-armllvm_4.0.4.LTS\lib\armv6m-ti-none-eabi/libclang_rt.builtins.a
       aeabi_uidivmod.S.obj           64     0         0      
       aeabi_memcpy.S.obj             8      0         0      
       aeabi_div0.c.obj               2      0         0      
    +--+------------------------------+------+---------+---------+
       Total:                         74     0         0      
                                                              
       Heap:                          0      0         512    
       Stack:                         0      0         512    
       Linker Generated:              0      54        0      
    +--+------------------------------+------+---------+---------+
       Grand Total:                   3328   654       1045   


LINKER GENERATED COPY TABLES

__TI_cinit_table @ 00000f88 records: 2, size/record: 8, table size: 16
	.data: load addr=00000f60, load size=00000012 bytes, run addr=20200200, run size=00000012 bytes, compression=lzss
	.bss: load addr=00000f80, load size=00000008 bytes, run addr=20200212, run size=00000003 bytes, compression=zero_init


LINKER GENERATED HANDLER TABLE

__TI_handler_table @ 00000f74 records: 3, size/record: 4, table size: 12
	index: 0, handler: __TI_decompress_lzss
	index: 1, handler: __TI_decompress_none
	index: 2, handler: __TI_zero_init


GLOBAL SYMBOLS: SORTED ALPHABETICALLY BY Name 

address   name                          
-------   ----                          
00000d09  ADC0_IRQHandler               
00000d09  ADC1_IRQHandler               
00000d09  AES_IRQHandler                
00000b85  ActivatePortA_B               
20200200  BusFreq                       
00000db6  C$$EXIT                       
00000d09  CANFD0_IRQHandler             
00000d7b  Clock_Delay                   
00000bf5  Clock_Delay1ms                
00000d9d  Clock_Freq                    
000002d1  Clock_Init80MHz               
00000d09  DAC0_IRQHandler               
00000d09  DMA_IRQHandler                
00000d09  Default_Handler               
00000d8b  Delay                         
00000cb9  DrawEnemy2                    
00000dc8  Enemy2                        
00000d09  GROUP0_IRQHandler             
00000d09  GROUP1_IRQHandler             
00000db7  HOSTexit                      
00000d25  HardFault_Handler             
00000d09  I2C0_IRQHandler               
00000d09  I2C1_IRQHandler               
00000989  LaunchPad_Init                
00000d09  NMI_Handler                   
00000d09  PendSV_Handler                
00000d09  RTC_IRQHandler                
00000dbb  Reset_Handler                 
00000d09  SPI0_IRQHandler               
00000d09  SPI1_IRQHandler               
000006cd  SPI_Init                      
00000a81  SPI_OutCommand                
00000bbd  SPI_OutData                   
00000ac9  SPI_Reset                     
000000c1  ST7735_DrawBitmap             
000005b5  ST7735_FillRect               
00000c8d  ST7735_FillScreen             
00000869  ST7735_InitR                  
00000c29  ST7735_SetCursor              
00000d09  SVC_Handler                   
2020020c  StTextColor                   
20200204  StX                           
20200208  StY                           
00000d09  SysTick_Handler               
00000d09  TIMA0_IRQHandler              
00000d09  TIMA1_IRQHandler              
00000d09  TIMG0_IRQHandler              
00000d09  TIMG12_IRQHandler             
00000d09  TIMG6_IRQHandler              
00000d09  TIMG7_IRQHandler              
00000d09  TIMG8_IRQHandler              
00000d57  TI_memcpy_small               
00000d09  UART0_IRQHandler              
00000d09  UART1_IRQHandler              
00000d09  UART2_IRQHandler              
00000d09  UART3_IRQHandler              
20208000  __STACK_END                   
00000200  __STACK_SIZE                  
00000200  __SYSMEM_SIZE                 
00000000  __TI_ATRegion0_region_sz      
00000000  __TI_ATRegion0_src_addr       
00000000  __TI_ATRegion0_trg_addr       
00000000  __TI_ATRegion1_region_sz      
00000000  __TI_ATRegion1_src_addr       
00000000  __TI_ATRegion1_trg_addr       
00000000  __TI_ATRegion2_region_sz      
00000000  __TI_ATRegion2_src_addr       
00000000  __TI_ATRegion2_trg_addr       
00000f88  __TI_CINIT_Base               
00000f98  __TI_CINIT_Limit              
00000f98  __TI_CINIT_Warm               
00000f74  __TI_Handler_Table_Base       
00000f80  __TI_Handler_Table_Limit      
00000b49  __TI_auto_init_nobinit_nopinit
00000a05  __TI_decompress_lzss          
00000d69  __TI_decompress_none          
ffffffff  __TI_pprof_out_hndl           
ffffffff  __TI_prof_data_size           
ffffffff  __TI_prof_data_start          
00000000  __TI_static_base__            
00000d41  __TI_zero_init_nomemset       
00000867  __aeabi_idiv0                 
00000da9  __aeabi_memcpy                
00000da9  __aeabi_memcpy4               
00000da9  __aeabi_memcpy8               
00000b09  __aeabi_uidiv                 
00000b09  __aeabi_uidivmod              
ffffffff  __binit__                     
UNDEFED   __mpu_init                    
20207e00  __stack                       
20200000  __start___llvm_prf_bits       
20200000  __start___llvm_prf_cnts       
20200000  __stop___llvm_prf_bits        
20200000  __stop___llvm_prf_cnts        
00000ce1  _c_int00_noargs               
20200000  _sys_memory                   
UNDEFED   _system_post_cinit            
00000dbf  _system_pre_init              
00000db1  abort                         
ffffffff  binit                         
00000000  interruptVectors              
00000485  main                          


GLOBAL SYMBOLS: SORTED BY Symbol Address 

address   name                          
-------   ----                          
00000000  __TI_ATRegion0_region_sz      
00000000  __TI_ATRegion0_src_addr       
00000000  __TI_ATRegion0_trg_addr       
00000000  __TI_ATRegion1_region_sz      
00000000  __TI_ATRegion1_src_addr       
00000000  __TI_ATRegion1_trg_addr       
00000000  __TI_ATRegion2_region_sz      
00000000  __TI_ATRegion2_src_addr       
00000000  __TI_ATRegion2_trg_addr       
00000000  __TI_static_base__            
00000000  interruptVectors              
000000c1  ST7735_DrawBitmap             
00000200  __STACK_SIZE                  
00000200  __SYSMEM_SIZE                 
000002d1  Clock_Init80MHz               
00000485  main                          
000005b5  ST7735_FillRect               
000006cd  SPI_Init                      
00000867  __aeabi_idiv0                 
00000869  ST7735_InitR                  
00000989  LaunchPad_Init                
00000a05  __TI_decompress_lzss          
00000a81  SPI_OutCommand                
00000ac9  SPI_Reset                     
00000b09  __aeabi_uidiv                 
00000b09  __aeabi_uidivmod              
00000b49  __TI_auto_init_nobinit_nopinit
00000b85  ActivatePortA_B               
00000bbd  SPI_OutData                   
00000bf5  Clock_Delay1ms                
00000c29  ST7735_SetCursor              
00000c8d  ST7735_FillScreen             
00000cb9  DrawEnemy2                    
00000ce1  _c_int00_noargs               
00000d09  ADC0_IRQHandler               
00000d09  ADC1_IRQHandler               
00000d09  AES_IRQHandler                
00000d09  CANFD0_IRQHandler             
00000d09  DAC0_IRQHandler               
00000d09  DMA_IRQHandler                
00000d09  Default_Handler               
00000d09  GROUP0_IRQHandler             
00000d09  GROUP1_IRQHandler             
00000d09  I2C0_IRQHandler               
00000d09  I2C1_IRQHandler               
00000d09  NMI_Handler                   
00000d09  PendSV_Handler                
00000d09  RTC_IRQHandler                
00000d09  SPI0_IRQHandler               
00000d09  SPI1_IRQHandler               
00000d09  SVC_Handler                   
00000d09  SysTick_Handler               
00000d09  TIMA0_IRQHandler              
00000d09  TIMA1_IRQHandler              
00000d09  TIMG0_IRQHandler              
00000d09  TIMG12_IRQHandler             
00000d09  TIMG6_IRQHandler              
00000d09  TIMG7_IRQHandler              
00000d09  TIMG8_IRQHandler              
00000d09  UART0_IRQHandler              
00000d09  UART1_IRQHandler              
00000d09  UART2_IRQHandler              
00000d09  UART3_IRQHandler              
00000d25  HardFault_Handler             
00000d41  __TI_zero_init_nomemset       
00000d57  TI_memcpy_small               
00000d69  __TI_decompress_none          
00000d7b  Clock_Delay                   
00000d8b  Delay                         
00000d9d  Clock_Freq                    
00000da9  __aeabi_memcpy                
00000da9  __aeabi_memcpy4               
00000da9  __aeabi_memcpy8               
00000db1  abort                         
00000db6  C$$EXIT                       
00000db7  HOSTexit                      
00000dbb  Reset_Handler                 
00000dbf  _system_pre_init              
00000dc8  Enemy2                        
00000f74  __TI_Handler_Table_Base       
00000f80  __TI_Handler_Table_Limit      
00000f88  __TI_CINIT_Base               
00000f98  __TI_CINIT_Limit              
00000f98  __TI_CINIT_Warm               
20200000  __start___llvm_prf_bits       
20200000  __start___llvm_prf_cnts       
20200000  __stop___llvm_prf_bits        
20200000  __stop___llvm_prf_cnts        
20200000  _sys_memory                   
20200200  BusFreq                       
20200204  StX                           
20200208  StY                           
2020020c  StTextColor                   
20207e00  __stack                       
20208000  __STACK_END                   
ffffffff  __TI_pprof_out_hndl           
ffffffff  __TI_prof_data_size           
ffffffff  __TI_prof_data_start          
ffffffff  __binit__                     
ffffffff  binit                         
UNDEFED   __mpu_init                    
UNDEFED   _system_post_cinit            

[102 symbols]
